12-17 17:32:49.689 10013 10013 E improveTouch: [TouchServer:83] delete event injector
12-17 17:32:49.689 10013 10013 E improveTouch: [TouchServer:87] delete config management
12-17 17:32:49.689 10013 10013 E improveTouch: [TouchServer:90] fail to start daemon
12-17 17:32:49.689 10013 10013 E improveTouch: [Main:169] fail to initiate touch server
12-17 17:32:51.062  2315  3579 V LogFlusher: Reporting 4 traces
12-17 17:32:51.072  2315  3579 I StripeTerminal: class=CrpcClient message="GatorService.reportTrace request=null"
12-17 17:32:51.450  2315  3579 I StripeTerminal: class=CrpcClient message="GatorService.reportTrace response={}"
12-17 17:32:51.450  2315  3579 V LogFlusher: Sent 4 traces
12-17 17:32:51.450  2315  3579 V LogFlusher: Reporting 4 events
12-17 17:32:51.454  2315  3579 I StripeTerminal: class=CrpcClient message="GatorService.reportEvent request=null"
12-17 17:32:51.645  2315  3579 I StripeTerminal: class=CrpcClient message="GatorService.reportEvent response={}"
12-17 17:32:51.645  2315  3579 V LogFlusher: Sent 4 events
12-17 17:32:42.837  1280  2787 D ActivityManager: set woyou.aidlservice.jiuiv5 adj -900
12-17 17:32:52.858  1280  1301 D ActivityManager: set woyou.aidlservice.jiuiv5 adj -900
12-17 17:32:54.644 10021 10021 D improveTouch: [Main:158] Start touch daemon
12-17 17:32:54.645 10021 10021 E improveTouch: [ConfigManager:234] /sys/devices/soc0/chip_name doesn't exist
12-17 17:32:54.645 10021 10021 D improveTouch: [ConfigManager:501] loader file is available. loading it...
12-17 17:32:54.646 10021 10021 D improveTouch: [ConfigManager:405] no custom ID defined
12-17 17:32:54.646 10021 10021 D improveTouch: [ConfigManager:428] GetPktStatus: E
12-17 17:32:54.646 10021 10021 E improveTouch: [ConfigManager:444] can't open /data/vendor/hbtp/pkt_play
12-17 17:32:54.646 10021 10021 D improveTouch: [ConfigManager:448] GetPktStatus: X
12-17 17:32:54.646 10021 10021 I improveTouch: [ConfigManager:546] Data Dir = /data/vendor/hbtp
12-17 17:32:54.646 10021 10021 I improveTouch: [ConfigManager:547] Main Config Dir = /vendor/etc/hbtp
12-17 17:32:54.646 10021 10021 I improveTouch: [ConfigManager:551] ConfigFile = /vendor/etc/hbtp/hbtpcfg_sdm660_800s_qhd.dat
12-17 17:32:54.646 10021 10021 I improveTouch: [ConfigManager:554] UTFLib = libFastRPC_UTF_Forward_skel.so
12-17 17:32:54.646 10021 10021 I improveTouch: [ConfigManager:557] AFEFW = /vendor/etc/hbtp/qtc800s_dsp.bin
12-17 17:32:54.646 10021 10021 I improveTouch: [ConfigManager:560] DSP = adsp
12-17 17:32:54.646 10021 10021 D improveTouch: [TouchController:415] init: E
12-17 17:32:54.646 10021 10021 D improveTouch: [ConfigManager:583] start loading config
12-17 17:32:54.692 10021 10021 D improveTouch: [ConfigManager:675] finished loading config
12-17 17:32:54.693 10021 10021 D improveTouch: [TouchController:454] Power Control Config doesn't exist
12-17 17:32:54.693 10021 10021 D improveTouch: [TouchController:462] Power Sync Option doesn't exist
12-17 17:32:54.693 10021 10021 D improveTouch: [TouchController:464] PowerManager Option = 0
12-17 17:32:54.693 10021 10021 E improveTouch: [InputDevice:61] InputDevice: pixelX: min = 0, max = 1440 pixelY: min = 0, max = 2560
12-17 17:32:54.693 10021 10021 E improveTouch: [InputDevice:65] Unable to open /dev/hbtp_input
12-17 17:32:54.693 10021 10021 E improveTouch: [TouchController:490] Error initializing input device: Error opening file
12-17 17:32:54.693 10021 10021 D improveTouch: [TouchController:1136] CommandExecutor::exit: thread is running, kill it first
12-17 17:32:54.693 10021 10022 D improveTouch: [TouchController:1186] runLoop exits
12-17 17:32:54.693 10021 10021 E improveTouch: [TouchController:522] init failed, ret = 1073741825
12-17 17:32:54.693 10021 10021 E improveTouch: [TouchServer:59] fail to init TouchController: Error opening file
12-17 17:32:54.693 10021 10021 E improveTouch: [TouchServer:69] error happened, clean-up resource and exit
12-17 17:32:54.693 10021 10021 E improveTouch: [TouchServer:71] delete event monitor
12-17 17:32:54.693 10021 10021 E improveTouch: [TouchServer:75] delete controller
12-17 17:32:54.693 10021 10021 E improveTouch: [TouchServer:79] delete touch processor
12-17 17:32:54.693 10021 10021 D improveTouch: [DSPTouchProcessor:807] deInit: E
12-17 17:32:54.693 10021 10021 E improveTouch: [DSPTouchProcessor:823] deInit: invalid state (current = 0)
12-17 17:32:54.693 10021 10021 D improveTouch: [DSPTouchProcessor:827] deInit: X pa_utf_ret = 1, ret = 1073741835
12-17 17:32:54.693 10021 10021 E improveTouch: [TouchServer:83] delete event injector
12-17 17:32:54.693 10021 10021 E improveTouch: [TouchServer:87] delete config management
12-17 17:32:54.694 10021 10021 E improveTouch: [TouchServer:90] fail to start daemon
12-17 17:32:54.694 10021 10021 E improveTouch: [Main:169] fail to initiate touch server
12-17 17:32:58.286  1280  1302 D ActivityManager: set woyou.aidlservice.jiuiv5 adj -900
12-17 17:32:58.286  1280  1302 D CompatibilityInfo: mCompatibilityFlags - 4
12-17 17:32:58.286  1280  1302 D CompatibilityInfo: applicationDensity - 230
12-17 17:32:58.286  1280  1302 D CompatibilityInfo: applicationScale - 1.0
12-17 17:32:58.289  1280  2040 D ActivityManager: set woyou.aidlservice.jiuiv5 adj -900
12-17 17:32:59.646 10028 10028 D improveTouch: [Main:158] Start touch daemon
12-17 17:32:59.646 10028 10028 E improveTouch: [ConfigManager:234] /sys/devices/soc0/chip_name doesn't exist
12-17 17:32:59.646 10028 10028 D improveTouch: [ConfigManager:501] loader file is available. loading it...
12-17 17:32:59.647 10028 10028 D improveTouch: [ConfigManager:405] no custom ID defined
12-17 17:32:59.647 10028 10028 D improveTouch: [ConfigManager:428] GetPktStatus: E
12-17 17:32:59.647 10028 10028 E improveTouch: [ConfigManager:444] can't open /data/vendor/hbtp/pkt_play
12-17 17:32:59.647 10028 10028 D improveTouch: [ConfigManager:448] GetPktStatus: X
12-17 17:32:59.647 10028 10028 I improveTouch: [ConfigManager:546] Data Dir = /data/vendor/hbtp
12-17 17:32:59.647 10028 10028 I improveTouch: [ConfigManager:547] Main Config Dir = /vendor/etc/hbtp
12-17 17:32:59.647 10028 10028 I improveTouch: [ConfigManager:551] ConfigFile = /vendor/etc/hbtp/hbtpcfg_sdm660_800s_qhd.dat
12-17 17:32:59.647 10028 10028 I improveTouch: [ConfigManager:554] UTFLib = libFastRPC_UTF_Forward_skel.so
12-17 17:32:59.647 10028 10028 I improveTouch: [ConfigManager:557] AFEFW = /vendor/etc/hbtp/qtc800s_dsp.bin
12-17 17:32:59.647 10028 10028 I improveTouch: [ConfigManager:560] DSP = adsp
12-17 17:32:59.648 10028 10028 D improveTouch: [TouchController:415] init: E
12-17 17:32:59.648 10028 10028 D improveTouch: [ConfigManager:583] start loading config
12-17 17:32:59.694 10028 10028 D improveTouch: [ConfigManager:675] finished loading config
12-17 17:32:59.695 10028 10028 D improveTouch: [TouchController:454] Power Control Config doesn't exist
12-17 17:32:59.695 10028 10028 D improveTouch: [TouchController:462] Power Sync Option doesn't exist
12-17 17:32:59.695 10028 10028 D improveTouch: [TouchController:464] PowerManager Option = 0
12-17 17:32:59.695 10028 10028 E improveTouch: [InputDevice:61] InputDevice: pixelX: min = 0, max = 1440 pixelY: min = 0, max = 2560
12-17 17:32:59.695 10028 10028 E improveTouch: [InputDevice:65] Unable to open /dev/hbtp_input
12-17 17:32:59.695 10028 10028 E improveTouch: [TouchController:490] Error initializing input device: Error opening file
12-17 17:32:59.695 10028 10028 D improveTouch: [TouchController:1136] CommandExecutor::exit: thread is running, kill it first
12-17 17:32:59.695 10028 10029 D improveTouch: [TouchController:1186] runLoop exits
12-17 17:32:59.695 10028 10028 E improveTouch: [TouchController:522] init failed, ret = 1073741825
12-17 17:32:59.695 10028 10028 E improveTouch: [TouchServer:59] fail to init TouchController: Error opening file
12-17 17:32:59.695 10028 10028 E improveTouch: [TouchServer:69] error happened, clean-up resource and exit
12-17 17:32:59.695 10028 10028 E improveTouch: [TouchServer:71] delete event monitor
12-17 17:32:59.695 10028 10028 E improveTouch: [TouchServer:75] delete controller
12-17 17:32:59.695 10028 10028 E improveTouch: [TouchServer:79] delete touch processor
12-17 17:32:59.695 10028 10028 D improveTouch: [DSPTouchProcessor:807] deInit: E
12-17 17:32:59.695 10028 10028 E improveTouch: [DSPTouchProcessor:823] deInit: invalid state (current = 0)
12-17 17:32:59.695 10028 10028 D improveTouch: [DSPTouchProcessor:827] deInit: X pa_utf_ret = 1, ret = 1073741835
12-17 17:32:59.695 10028 10028 E improveTouch: [TouchServer:83] delete event injector
12-17 17:32:59.695 10028 10028 E improveTouch: [TouchServer:87] delete config management
12-17 17:32:59.696 10028 10028 E improveTouch: [TouchServer:90] fail to start daemon
12-17 17:32:59.696 10028 10028 E improveTouch: [Main:169] fail to initiate touch server
12-17 17:33:00.000  1457  1457 D KeyguardUpdateMonitor: received broadcast android.intent.action.TIME_TICK
12-17 17:33:00.000  1457  1457 D KeyguardUpdateMonitor: handleTimeUpdate
12-17 17:32:58.289  1280  2040 D ActivityManager: set woyou.aidlservice.jiuiv5 adj -900
12-17 17:33:00.000  1280  1280 D ActivityManager: set woyou.aidlservice.jiuiv5 adj -900
12-17 17:33:00.001  1280  2416 D ActivityManager: set woyou.aidlservice.jiuiv5 adj -900
12-17 17:33:00.062   677   677 W SDM     : HWPrimary::PopulateDisplayAttributes: Driver doesn't report panel physical width and height - defaulting to 320dpi
12-17 17:33:00.063   894   894 I ConfigStore: android::hardware::configstore::V1_0::ISurfaceFlingerConfigs::hasHDRDisplay retrieved: 0
12-17 17:33:00.080   894   894 I chatty  : uid=1000(system) /system/bin/surfaceflinger identical 6 lines
12-17 17:33:00.080   894   894 I ConfigStore: android::hardware::configstore::V1_0::ISurfaceFlingerConfigs::hasHDRDisplay retrieved: 0
12-17 17:33:04.652 10035 10035 D improveTouch: [Main:158] Start touch daemon
12-17 17:33:04.652 10035 10035 E improveTouch: [ConfigManager:234] /sys/devices/soc0/chip_name doesn't exist
12-17 17:33:04.652 10035 10035 D improveTouch: [ConfigManager:501] loader file is available. loading it...
12-17 17:33:04.653 10035 10035 D improveTouch: [ConfigManager:405] no custom ID defined
12-17 17:33:04.653 10035 10035 D improveTouch: [ConfigManager:428] GetPktStatus: E
12-17 17:33:04.653 10035 10035 E improveTouch: [ConfigManager:444] can't open /data/vendor/hbtp/pkt_play
12-17 17:33:04.653 10035 10035 D improveTouch: [ConfigManager:448] GetPktStatus: X
12-17 17:33:04.653 10035 10035 I improveTouch: [ConfigManager:546] Data Dir = /data/vendor/hbtp
12-17 17:33:04.653 10035 10035 I improveTouch: [ConfigManager:547] Main Config Dir = /vendor/etc/hbtp
12-17 17:33:04.653 10035 10035 I improveTouch: [ConfigManager:551] ConfigFile = /vendor/etc/hbtp/hbtpcfg_sdm660_800s_qhd.dat
12-17 17:33:04.653 10035 10035 I improveTouch: [ConfigManager:554] UTFLib = libFastRPC_UTF_Forward_skel.so
12-17 17:33:04.653 10035 10035 I improveTouch: [ConfigManager:557] AFEFW = /vendor/etc/hbtp/qtc800s_dsp.bin
12-17 17:33:04.653 10035 10035 I improveTouch: [ConfigManager:560] DSP = adsp
12-17 17:33:04.654 10035 10035 D improveTouch: [TouchController:415] init: E
12-17 17:33:04.654 10035 10035 D improveTouch: [ConfigManager:583] start loading config
12-17 17:33:04.698 10035 10035 D improveTouch: [ConfigManager:675] finished loading config
12-17 17:33:04.700 10035 10035 D improveTouch: [TouchController:454] Power Control Config doesn't exist
12-17 17:33:04.700 10035 10035 D improveTouch: [TouchController:462] Power Sync Option doesn't exist
12-17 17:33:04.700 10035 10035 D improveTouch: [TouchController:464] PowerManager Option = 0
12-17 17:33:04.700 10035 10035 E improveTouch: [InputDevice:61] InputDevice: pixelX: min = 0, max = 1440 pixelY: min = 0, max = 2560
12-17 17:33:04.700 10035 10035 E improveTouch: [InputDevice:65] Unable to open /dev/hbtp_input
12-17 17:33:04.700 10035 10035 E improveTouch: [TouchController:490] Error initializing input device: Error opening file
12-17 17:33:04.700 10035 10035 D improveTouch: [TouchController:1136] CommandExecutor::exit: thread is running, kill it first
12-17 17:33:04.700 10035 10036 D improveTouch: [TouchController:1186] runLoop exits
12-17 17:33:04.700 10035 10035 E improveTouch: [TouchController:522] init failed, ret = 1073741825
12-17 17:33:04.700 10035 10035 E improveTouch: [TouchServer:59] fail to init TouchController: Error opening file
12-17 17:33:04.700 10035 10035 E improveTouch: [TouchServer:69] error happened, clean-up resource and exit
12-17 17:33:04.700 10035 10035 E improveTouch: [TouchServer:71] delete event monitor
12-17 17:33:04.700 10035 10035 E improveTouch: [TouchServer:75] delete controller
12-17 17:33:04.700 10035 10035 E improveTouch: [TouchServer:79] delete touch processor
12-17 17:33:04.700 10035 10035 D improveTouch: [DSPTouchProcessor:807] deInit: E
12-17 17:33:04.700 10035 10035 E improveTouch: [DSPTouchProcessor:823] deInit: invalid state (current = 0)
12-17 17:33:04.700 10035 10035 D improveTouch: [DSPTouchProcessor:827] deInit: X pa_utf_ret = 1, ret = 1073741835
12-17 17:33:04.700 10035 10035 E improveTouch: [TouchServer:83] delete event injector
12-17 17:33:04.700 10035 10035 E improveTouch: [TouchServer:87] delete config management
12-17 17:33:04.700 10035 10035 E improveTouch: [TouchServer:90] fail to start daemon
12-17 17:33:04.700 10035 10035 E improveTouch: [Main:169] fail to initiate touch server
12-17 17:33:05.000  1457  1457 D KeyguardUpdateMonitor: received broadcast android.intent.action.TIME_TICK
12-17 17:33:05.000  1457  1457 D KeyguardUpdateMonitor: handleTimeUpdate
12-17 17:33:00.037  1280  2416 I chatty  : uid=1000(system) Binder:1280_E identical 16 lines
12-17 17:33:00.038  1280  2416 D ActivityManager: set woyou.aidlservice.jiuiv5 adj -900
12-17 17:33:05.000  1280  1280 D ActivityManager: set woyou.aidlservice.jiuiv5 adj -900
12-17 17:33:05.001  1280  2416 D ActivityManager: set woyou.aidlservice.jiuiv5 adj -900
12-17 17:33:05.063   894   894 I ConfigStore: android::hardware::configstore::V1_0::ISurfaceFlingerConfigs::hasHDRDisplay retrieved: 0
12-17 17:33:05.080   894   894 I chatty  : uid=1000(system) /system/bin/surfaceflinger identical 6 lines
12-17 17:33:05.080   894   894 I ConfigStore: android::hardware::configstore::V1_0::ISurfaceFlingerConfigs::hasHDRDisplay retrieved: 0
12-17 17:33:07.832  1280  1368 D InputReader: cookPointerData send XY mXScale: 0.999479  mYScale: 0.999075 displayId: 0
12-17 17:33:07.832  1280  1368 D InputReader: cookPointerData send XY X: 1074.440430  Y: 645.402405 displayId: 0
12-17 17:33:07.832  1280  1368 D InputDispatcher: xiangrong notifyMotion isFound 0 0
12-17 17:33:07.845  1280  1368 D InputReader: cookPointerData send XY mXScale: 0.999479  mYScale: 0.999075 displayId: 0
12-17 17:33:07.845  1280  1368 D InputReader: cookPointerData send XY X: 1073.440918  Y: 644.403320 displayId: 0
12-17 17:33:07.845  1280  1368 D InputDispatcher: xiangrong notifyMotion isFound 0 0
12-17 17:33:07.926  1280  1368 D InputDispatcher: xiangrong notifyMotion isFound 0 0
12-17 17:33:07.946  1280  2416 D ActivityTrigger: ActivityTrigger activityPauseTrigger 
12-17 17:33:05.037  1280  2416 I chatty  : uid=1000(system) Binder:1280_E identical 16 lines
12-17 17:33:05.038  1280  2416 D ActivityManager: set woyou.aidlservice.jiuiv5 adj -900
12-17 17:33:07.947  1280  2040 D SuperPowerApp: 1041 not found
12-17 17:33:07.947  1280  2787 D SuperPowerApp: 1041 not found
12-17 17:33:07.948  1280  2040 D SuperPowerApp: 1041 not found
12-17 17:33:07.948   667  1840 D audio_hw_primary: start_output_stream: enter: stream(0xec1fb800)usecase(0: deep-buffer-playback) devices(0x2)
12-17 17:33:07.948   692   739 E ANDR-PERF-MPCTL: Invalid profile no. 0, total profiles 0 only
12-17 17:33:07.948   667  1840 D audio_hw_primary: select_devices for use case (deep-buffer-playback)
12-17 17:33:07.948   667  1840 D audio_hw_primary: select_devices: out_snd_device(2: speaker) in_snd_device(0: )
12-17 17:33:07.948   667  1840 I msm8916_platform: platform_check_and_set_codec_backend_cfg:becf: afe: bitwidth 16, samplerate 48000 channels 2, backend_idx 0 usecase = 0 device (speaker)
12-17 17:33:07.948   667  1840 D msm8916_platform: platform_split_snd_device: snd_device(2) num devices(1) new_snd_devices(0)
12-17 17:33:07.948   667  1840 I msm8916_platform: platform_check_and_set_codec_backend_cfg: becf: new_snd_devices[0] is speaker
12-17 17:33:07.948   667  1840 I msm8916_platform: platform_check_codec_backend_cfg:becf: afe: Codec selected backend: 0 current bit width: 16 sample rate: 48000 channels: 2 usecase 0 device (speaker)
12-17 17:33:07.948   667  1840 D msm8916_platform: platform_check_codec_backend_cfg:becf: afe: playback on codec device not supporting native playback set default Sample Rate(48k)
12-17 17:33:07.948   667  1840 I msm8916_platform: platform_check_codec_backend_cfg:becf: afe: Codec selected backend: 0 updated bit width: 16 sample rate: 48000 channels: 2
12-17 17:33:07.948   667  1840 D audio_hw_primary: check_usecases_codec_backend:becf: force routing 0
12-17 17:33:07.948   667  1840 E msm8916_platform: platform_check_backends_match: Invalid snd_device = 
12-17 17:33:07.948   667  1840 D audio_hw_primary: check_usecases_codec_backend:becf: (63) check_usecases curr device: speaker, usecase device: backends match 0
12-17 17:33:07.948   667  1840 D audio_hw_primary: check_usecases_codec_backend:becf: check_usecases num.of Usecases to switch 0
12-17 17:33:07.948   667  1840 D hardware_info: hw_info_append_hw_type : device_name = speaker
12-17 17:33:07.948   667  1840 D msm8916_platform: platform_split_snd_device: snd_device(2) num devices(0) new_snd_devices(0)
12-17 17:33:07.948   667  1840 D audio_hw_primary: enable_snd_device: snd_device(2: speaker)
12-17 17:33:07.948   667  1840 I soundtrigger: audio_extn_sound_trigger_update_device_status: device 0x2 of type 0 for Event 1, with Raise=0
12-17 17:33:07.948   667  1840 D audio_route: Apply path: speaker
12-17 17:33:07.951  1280  2040 D SuperAppUtils: setKioskMode: 0
12-17 17:33:07.951  1280  2040 D SuperAppUtils: setKioskMode: 0
12-17 17:33:07.952  1280  2040 I APP_LOCK: io.ubt.alaeat.pos.t2.thespot is not locked
12-17 17:33:07.948  1280  2040 D SuperPowerApp: 1041 not found
12-17 17:33:07.954  1280  2040 D ActivityManager: set woyou.aidlservice.jiuiv5 adj -900
12-17 17:33:07.954   667  1840 D audio_hw_primary: audio_is_true_native_stream_active:napb: (0) (deep-buffer-playback)id (0) sr 48000 bw (16) device speaker
12-17 17:33:07.954   667  1840 D soundtrigger: audio_extn_sound_trigger_update_stream_status: uc_info->id 0 of type 0 for Event 3, with Raise=1
12-17 17:33:07.954   667  1840 I sound_trigger_platform: platform_stdev_check_and_update_concurrency: Received STREAM event, event type 3, usecase type -352857200
12-17 17:33:07.954   667  1840 D sound_trigger_platform: platform_stdev_check_and_update_concurrency: dedicated path 0, reset backend 1, tx 0, rx 1,concurrency session allowed
12-17 17:33:07.954   667  1840 D audio_hw_utils: audio_extn_utils_send_app_type_cfg: usecase->out_snd_device speaker
12-17 17:33:07.954   667  1840 D msm8916_platform: platform_split_snd_device: snd_device(2) num devices(0) new_snd_devices(0)
12-17 17:33:07.955   667  1840 D audio_hw_utils: audio_extn_btsco_get_sample_rate:Not a BT SCO device, need not update sampling rate
12-17 17:33:07.955   667  1840 I audio_hw_utils: send_app_type_cfg_for_device PLAYBACK app_type 69937, acdb_dev_id 15, sample_rate 48000, snd_device_be_idx 127
12-17 17:33:07.955   667  1840 D msm8916_platform: platform_split_snd_device: snd_device(2) num devices(1) new_snd_devices(0)
12-17 17:33:07.955   667  1840 D ACDB-LOADER: ACDB -> send_audio_cal, acdb_id = 15, path = 0, app id = 0x11131, sample rate = 48000
12-17 17:33:07.955   667  1840 D ACDB-LOADER: ACDB -> send_asm_topology
12-17 17:33:07.955   667  1840 D ACDB-LOADER: ACDB -> ACDB_CMD_GET_AUDPROC_STREAM_TOPOLOGY_ID
12-17 17:33:07.955   667  1840 D ACDB-LOADER: ACDB -> send_adm_topology
12-17 17:33:07.955   667  1840 D ACDB-LOADER: ACDB -> ACDB_CMD_GET_AUDPROC_COMMON_TOPOLOGY_ID
12-17 17:33:07.955   667  1840 D ACDB-LOADER: ACDB -> send_audtable
12-17 17:33:07.955   667  1840 D ACDB-LOADER: ACDB -> ACDB_CMD_GET_AUDPROC_COMMON_TABLE_SIZE
12-17 17:33:07.955   667  1840 D ACDB-LOADER: ACDB -> ACDB_CMD_GET_AUDPROC_COMMON_TABLE
12-17 17:33:07.955   667  1840 D ACDB-LOADER: ACDB -> AUDIO_SET_AUDPROC_CAL
12-17 17:33:07.955   667  1840 D ACDB-LOADER: ACDB -> send_audvoltable
12-17 17:33:07.955   667  1840 D ACDB-LOADER: ACDB -> ACDB_CMD_GET_AUDPROC_VOL_STEP_TABLE_SIZE
12-17 17:33:07.955   667  1840 D ACDB-LOADER: ACDB -> ACDB_CMD_GET_AUDPROC_GAIN_DEP_STEP_TABLE, vol index 0
12-17 17:33:07.955   667  1840 D ACDB-LOADER: ACDB -> AUDIO_SET_VOL_CAL cal type = 12
12-17 17:33:07.955   667  1840 D ACDB-LOADER: ACDB -> ACDB_CMD_GET_AUDPROC_STREAM_TABLE_SIZE
12-17 17:33:07.955   667  1840 D ACDB-LOADER: ACDB -> send_audstrmtable
12-17 17:33:07.955   667  1840 D ACDB-LOADER: ACDB -> ACDB_CMD_GET_AUDPROC_STREAM_TABLE_V2
12-17 17:33:07.955   667  1840 D ACDB-LOADER: ACDB -> audstrm_cal->cal_type.cal_data.cal_size = 16
12-17 17:33:07.955   667  1840 D ACDB-LOADER: ACDB -> send_afe_topology
12-17 17:33:07.955   667  1840 D ACDB-LOADER: ACDB -> ACDB_CMD_GET_AFE_TOPOLOGY_ID
12-17 17:33:07.955   667  1840 D ACDB-LOADER: ACDB -> GET_AFE_TOPOLOGY_ID for adcd_id 15, Topology Id 1025e
12-17 17:33:07.955   667  1840 D ACDB-LOADER: ACDB -> send_afe_cal
12-17 17:33:07.955   667  1840 D ACDB-LOADER: ACDB -> ACDB_CMD_GET_AFE_COMMON_TABLE_SIZE
12-17 17:33:07.955   667  1840 D ACDB-LOADER: ACDB -> ACDB_CMD_GET_AFE_COMMON_TABLE
12-17 17:33:07.955   667  1840 D ACDB-LOADER: ACDB -> AUDIO_SET_AFE_CAL
12-17 17:33:07.955   667  1840 D ACDB-LOADER: ACDB -> send_hw_delay : acdb_id = 15 path = 0
12-17 17:33:07.955   667  1840 D ACDB-LOADER: ACDB -> ACDB_AVSYNC_INFO: ACDB_CMD_GET_DEVICE_PROPERTY
12-17 17:33:07.955   667  1840 D msm8916_platform: platform_split_snd_device: snd_device(2) num devices(0) new_snd_devices(0)
12-17 17:33:07.955   667  1840 I msm8916_platform: platform_get_custom_mtmx_params: no matching param with id 0 ip_ch 2 op_ch 2 uc_id 0 snd_dev 2
12-17 17:33:07.955   667  1840 D audio_hw_primary: enable_audio_route: apply mixer and update path: deep-buffer-playback
12-17 17:33:07.955   667  1840 D audio_route: Apply path: deep-buffer-playback
12-17 17:33:07.956   667  1840 D audio_hw_primary: select_devices: done
12-17 17:33:07.957   667  1840 D msm8916_platform: platform_set_channel_map mixer_ctl_name:Playback Channel Map0
12-17 17:33:07.957   667  1840 D msm8916_platform: platform_set_channel_map: set mapping(1 2 0 0 0 0 0 0) for channel:2
12-17 17:33:07.963   894   894 I ConfigStore: android::hardware::configstore::V1_0::ISurfaceFlingerConfigs::hasHDRDisplay retrieved: 0
12-17 17:33:07.964   894   894 I chatty  : uid=1000(system) /system/bin/surfaceflinger identical 2 lines
12-17 17:33:07.964   894   894 I ConfigStore: android::hardware::configstore::V1_0::ISurfaceFlingerConfigs::hasHDRDisplay retrieved: 0
12-17 17:33:07.978   894  1910 W SurfaceFlinger: Attempting to destroy on removed layer: b652bc2 Sys2038:io.ubt.alaeat.pos.t2.thespot/io.ubt.alaeat.pos.module_dine_in.acitivity.OrderTypeActivity#0
12-17 17:33:07.981   894   894 I ConfigStore: android::hardware::configstore::V1_0::ISurfaceFlingerConfigs::hasHDRDisplay retrieved: 0
12-17 17:33:08.015   894   894 I chatty  : uid=1000(system) /system/bin/surfaceflinger identical 10 lines
12-17 17:33:08.015   894   894 I ConfigStore: android::hardware::configstore::V1_0::ISurfaceFlingerConfigs::hasHDRDisplay retrieved: 0
12-17 17:33:08.036   667  1840 D audio_hw_primary: start_output_stream: exit
12-17 17:33:08.090  1280  2416 D ActivityManager: set woyou.aidlservice.jiuiv5 adj -900
12-17 17:33:08.092  1280  1302 D ActivityManager: set woyou.aidlservice.jiuiv5 adj -900
12-17 17:33:08.097   677   677 W SDM     : HWPrimary::PopulateDisplayAttributes: Driver doesn't report panel physical width and height - defaulting to 320dpi
12-17 17:33:08.098   894   894 I ConfigStore: android::hardware::configstore::V1_0::ISurfaceFlingerConfigs::hasHDRDisplay retrieved: 0
12-17 17:33:08.106  1280  2040 W ActivityManager: Duplicate finish request for ActivityRecord{71a6bb8 u0 io.ubt.alaeat.pos.t2.thespot/io.ubt.alaeat.pos.module_dine_in.acitivity.PaymentSuccessActivity t45 f}
12-17 17:33:08.099   894   894 I chatty  : uid=1000(system) /system/bin/surfaceflinger identical 2 lines
12-17 17:33:08.099   894   894 I ConfigStore: android::hardware::configstore::V1_0::ISurfaceFlingerConfigs::hasHDRDisplay retrieved: 0
12-17 17:33:08.112   894   902 W SurfaceFlinger: Attempting to destroy on removed layer: 1abacce Sys2038:io.ubt.alaeat.pos.t2.thespot/io.ubt.alaeat.pos.module_dine_in.acitivity.PaymentSuccessActivity#0
12-17 17:33:08.114   677   677 W SDM     : HWPrimary::PopulateDisplayAttributes: Driver doesn't report panel physical width and height - defaulting to 320dpi
12-17 17:33:08.114   894   894 I ConfigStore: android::hardware::configstore::V1_0::ISurfaceFlingerConfigs::hasHDRDisplay retrieved: 0
12-17 17:33:08.174  1280  2040 D SuperPowerApp: 1041 not found
12-17 17:33:08.174  1280  2416 D SuperPowerApp: 1041 not found
12-17 17:33:08.263   894   894 I chatty  : uid=1000(system) /system/bin/surfaceflinger identical 18 lines
12-17 17:33:08.264   894   894 I ConfigStore: android::hardware::configstore::V1_0::ISurfaceFlingerConfigs::hasHDRDisplay retrieved: 0
12-17 17:33:09.655 10042 10042 D improveTouch: [Main:158] Start touch daemon
12-17 17:33:09.655 10042 10042 E improveTouch: [ConfigManager:234] /sys/devices/soc0/chip_name doesn't exist
12-17 17:33:09.656 10042 10042 D improveTouch: [ConfigManager:501] loader file is available. loading it...
12-17 17:33:09.657 10042 10042 D improveTouch: [ConfigManager:405] no custom ID defined
12-17 17:33:09.657 10042 10042 D improveTouch: [ConfigManager:428] GetPktStatus: E
12-17 17:33:09.657 10042 10042 E improveTouch: [ConfigManager:444] can't open /data/vendor/hbtp/pkt_play
12-17 17:33:09.657 10042 10042 D improveTouch: [ConfigManager:448] GetPktStatus: X
12-17 17:33:09.657 10042 10042 I improveTouch: [ConfigManager:546] Data Dir = /data/vendor/hbtp
12-17 17:33:09.657 10042 10042 I improveTouch: [ConfigManager:547] Main Config Dir = /vendor/etc/hbtp
12-17 17:33:09.657 10042 10042 I improveTouch: [ConfigManager:551] ConfigFile = /vendor/etc/hbtp/hbtpcfg_sdm660_800s_qhd.dat
12-17 17:33:09.657 10042 10042 I improveTouch: [ConfigManager:554] UTFLib = libFastRPC_UTF_Forward_skel.so
12-17 17:33:09.657 10042 10042 I improveTouch: [ConfigManager:557] AFEFW = /vendor/etc/hbtp/qtc800s_dsp.bin
12-17 17:33:09.657 10042 10042 I improveTouch: [ConfigManager:560] DSP = adsp
12-17 17:33:09.657 10042 10042 D improveTouch: [TouchController:415] init: E
12-17 17:33:09.657 10042 10042 D improveTouch: [ConfigManager:583] start loading config
12-17 17:33:09.703 10042 10042 D improveTouch: [ConfigManager:675] finished loading config
12-17 17:33:09.704 10042 10042 D improveTouch: [TouchController:454] Power Control Config doesn't exist
12-17 17:33:09.704 10042 10042 D improveTouch: [TouchController:462] Power Sync Option doesn't exist
12-17 17:33:09.704 10042 10042 D improveTouch: [TouchController:464] PowerManager Option = 0
12-17 17:33:09.704 10042 10042 E improveTouch: [InputDevice:61] InputDevice: pixelX: min = 0, max = 1440 pixelY: min = 0, max = 2560
12-17 17:33:09.704 10042 10042 E improveTouch: [InputDevice:65] Unable to open /dev/hbtp_input
12-17 17:33:09.704 10042 10042 E improveTouch: [TouchController:490] Error initializing input device: Error opening file
12-17 17:33:09.704 10042 10042 D improveTouch: [TouchController:1136] CommandExecutor::exit: thread is running, kill it first
12-17 17:33:09.704 10042 10043 D improveTouch: [TouchController:1186] runLoop exits
12-17 17:33:09.705 10042 10042 E improveTouch: [TouchController:522] init failed, ret = 1073741825
12-17 17:33:09.705 10042 10042 E improveTouch: [TouchServer:59] fail to init TouchController: Error opening file
12-17 17:33:09.705 10042 10042 E improveTouch: [TouchServer:69] error happened, clean-up resource and exit
12-17 17:33:09.705 10042 10042 E improveTouch: [TouchServer:71] delete event monitor
12-17 17:33:09.705 10042 10042 E improveTouch: [TouchServer:75] delete controller
12-17 17:33:09.705 10042 10042 E improveTouch: [TouchServer:79] delete touch processor
12-17 17:33:09.705 10042 10042 D improveTouch: [DSPTouchProcessor:807] deInit: E
12-17 17:33:09.705 10042 10042 E improveTouch: [DSPTouchProcessor:823] deInit: invalid state (current = 0)
12-17 17:33:09.705 10042 10042 D improveTouch: [DSPTouchProcessor:827] deInit: X pa_utf_ret = 1, ret = 1073741835
12-17 17:33:09.705 10042 10042 E improveTouch: [TouchServer:83] delete event injector
12-17 17:33:09.705 10042 10042 E improveTouch: [TouchServer:87] delete config management
12-17 17:33:09.705 10042 10042 E improveTouch: [TouchServer:90] fail to start daemon
12-17 17:33:09.705 10042 10042 E improveTouch: [Main:169] fail to initiate touch server
12-17 17:33:11.074   667  3570 D audio_hw_primary: out_standby: enter: stream (0xec1fb800) usecase(0: deep-buffer-playback)
12-17 17:33:11.284   667  3570 D audio_hw_primary: disable_audio_route: reset and update mixer path: deep-buffer-playback
12-17 17:33:11.284   667  3570 D soundtrigger: audio_extn_sound_trigger_update_stream_status: uc_info->id 0 of type 0 for Event 2, with Raise=1
12-17 17:33:11.284   667  3570 I sound_trigger_platform: platform_stdev_check_and_update_concurrency: Received STREAM event, event type 2, usecase type 0
12-17 17:33:11.284   667  3570 D sound_trigger_platform: platform_stdev_check_and_update_concurrency: dedicated path 0, reset backend 1, tx 0, rx 0,concurrency session allowed
12-17 17:33:11.284   667  3570 D msm8916_platform: platform_split_snd_device: snd_device(2) num devices(0) new_snd_devices(0)
12-17 17:33:11.284   667  3570 I msm8916_platform: platform_get_custom_mtmx_params: no matching param with id 0 ip_ch 2 op_ch 2 uc_id 0 snd_dev 2
12-17 17:33:11.284   667  3570 D hardware_info: hw_info_append_hw_type : device_name = speaker
12-17 17:33:11.284   667  3570 D audio_hw_primary: disable_snd_device: snd_device(2: speaker)
12-17 17:33:11.284   667  3570 D msm8916_platform: platform_split_snd_device: snd_device(2) num devices(0) new_snd_devices(0)
12-17 17:33:11.294   667  3570 I soundtrigger: audio_extn_sound_trigger_update_device_status: device 0x2 of type 0 for Event 0, with Raise=0
12-17 17:33:11.294   667  3570 D audio_hw_primary: out_standby: exit
12-17 17:33:12.289  1280  1368 D InputReader: cookPointerData send XY mXScale: 0.999479  mYScale: 0.999075 displayId: 0
12-17 17:33:12.289  1280  1368 D InputReader: cookPointerData send XY X: 1074.440430  Y: 606.438477 displayId: 0
12-17 17:33:12.289  1280  1368 D InputDispatcher: xiangrong notifyMotion isFound 0 0
12-17 17:33:11.295  1280  2416 I chatty  : uid=1000(system) Binder:1280_E identical 1 line
12-17 17:33:12.397  1280  2416 D SuperPowerApp: 1041 not found
12-17 17:33:12.397  1280  2040 D SuperPowerApp: 1041 not found
12-17 17:33:12.397  1280  2416 D SuperPowerApp: 1041 not found
12-17 17:33:12.377  1280  1368 D InputDispatcher: xiangrong notifyMotion isFound 0 0
12-17 17:33:12.397   667  1840 D audio_hw_primary: start_output_stream: enter: stream(0xec1fb800)usecase(0: deep-buffer-playback) devices(0x2)
12-17 17:33:12.398   692   739 E ANDR-PERF-MPCTL: Invalid profile no. 0, total profiles 0 only
12-17 17:33:12.398   667  1840 D audio_hw_primary: select_devices for use case (deep-buffer-playback)
12-17 17:33:12.398   667  1840 D audio_hw_primary: select_devices: out_snd_device(2: speaker) in_snd_device(0: )
12-17 17:33:12.398   667  1840 I msm8916_platform: platform_check_and_set_codec_backend_cfg:becf: afe: bitwidth 16, samplerate 48000 channels 2, backend_idx 0 usecase = 0 device (speaker)
12-17 17:33:12.398   667  1840 D msm8916_platform: platform_split_snd_device: snd_device(2) num devices(1) new_snd_devices(0)
12-17 17:33:12.398   667  1840 I msm8916_platform: platform_check_and_set_codec_backend_cfg: becf: new_snd_devices[0] is speaker
12-17 17:33:12.398   667  1840 I msm8916_platform: platform_check_codec_backend_cfg:becf: afe: Codec selected backend: 0 current bit width: 16 sample rate: 48000 channels: 2 usecase 0 device (speaker)
12-17 17:33:12.398   667  1840 D msm8916_platform: platform_check_codec_backend_cfg:becf: afe: playback on codec device not supporting native playback set default Sample Rate(48k)
12-17 17:33:12.398   667  1840 I msm8916_platform: platform_check_codec_backend_cfg:becf: afe: Codec selected backend: 0 updated bit width: 16 sample rate: 48000 channels: 2
12-17 17:33:12.398   667  1840 D audio_hw_primary: check_usecases_codec_backend:becf: force routing 0
12-17 17:33:12.398   667  1840 E msm8916_platform: platform_check_backends_match: Invalid snd_device = 
12-17 17:33:12.398   667  1840 D audio_hw_primary: check_usecases_codec_backend:becf: (63) check_usecases curr device: speaker, usecase device: backends match 0
12-17 17:33:12.398   667  1840 D audio_hw_primary: check_usecases_codec_backend:becf: check_usecases num.of Usecases to switch 0
12-17 17:33:12.398   667  1840 D hardware_info: hw_info_append_hw_type : device_name = speaker
12-17 17:33:12.398   667  1840 D msm8916_platform: platform_split_snd_device: snd_device(2) num devices(0) new_snd_devices(0)
12-17 17:33:12.398   667  1840 D audio_hw_primary: enable_snd_device: snd_device(2: speaker)
12-17 17:33:12.398   667  1840 I soundtrigger: audio_extn_sound_trigger_update_device_status: device 0x2 of type 0 for Event 1, with Raise=0
12-17 17:33:12.398   667  1840 D audio_route: Apply path: speaker
12-17 17:33:12.404   667  1840 D audio_hw_primary: audio_is_true_native_stream_active:napb: (0) (deep-buffer-playback)id (0) sr 48000 bw (16) device speaker
12-17 17:33:12.404   667  1840 D soundtrigger: audio_extn_sound_trigger_update_stream_status: uc_info->id 0 of type 0 for Event 3, with Raise=1
12-17 17:33:12.404   667  1840 I sound_trigger_platform: platform_stdev_check_and_update_concurrency: Received STREAM event, event type 3, usecase type -352857200
12-17 17:33:12.404   667  1840 D sound_trigger_platform: platform_stdev_check_and_update_concurrency: dedicated path 0, reset backend 1, tx 0, rx 1,concurrency session allowed
12-17 17:33:12.404   667  1840 D audio_hw_utils: audio_extn_utils_send_app_type_cfg: usecase->out_snd_device speaker
12-17 17:33:12.404   667  1840 D msm8916_platform: platform_split_snd_device: snd_device(2) num devices(0) new_snd_devices(0)
12-17 17:33:12.405   667  1840 D audio_hw_utils: audio_extn_btsco_get_sample_rate:Not a BT SCO device, need not update sampling rate
12-17 17:33:12.405   667  1840 I audio_hw_utils: send_app_type_cfg_for_device PLAYBACK app_type 69937, acdb_dev_id 15, sample_rate 48000, snd_device_be_idx 127
12-17 17:33:12.405   667  1840 D msm8916_platform: platform_split_snd_device: snd_device(2) num devices(1) new_snd_devices(0)
12-17 17:33:12.405   667  1840 D ACDB-LOADER: ACDB -> send_audio_cal, acdb_id = 15, path = 0, app id = 0x11131, sample rate = 48000
12-17 17:33:12.405   667  1840 D ACDB-LOADER: ACDB -> send_asm_topology
12-17 17:33:12.405   667  1840 D ACDB-LOADER: ACDB -> ACDB_CMD_GET_AUDPROC_STREAM_TOPOLOGY_ID
12-17 17:33:12.405   667  1840 D ACDB-LOADER: ACDB -> send_adm_topology
12-17 17:33:12.405   667  1840 D ACDB-LOADER: ACDB -> ACDB_CMD_GET_AUDPROC_COMMON_TOPOLOGY_ID
12-17 17:33:12.405   667  1840 D ACDB-LOADER: ACDB -> send_audtable
12-17 17:33:12.405   667  1840 D ACDB-LOADER: ACDB -> ACDB_CMD_GET_AUDPROC_COMMON_TABLE_SIZE
12-17 17:33:12.405   667  1840 D ACDB-LOADER: ACDB -> ACDB_CMD_GET_AUDPROC_COMMON_TABLE
12-17 17:33:12.405   667  1840 D ACDB-LOADER: ACDB -> AUDIO_SET_AUDPROC_CAL
12-17 17:33:12.405   667  1840 D ACDB-LOADER: ACDB -> send_audvoltable
12-17 17:33:12.405   667  1840 D ACDB-LOADER: ACDB -> ACDB_CMD_GET_AUDPROC_VOL_STEP_TABLE_SIZE
12-17 17:33:12.405   667  1840 D ACDB-LOADER: ACDB -> ACDB_CMD_GET_AUDPROC_GAIN_DEP_STEP_TABLE, vol index 0
12-17 17:33:12.405   667  1840 D ACDB-LOADER: ACDB -> AUDIO_SET_VOL_CAL cal type = 12
12-17 17:33:12.405   667  1840 D ACDB-LOADER: ACDB -> ACDB_CMD_GET_AUDPROC_STREAM_TABLE_SIZE
12-17 17:33:12.405   667  1840 D ACDB-LOADER: ACDB -> send_audstrmtable
12-17 17:33:12.405   667  1840 D ACDB-LOADER: ACDB -> ACDB_CMD_GET_AUDPROC_STREAM_TABLE_V2
12-17 17:33:12.405   667  1840 D ACDB-LOADER: ACDB -> audstrm_cal->cal_type.cal_data.cal_size = 16
12-17 17:33:12.405   667  1840 D ACDB-LOADER: ACDB -> send_afe_topology
12-17 17:33:12.405   667  1840 D ACDB-LOADER: ACDB -> ACDB_CMD_GET_AFE_TOPOLOGY_ID
12-17 17:33:12.405   667  1840 D ACDB-LOADER: ACDB -> GET_AFE_TOPOLOGY_ID for adcd_id 15, Topology Id 1025e
12-17 17:33:12.405   667  1840 D ACDB-LOADER: ACDB -> send_afe_cal
12-17 17:33:12.405   667  1840 D ACDB-LOADER: ACDB -> ACDB_CMD_GET_AFE_COMMON_TABLE_SIZE
12-17 17:33:12.405   667  1840 D ACDB-LOADER: ACDB -> ACDB_CMD_GET_AFE_COMMON_TABLE
12-17 17:33:12.405   667  1840 D ACDB-LOADER: ACDB -> AUDIO_SET_AFE_CAL
12-17 17:33:12.405   667  1840 D ACDB-LOADER: ACDB -> send_hw_delay : acdb_id = 15 path = 0
12-17 17:33:12.405   667  1840 D ACDB-LOADER: ACDB -> ACDB_AVSYNC_INFO: ACDB_CMD_GET_DEVICE_PROPERTY
12-17 17:33:12.405   667  1840 D msm8916_platform: platform_split_snd_device: snd_device(2) num devices(0) new_snd_devices(0)
12-17 17:33:12.405   667  1840 I msm8916_platform: platform_get_custom_mtmx_params: no matching param with id 0 ip_ch 2 op_ch 2 uc_id 0 snd_dev 2
12-17 17:33:12.405   667  1840 D audio_hw_primary: enable_audio_route: apply mixer and update path: deep-buffer-playback
12-17 17:33:12.405   667  1840 D audio_route: Apply path: deep-buffer-playback
12-17 17:33:12.406   667  1840 D audio_hw_primary: select_devices: done
12-17 17:33:12.407   667  1840 D msm8916_platform: platform_set_channel_map mixer_ctl_name:Playback Channel Map0
12-17 17:33:12.408   667  1840 D msm8916_platform: platform_set_channel_map: set mapping(1 2 0 0 0 0 0 0) for channel:2
12-17 17:33:12.414   894   894 I ConfigStore: android::hardware::configstore::V1_0::ISurfaceFlingerConfigs::hasHDRDisplay retrieved: 0
12-17 17:33:12.465   894   894 I chatty  : uid=1000(system) /system/bin/surfaceflinger identical 14 lines
12-17 17:33:12.465   894   894 I ConfigStore: android::hardware::configstore::V1_0::ISurfaceFlingerConfigs::hasHDRDisplay retrieved: 0
12-17 17:33:12.486   667  1840 D audio_hw_primary: start_output_stream: exit
12-17 17:33:12.486   705   832 D AudioFlinger: mixer(0xe5683340) throttle end: throttle time(40)
12-17 17:33:12.486   894   894 I ConfigStore: android::hardware::configstore::V1_0::ISurfaceFlingerConfigs::hasHDRDisplay retrieved: 0
12-17 17:33:12.531   894   894 I chatty  : uid=1000(system) /system/bin/surfaceflinger identical 14 lines
12-17 17:33:12.531   894   894 I ConfigStore: android::hardware::configstore::V1_0::ISurfaceFlingerConfigs::hasHDRDisplay retrieved: 0
12-17 17:33:12.612   677   677 W SDM     : HWPrimary::PopulateDisplayAttributes: Driver doesn't report panel physical width and height - defaulting to 320dpi
12-17 17:33:12.612   894   894 I ConfigStore: android::hardware::configstore::V1_0::ISurfaceFlingerConfigs::hasHDRDisplay retrieved: 0
12-17 17:33:12.397  1280  2416 D SuperPowerApp: 1041 not found
12-17 17:33:12.624  1280  1838 D SuperPowerApp: 1041 not found
12-17 17:33:12.624  1280  2416 D SuperPowerApp: 1041 not found
12-17 17:33:12.613   894   894 I chatty  : uid=1000(system) /system/bin/surfaceflinger identical 2 lines
12-17 17:33:12.614   894   894 I ConfigStore: android::hardware::configstore::V1_0::ISurfaceFlingerConfigs::hasHDRDisplay retrieved: 0
12-17 17:33:12.662   677   677 W SDM     : HWPrimary::PopulateDisplayAttributes: Driver doesn't report panel physical width and height - defaulting to 320dpi
12-17 17:33:12.662   894   894 I ConfigStore: android::hardware::configstore::V1_0::ISurfaceFlingerConfigs::hasHDRDisplay retrieved: 0
12-17 17:33:12.680   894   894 I chatty  : uid=1000(system) /system/bin/surfaceflinger identical 6 lines
12-17 17:33:12.680   894   894 I ConfigStore: android::hardware::configstore::V1_0::ISurfaceFlingerConfigs::hasHDRDisplay retrieved: 0
12-17 17:33:14.662 10049 10049 D improveTouch: [Main:158] Start touch daemon
12-17 17:33:14.662 10049 10049 E improveTouch: [ConfigManager:234] /sys/devices/soc0/chip_name doesn't exist
12-17 17:33:14.662 10049 10049 D improveTouch: [ConfigManager:501] loader file is available. loading it...
12-17 17:33:14.663 10049 10049 D improveTouch: [ConfigManager:405] no custom ID defined
12-17 17:33:14.663 10049 10049 D improveTouch: [ConfigManager:428] GetPktStatus: E
12-17 17:33:14.663 10049 10049 E improveTouch: [ConfigManager:444] can't open /data/vendor/hbtp/pkt_play
12-17 17:33:14.663 10049 10049 D improveTouch: [ConfigManager:448] GetPktStatus: X
12-17 17:33:14.663 10049 10049 I improveTouch: [ConfigManager:546] Data Dir = /data/vendor/hbtp
12-17 17:33:14.663 10049 10049 I improveTouch: [ConfigManager:547] Main Config Dir = /vendor/etc/hbtp
12-17 17:33:14.663 10049 10049 I improveTouch: [ConfigManager:551] ConfigFile = /vendor/etc/hbtp/hbtpcfg_sdm660_800s_qhd.dat
12-17 17:33:14.663 10049 10049 I improveTouch: [ConfigManager:554] UTFLib = libFastRPC_UTF_Forward_skel.so
12-17 17:33:14.663 10049 10049 I improveTouch: [ConfigManager:557] AFEFW = /vendor/etc/hbtp/qtc800s_dsp.bin
12-17 17:33:14.663 10049 10049 I improveTouch: [ConfigManager:560] DSP = adsp
12-17 17:33:14.663 10049 10049 D improveTouch: [TouchController:415] init: E
12-17 17:33:14.663 10049 10049 D improveTouch: [ConfigManager:583] start loading config
12-17 17:33:14.709 10049 10049 D improveTouch: [ConfigManager:675] finished loading config
12-17 17:33:14.710 10049 10049 D improveTouch: [TouchController:454] Power Control Config doesn't exist
12-17 17:33:14.710 10049 10049 D improveTouch: [TouchController:462] Power Sync Option doesn't exist
12-17 17:33:14.710 10049 10049 D improveTouch: [TouchController:464] PowerManager Option = 0
12-17 17:33:14.710 10049 10049 E improveTouch: [InputDevice:61] InputDevice: pixelX: min = 0, max = 1440 pixelY: min = 0, max = 2560
12-17 17:33:14.710 10049 10049 E improveTouch: [InputDevice:65] Unable to open /dev/hbtp_input
12-17 17:33:14.710 10049 10049 E improveTouch: [TouchController:490] Error initializing input device: Error opening file
12-17 17:33:14.710 10049 10049 D improveTouch: [TouchController:1136] CommandExecutor::exit: thread is running, kill it first
12-17 17:33:14.710 10049 10050 D improveTouch: [TouchController:1186] runLoop exits
12-17 17:33:14.710 10049 10049 E improveTouch: [TouchController:522] init failed, ret = 1073741825
12-17 17:33:14.711 10049 10049 E improveTouch: [TouchServer:59] fail to init TouchController: Error opening file
12-17 17:33:14.711 10049 10049 E improveTouch: [TouchServer:69] error happened, clean-up resource and exit
12-17 17:33:14.711 10049 10049 E improveTouch: [TouchServer:71] delete event monitor
12-17 17:33:14.711 10049 10049 E improveTouch: [TouchServer:75] delete controller
12-17 17:33:14.711 10049 10049 E improveTouch: [TouchServer:79] delete touch processor
12-17 17:33:14.711 10049 10049 D improveTouch: [DSPTouchProcessor:807] deInit: E
12-17 17:33:14.711 10049 10049 E improveTouch: [DSPTouchProcessor:823] deInit: invalid state (current = 0)
12-17 17:33:14.711 10049 10049 D improveTouch: [DSPTouchProcessor:827] deInit: X pa_utf_ret = 1, ret = 1073741835
12-17 17:33:14.711 10049 10049 E improveTouch: [TouchServer:83] delete event injector
12-17 17:33:14.711 10049 10049 E improveTouch: [TouchServer:87] delete config management
12-17 17:33:14.711 10049 10049 E improveTouch: [TouchServer:90] fail to start daemon
12-17 17:33:14.711 10049 10049 E improveTouch: [Main:169] fail to initiate touch server
12-17 17:33:15.524   667  3570 D audio_hw_primary: out_standby: enter: stream (0xec1fb800) usecase(0: deep-buffer-playback)
12-17 17:33:15.736   667  3570 D audio_hw_primary: disable_audio_route: reset and update mixer path: deep-buffer-playback
12-17 17:33:15.737   667  3570 D soundtrigger: audio_extn_sound_trigger_update_stream_status: uc_info->id 0 of type 0 for Event 2, with Raise=1
12-17 17:33:15.737   667  3570 I sound_trigger_platform: platform_stdev_check_and_update_concurrency: Received STREAM event, event type 2, usecase type 0
12-17 17:33:15.737   667  3570 D sound_trigger_platform: platform_stdev_check_and_update_concurrency: dedicated path 0, reset backend 1, tx 0, rx 0,concurrency session allowed
12-17 17:33:15.737   667  3570 D msm8916_platform: platform_split_snd_device: snd_device(2) num devices(0) new_snd_devices(0)
12-17 17:33:15.737   667  3570 I msm8916_platform: platform_get_custom_mtmx_params: no matching param with id 0 ip_ch 2 op_ch 2 uc_id 0 snd_dev 2
12-17 17:33:15.737   667  3570 D hardware_info: hw_info_append_hw_type : device_name = speaker
12-17 17:33:15.737   667  3570 D audio_hw_primary: disable_snd_device: snd_device(2: speaker)
12-17 17:33:15.737   667  3570 D msm8916_platform: platform_split_snd_device: snd_device(2) num devices(0) new_snd_devices(0)
12-17 17:33:15.746   667  3570 I soundtrigger: audio_extn_sound_trigger_update_device_status: device 0x2 of type 0 for Event 0, with Raise=0
12-17 17:33:15.746   667  3570 D audio_hw_primary: out_standby: exit
12-17 17:33:15.747  1280  1838 D SuperPowerApp: 1041 not found
12-17 17:33:19.664 10056 10056 D improveTouch: [Main:158] Start touch daemon
12-17 17:33:19.665 10056 10056 E improveTouch: [ConfigManager:234] /sys/devices/soc0/chip_name doesn't exist
12-17 17:33:19.665 10056 10056 D improveTouch: [ConfigManager:501] loader file is available. loading it...
12-17 17:33:19.666 10056 10056 D improveTouch: [ConfigManager:405] no custom ID defined
12-17 17:33:19.666 10056 10056 D improveTouch: [ConfigManager:428] GetPktStatus: E
12-17 17:33:19.666 10056 10056 E improveTouch: [ConfigManager:444] can't open /data/vendor/hbtp/pkt_play
12-17 17:33:19.666 10056 10056 D improveTouch: [ConfigManager:448] GetPktStatus: X
12-17 17:33:19.666 10056 10056 I improveTouch: [ConfigManager:546] Data Dir = /data/vendor/hbtp
12-17 17:33:19.666 10056 10056 I improveTouch: [ConfigManager:547] Main Config Dir = /vendor/etc/hbtp
12-17 17:33:19.666 10056 10056 I improveTouch: [ConfigManager:551] ConfigFile = /vendor/etc/hbtp/hbtpcfg_sdm660_800s_qhd.dat
12-17 17:33:19.666 10056 10056 I improveTouch: [ConfigManager:554] UTFLib = libFastRPC_UTF_Forward_skel.so
12-17 17:33:19.666 10056 10056 I improveTouch: [ConfigManager:557] AFEFW = /vendor/etc/hbtp/qtc800s_dsp.bin
12-17 17:33:19.666 10056 10056 I improveTouch: [ConfigManager:560] DSP = adsp
12-17 17:33:19.666 10056 10056 D improveTouch: [TouchController:415] init: E
12-17 17:33:19.666 10056 10056 D improveTouch: [ConfigManager:583] start loading config
12-17 17:33:19.713 10056 10056 D improveTouch: [ConfigManager:675] finished loading config
12-17 17:33:19.714 10056 10056 D improveTouch: [TouchController:454] Power Control Config doesn't exist
12-17 17:33:19.714 10056 10056 D improveTouch: [TouchController:462] Power Sync Option doesn't exist
12-17 17:33:19.714 10056 10056 D improveTouch: [TouchController:464] PowerManager Option = 0
12-17 17:33:19.714 10056 10056 E improveTouch: [InputDevice:61] InputDevice: pixelX: min = 0, max = 1440 pixelY: min = 0, max = 2560
12-17 17:33:19.714 10056 10056 E improveTouch: [InputDevice:65] Unable to open /dev/hbtp_input
12-17 17:33:19.714 10056 10056 E improveTouch: [TouchController:490] Error initializing input device: Error opening file
12-17 17:33:19.714 10056 10056 D improveTouch: [TouchController:1136] CommandExecutor::exit: thread is running, kill it first
12-17 17:33:19.715 10056 10057 D improveTouch: [TouchController:1186] runLoop exits
12-17 17:33:19.715 10056 10056 E improveTouch: [TouchController:522] init failed, ret = 1073741825
12-17 17:33:19.715 10056 10056 E improveTouch: [TouchServer:59] fail to init TouchController: Error opening file
12-17 17:33:19.715 10056 10056 E improveTouch: [TouchServer:69] error happened, clean-up resource and exit
12-17 17:33:19.715 10056 10056 E improveTouch: [TouchServer:71] delete event monitor
12-17 17:33:19.715 10056 10056 E improveTouch: [TouchServer:75] delete controller
12-17 17:33:19.715 10056 10056 E improveTouch: [TouchServer:79] delete touch processor
12-17 17:33:19.715 10056 10056 D improveTouch: [DSPTouchProcessor:807] deInit: E
12-17 17:33:19.715 10056 10056 E improveTouch: [DSPTouchProcessor:823] deInit: invalid state (current = 0)
12-17 17:33:19.715 10056 10056 D improveTouch: [DSPTouchProcessor:827] deInit: X pa_utf_ret = 1, ret = 1073741835
12-17 17:33:19.715 10056 10056 E improveTouch: [TouchServer:83] delete event injector
12-17 17:33:19.715 10056 10056 E improveTouch: [TouchServer:87] delete config management
12-17 17:33:19.715 10056 10056 E improveTouch: [TouchServer:90] fail to start daemon
12-17 17:33:19.715 10056 10056 E improveTouch: [Main:169] fail to initiate touch server
12-17 17:33:24.671 10063 10063 D improveTouch: [Main:158] Start touch daemon
12-17 17:33:24.671 10063 10063 E improveTouch: [ConfigManager:234] /sys/devices/soc0/chip_name doesn't exist
12-17 17:33:24.671 10063 10063 D improveTouch: [ConfigManager:501] loader file is available. loading it...
12-17 17:33:24.672 10063 10063 D improveTouch: [ConfigManager:405] no custom ID defined
12-17 17:33:24.672 10063 10063 D improveTouch: [ConfigManager:428] GetPktStatus: E
12-17 17:33:24.672 10063 10063 E improveTouch: [ConfigManager:444] can't open /data/vendor/hbtp/pkt_play
12-17 17:33:24.672 10063 10063 D improveTouch: [ConfigManager:448] GetPktStatus: X
12-17 17:33:24.672 10063 10063 I improveTouch: [ConfigManager:546] Data Dir = /data/vendor/hbtp
12-17 17:33:24.672 10063 10063 I improveTouch: [ConfigManager:547] Main Config Dir = /vendor/etc/hbtp
