12-29 18:22:47.980 19262 19262 E improveTouch: [TouchServer:87] delete config management
12-29 18:22:47.980 19262 19262 E improveTouch: [TouchServer:90] fail to start daemon
12-29 18:22:47.980 19262 19262 E improveTouch: [Main:169] fail to initiate touch server
12-29 18:22:48.026   674   674 W SDM     : HWPrimary::PopulateDisplayAttributes: Driver doesn't report panel physical width and height - defaulting to 320dpi
12-29 18:22:48.027   889   889 I ConfigStore: android::hardware::configstore::V1_0::ISurfaceFlingerConfigs::hasHDRDisplay retrieved: 0
12-29 18:22:48.028   889   889 I chatty  : uid=1000(system) /system/bin/surfaceflinger identical 2 lines
12-29 18:22:48.028   889   889 I ConfigStore: android::hardware::configstore::V1_0::ISurfaceFlingerConfigs::hasHDRDisplay retrieved: 0
12-29 18:22:48.034  1288  1379 D InputReader: cookPointerData send XY mXScale: 0.999479  mYScale: 0.999075 displayId: 0
12-29 18:22:48.034  1288  1379 D InputReader: cookPointerData send XY X: 1122.415405  Y: 970.101746 displayId: 0
12-29 18:22:48.035  1288  1379 D InputDispatcher: xiangrong notifyMotion isFound 0 0
12-29 18:22:48.084  1288  1379 D InputReader: cookPointerData send XY mXScale: 0.999479  mYScale: 0.999075 displayId: 0
12-29 18:22:48.084  1288  1379 D InputReader: cookPointerData send XY X: 1121.415894  Y: 971.100830 displayId: 0
12-29 18:22:48.084  1288  1379 D InputDispatcher: xiangrong notifyMotion isFound 0 0
12-29 18:22:48.094  1288  1379 D InputReader: cookPointerData send XY mXScale: 0.999479  mYScale: 0.999075 displayId: 0
12-29 18:22:48.094  1288  1379 D InputReader: cookPointerData send XY X: 1120.416382  Y: 972.099915 displayId: 0
12-29 18:22:48.094  1288  1379 D InputDispatcher: xiangrong notifyMotion isFound 0 0
12-29 18:22:48.100  1288  1379 D InputDispatcher: xiangrong notifyMotion isFound 0 0
12-29 18:22:48.116  1288  2004 D SuperPowerApp: 1041 not found
12-29 18:22:48.116  1288  1411 D SuperPowerApp: 1041 not found
12-29 18:22:48.123   889  1841 D SurfaceFlinger: duplicate layer name: changing io.ubt.alaeat.pos.t2.yomie/io.ubt.alaeat.pos.module_dine_in.acitivity.PaymentActivity to io.ubt.alaeat.pos.t2.yomie/io.ubt.alaeat.pos.module_dine_in.acitivity.PaymentActivity#1
12-29 18:22:48.128   889   889 I ConfigStore: android::hardware::configstore::V1_0::ISurfaceFlingerConfigs::hasHDRDisplay retrieved: 0
12-29 18:22:48.145   889   889 I chatty  : uid=1000(system) /system/bin/surfaceflinger identical 6 lines
12-29 18:22:48.146   889   889 I ConfigStore: android::hardware::configstore::V1_0::ISurfaceFlingerConfigs::hasHDRDisplay retrieved: 0
12-29 18:22:48.155   702   856 D AudioFlinger: mixer(0xe4c83340) throttle end: throttle time(40)
12-29 18:22:48.161   889   889 I ConfigStore: android::hardware::configstore::V1_0::ISurfaceFlingerConfigs::hasHDRDisplay retrieved: 0
12-29 18:22:48.116  1288  1411 I chatty  : uid=1000(system) Binder:1288_5 identical 1 line
12-29 18:22:48.356  1288  1411 D SuperPowerApp: 1041 not found
12-29 18:22:48.356  1288  2004 D SuperPowerApp: 1041 not found
12-29 18:22:48.944   889   889 I chatty  : uid=1000(system) /system/bin/surfaceflinger identical 237 lines
12-29 18:22:48.960   889   889 I ConfigStore: android::hardware::configstore::V1_0::ISurfaceFlingerConfigs::hasHDRDisplay retrieved: 0
12-29 18:22:48.960   667  2329 I vendor.qti.bluetooth@1.0-ibs_handler: ProcessIbsCmd: Received IBS_WAKE_IND: 0xFD
12-29 18:22:48.960   667  2329 D vendor.qti.bluetooth@1.0-ibs_handler: SerialClockVote: vote for UART CLK ON
12-29 18:22:48.960   889   889 I ConfigStore: android::hardware::configstore::V1_0::ISurfaceFlingerConfigs::hasHDRDisplay retrieved: 0
12-29 18:22:48.961   889   889 I chatty  : uid=1000(system) /system/bin/surfaceflinger identical 1 line
12-29 18:22:48.961   889   889 I ConfigStore: android::hardware::configstore::V1_0::ISurfaceFlingerConfigs::hasHDRDisplay retrieved: 0
12-29 18:22:48.961   667  2329 D vendor.qti.bluetooth@1.0-wake_lock: Acquire wakelock is acquired 
12-29 18:22:48.961   667  2329 I vendor.qti.bluetooth@1.0-ibs_handler: ProcessIbsCmd: Writing IBS_WAKE_ACK
12-29 18:22:48.961   889   889 I ConfigStore: android::hardware::configstore::V1_0::ISurfaceFlingerConfigs::hasHDRDisplay retrieved: 0
12-29 18:22:48.962  1429  2332 W bt_btif : bta_dm_process_iot_report
12-29 18:22:48.962  1429  1489 W bt_btif : BTA_DM_IOT_INFO_EVT
12-29 18:22:48.962  1429  1489 I BluetoothVendorJni: iot_device_broadcast_callback
12-29 18:22:48.962  1429  1489 D BluetoothDevice: mAddress: CC:D3:1E:68:ED:B3
12-29 18:22:48.962  1429  1489 I chatty  : uid=1002(bluetooth) BT Service Call identical 1 line
12-29 18:22:48.963  1429  1489 D BluetoothDevice: mAddress: CC:D3:1E:68:ED:B3
12-29 18:22:48.963  1429  1489 D BluetoothVendorService: iotDeviceBroadcast STRM26138002625 address: CC:D3:1E:68:ED:B3 error: 2 error info: 64 event mask: 16Class of Device: 7936 lmp version: 0 lmp subversion: 0 manufacturer: 0 power level: 7 rssi: -56 link quality: 255 glitch count: 0
12-29 18:22:48.976   889   889 I ConfigStore: android::hardware::configstore::V1_0::ISurfaceFlingerConfigs::hasHDRDisplay retrieved: 0
12-29 18:22:48.994   889   889 I chatty  : uid=1000(system) /system/bin/surfaceflinger identical 8 lines
12-29 18:22:48.994   889   889 I ConfigStore: android::hardware::configstore::V1_0::ISurfaceFlingerConfigs::hasHDRDisplay retrieved: 0
12-29 18:22:49.001   667  2329 I vendor.qti.bluetooth@1.0-ibs_handler: ProcessIbsCmd: Received IBS_SLEEP_IND: 0xFE
12-29 18:22:49.001   667  2329 D vendor.qti.bluetooth@1.0-ibs_handler: SerialClockVote: vote for UART CLK OFF
12-29 18:22:49.010   889   889 I ConfigStore: android::hardware::configstore::V1_0::ISurfaceFlingerConfigs::hasHDRDisplay retrieved: 0
12-29 18:22:49.011   889   889 I chatty  : uid=1000(system) /system/bin/surfaceflinger identical 3 lines
12-29 18:22:49.011   889   889 I ConfigStore: android::hardware::configstore::V1_0::ISurfaceFlingerConfigs::hasHDRDisplay retrieved: 0
12-29 18:22:49.019  1288  1393 D calculateSignalLevel: wifi-level: -42
12-29 18:22:49.026   889   889 I ConfigStore: android::hardware::configstore::V1_0::ISurfaceFlingerConfigs::hasHDRDisplay retrieved: 0
12-29 18:22:49.144   889   889 I chatty  : uid=1000(system) /system/bin/surfaceflinger identical 38 lines
12-29 18:22:49.144   889   889 I ConfigStore: android::hardware::configstore::V1_0::ISurfaceFlingerConfigs::hasHDRDisplay retrieved: 0
12-29 18:22:49.152   667  1832 D vendor.qti.bluetooth@1.0-wake_lock: Release wakelock is released 
12-29 18:22:49.160   889   889 I ConfigStore: android::hardware::configstore::V1_0::ISurfaceFlingerConfigs::hasHDRDisplay retrieved: 0
12-29 18:22:49.577   889   889 I chatty  : uid=1000(system) /system/bin/surfaceflinger identical 128 lines
12-29 18:22:49.578   889   889 I ConfigStore: android::hardware::configstore::V1_0::ISurfaceFlingerConfigs::hasHDRDisplay retrieved: 0
12-29 18:22:49.585  2290 15833 W System.err: java.lang.InterruptedException
12-29 18:22:49.585  2290 15833 W System.err: 	at java.lang.Object.wait(Native Method)
12-29 18:22:49.585  2290 15833 W System.err: 	at java.lang.Object.wait(Object.java:422)
12-29 18:22:49.585  2290 15833 W System.err: 	at com.stripe.bbpos.bbdevice.bbb040zz.aaa000(SourceFile:40)
12-29 18:22:49.585  2290 15833 W System.err: 	at com.stripe.bbpos.bbdevice.aaa012zz.aaa002(SourceFile:40)
12-29 18:22:49.585  2290 15833 W System.err: 	at com.stripe.bbpos.bbdevice.bbb050zz.run(SourceFile:87)
12-29 18:22:49.585  2290 15833 W System.err: 	at java.util.concurrent.ThreadPoolExecutor.runWorker(ThreadPoolExecutor.java:1167)
12-29 18:22:49.585  2290 15833 W System.err: 	at java.util.concurrent.ThreadPoolExecutor$Worker.run(ThreadPoolExecutor.java:641)
12-29 18:22:49.585  2290 15833 W System.err: 	at java.lang.Thread.run(Thread.java:764)
12-29 18:22:49.593   889   889 I ConfigStore: android::hardware::configstore::V1_0::ISurfaceFlingerConfigs::hasHDRDisplay retrieved: 0
12-29 18:22:49.927   889   889 I chatty  : uid=1000(system) /system/bin/surfaceflinger identical 103 lines
12-29 18:22:49.928   889   889 I ConfigStore: android::hardware::configstore::V1_0::ISurfaceFlingerConfigs::hasHDRDisplay retrieved: 0
12-29 18:22:49.939  2290  2290 D EventBus: No subscribers registered for event class io.ubt.alaeat.pos.module_dine_in.data.ReloadEvent
12-29 18:22:49.939  2290  2290 D EventBus: No subscribers registered for event class org.greenrobot.eventbus.NoSubscriberEvent
12-29 18:22:49.943   889   889 I ConfigStore: android::hardware::configstore::V1_0::ISurfaceFlingerConfigs::hasHDRDisplay retrieved: 0
12-29 18:22:49.944   889   889 I chatty  : uid=1000(system) /system/bin/surfaceflinger identical 3 lines
12-29 18:22:49.945   889   889 I ConfigStore: android::hardware::configstore::V1_0::ISurfaceFlingerConfigs::hasHDRDisplay retrieved: 0
12-29 18:22:49.952  2290  2290 D StripeTerminal: class=Terminal message=retrievePaymentIntent
12-29 18:22:49.961   889   889 I ConfigStore: android::hardware::configstore::V1_0::ISurfaceFlingerConfigs::hasHDRDisplay retrieved: 0
12-29 18:22:50.178   889   889 I chatty  : uid=1000(system) /system/bin/surfaceflinger identical 64 lines
12-29 18:22:50.179   889   889 I ConfigStore: android::hardware::configstore::V1_0::ISurfaceFlingerConfigs::hasHDRDisplay retrieved: 0
12-29 18:22:50.193   889  1263 W SurfaceFlinger: Attempting to set client state on removed layer: io.ubt.alaeat.pos.t2.yomie/io.ubt.alaeat.pos.module_dine_in.acitivity.PaymentActivity#1
12-29 18:22:50.194   889  1263 W SurfaceFlinger: Attempting to destroy on removed layer: io.ubt.alaeat.pos.t2.yomie/io.ubt.alaeat.pos.module_dine_in.acitivity.PaymentActivity#1
12-29 18:22:50.194   889   889 I ConfigStore: android::hardware::configstore::V1_0::ISurfaceFlingerConfigs::hasHDRDisplay retrieved: 0
12-29 18:22:50.212   889   889 I chatty  : uid=1000(system) /system/bin/surfaceflinger identical 6 lines
12-29 18:22:50.213   889   889 I ConfigStore: android::hardware::configstore::V1_0::ISurfaceFlingerConfigs::hasHDRDisplay retrieved: 0
12-29 18:22:50.292   674 23227 W SDM     : HWPrimary::PopulateDisplayAttributes: Driver doesn't report panel physical width and height - defaulting to 320dpi
12-29 18:22:50.293   889   889 I ConfigStore: android::hardware::configstore::V1_0::ISurfaceFlingerConfigs::hasHDRDisplay retrieved: 0
12-29 18:22:50.294   889   889 I chatty  : uid=1000(system) /system/bin/surfaceflinger identical 2 lines
12-29 18:22:50.294   889   889 I ConfigStore: android::hardware::configstore::V1_0::ISurfaceFlingerConfigs::hasHDRDisplay retrieved: 0
12-29 18:22:51.059   674 23227 W SDM     : HWPrimary::PopulateDisplayAttributes: Driver doesn't report panel physical width and height - defaulting to 320dpi
12-29 18:22:51.060   889   889 I ConfigStore: android::hardware::configstore::V1_0::ISurfaceFlingerConfigs::hasHDRDisplay retrieved: 0
12-29 18:22:51.061   889   889 I chatty  : uid=1000(system) /system/bin/surfaceflinger identical 2 lines
12-29 18:22:51.061   889   889 I ConfigStore: android::hardware::configstore::V1_0::ISurfaceFlingerConfigs::hasHDRDisplay retrieved: 0
12-29 18:22:51.216   664  1410 D audio_hw_primary: out_standby: enter: stream (0xea9c0000) usecase(0: deep-buffer-playback)
12-29 18:22:51.216  2290 15885 W System.err: java.lang.InterruptedException
12-29 18:22:51.216  2290 15885 W System.err: 	at java.lang.Object.wait(Native Method)
12-29 18:22:51.216  2290 15885 W System.err: 	at java.lang.Object.wait(Object.java:422)
12-29 18:22:51.216  2290 15885 W System.err: 	at com.stripe.bbpos.bbdevice.bbb040zz.aaa000(SourceFile:40)
12-29 18:22:51.216  2290 15885 W System.err: 	at com.stripe.bbpos.bbdevice.aaa012zz.aaa002(SourceFile:40)
12-29 18:22:51.216  2290 15885 W System.err: 	at com.stripe.bbpos.bbdevice.bbb050zz.run(SourceFile:87)
12-29 18:22:51.216  2290 15885 W System.err: 	at java.util.concurrent.ThreadPoolExecutor.runWorker(ThreadPoolExecutor.java:1167)
12-29 18:22:51.216  2290 15885 W System.err: 	at java.util.concurrent.ThreadPoolExecutor$Worker.run(ThreadPoolExecutor.java:641)
12-29 18:22:51.216  2290 15885 W System.err: 	at java.lang.Thread.run(Thread.java:764)
12-29 18:22:51.427   664  1410 D audio_hw_primary: disable_audio_route: reset and update mixer path: deep-buffer-playback
12-29 18:22:51.428   664  1410 D soundtrigger: audio_extn_sound_trigger_update_stream_status: uc_info->id 0 of type 0 for Event 2, with Raise=1
12-29 18:22:51.428   664  1410 I sound_trigger_platform: platform_stdev_check_and_update_concurrency: Received STREAM event, event type 2, usecase type 0
12-29 18:22:51.428   664  1410 D sound_trigger_platform: platform_stdev_check_and_update_concurrency: dedicated path 0, reset backend 1, tx 0, rx 0,concurrency session allowed
12-29 18:22:51.428   664  1410 D msm8916_platform: platform_split_snd_device: snd_device(2) num devices(0) new_snd_devices(0)
12-29 18:22:51.428   664  1410 I msm8916_platform: platform_get_custom_mtmx_params: no matching param with id 0 ip_ch 2 op_ch 2 uc_id 0 snd_dev 2
12-29 18:22:51.428   664  1410 D hardware_info: hw_info_append_hw_type : device_name = speaker
12-29 18:22:51.428   664  1410 D audio_hw_primary: disable_snd_device: snd_device(2: speaker)
12-29 18:22:51.428   664  1410 D msm8916_platform: platform_split_snd_device: snd_device(2) num devices(0) new_snd_devices(0)
12-29 18:22:51.438   664  1410 I soundtrigger: audio_extn_sound_trigger_update_device_status: device 0x2 of type 0 for Event 0, with Raise=0
12-29 18:22:51.438   664  1410 D audio_hw_primary: out_standby: exit
12-29 18:22:52.030  1288  1393 D calculateSignalLevel: wifi-level: -43
12-29 18:22:51.438  1288  2004 D SuperPowerApp: 1041 not found
12-29 18:22:52.371  1288  1288 W WindowManager: removeWindowToken: Attempted to remove non-existing token: android.os.Binder@a6c6cad
12-29 18:22:52.938 19273 19273 D improveTouch: [Main:158] Start touch daemon
12-29 18:22:52.938 19273 19273 E improveTouch: [ConfigManager:234] /sys/devices/soc0/chip_name doesn't exist
12-29 18:22:52.938 19273 19273 D improveTouch: [ConfigManager:501] loader file is available. loading it...
12-29 18:22:52.939 19273 19273 D improveTouch: [ConfigManager:405] no custom ID defined
12-29 18:22:52.939 19273 19273 D improveTouch: [ConfigManager:428] GetPktStatus: E
12-29 18:22:52.939 19273 19273 E improveTouch: [ConfigManager:444] can't open /data/vendor/hbtp/pkt_play
12-29 18:22:52.939 19273 19273 D improveTouch: [ConfigManager:448] GetPktStatus: X
12-29 18:22:52.939 19273 19273 I improveTouch: [ConfigManager:546] Data Dir = /data/vendor/hbtp
12-29 18:22:52.939 19273 19273 I improveTouch: [ConfigManager:547] Main Config Dir = /vendor/etc/hbtp
12-29 18:22:52.939 19273 19273 I improveTouch: [ConfigManager:551] ConfigFile = /vendor/etc/hbtp/hbtpcfg_sdm660_800s_qhd.dat
12-29 18:22:52.939 19273 19273 I improveTouch: [ConfigManager:554] UTFLib = libFastRPC_UTF_Forward_skel.so
12-29 18:22:52.939 19273 19273 I improveTouch: [ConfigManager:557] AFEFW = /vendor/etc/hbtp/qtc800s_dsp.bin
12-29 18:22:52.939 19273 19273 I improveTouch: [ConfigManager:560] DSP = adsp
12-29 18:22:52.939 19273 19273 D improveTouch: [TouchController:415] init: E
12-29 18:22:52.939 19273 19273 D improveTouch: [ConfigManager:583] start loading config
12-29 18:22:52.984 19273 19273 D improveTouch: [ConfigManager:675] finished loading config
12-29 18:22:52.985 19273 19273 D improveTouch: [TouchController:454] Power Control Config doesn't exist
12-29 18:22:52.985 19273 19273 D improveTouch: [TouchController:462] Power Sync Option doesn't exist
12-29 18:22:52.985 19273 19273 D improveTouch: [TouchController:464] PowerManager Option = 0
12-29 18:22:52.985 19273 19273 E improveTouch: [InputDevice:61] InputDevice: pixelX: min = 0, max = 1440 pixelY: min = 0, max = 2560
12-29 18:22:52.985 19273 19273 E improveTouch: [InputDevice:65] Unable to open /dev/hbtp_input
12-29 18:22:52.986 19273 19273 E improveTouch: [TouchController:490] Error initializing input device: Error opening file
12-29 18:22:52.986 19273 19273 D improveTouch: [TouchController:1136] CommandExecutor::exit: thread is running, kill it first
12-29 18:22:52.986 19273 19274 D improveTouch: [TouchController:1186] runLoop exits
12-29 18:22:52.986 19273 19273 E improveTouch: [TouchController:522] init failed, ret = 1073741825
12-29 18:22:52.986 19273 19273 E improveTouch: [TouchServer:59] fail to init TouchController: Error opening file
12-29 18:22:52.986 19273 19273 E improveTouch: [TouchServer:69] error happened, clean-up resource and exit
12-29 18:22:52.986 19273 19273 E improveTouch: [TouchServer:71] delete event monitor
12-29 18:22:52.986 19273 19273 E improveTouch: [TouchServer:75] delete controller
12-29 18:22:52.986 19273 19273 E improveTouch: [TouchServer:79] delete touch processor
12-29 18:22:52.986 19273 19273 D improveTouch: [DSPTouchProcessor:807] deInit: E
12-29 18:22:52.986 19273 19273 E improveTouch: [DSPTouchProcessor:823] deInit: invalid state (current = 0)
12-29 18:22:52.986 19273 19273 D improveTouch: [DSPTouchProcessor:827] deInit: X pa_utf_ret = 1, ret = 1073741835
12-29 18:22:52.986 19273 19273 E improveTouch: [TouchServer:83] delete event injector
12-29 18:22:52.986 19273 19273 E improveTouch: [TouchServer:87] delete config management
12-29 18:22:52.986 19273 19273 E improveTouch: [TouchServer:90] fail to start daemon
12-29 18:22:52.986 19273 19273 E improveTouch: [Main:169] fail to initiate touch server
12-29 18:22:53.550  2290 15931 W System.err: java.lang.InterruptedException
12-29 18:22:53.550  2290 15931 W System.err: 	at java.lang.Object.wait(Native Method)
12-29 18:22:53.550  2290 15931 W System.err: 	at java.lang.Object.wait(Object.java:422)
12-29 18:22:53.551  2290 15931 W System.err: 	at com.stripe.bbpos.bbdevice.bbb040zz.aaa000(SourceFile:40)
12-29 18:22:53.551  2290 15931 W System.err: 	at com.stripe.bbpos.bbdevice.aaa012zz.aaa002(SourceFile:40)
12-29 18:22:53.551  2290 15931 W System.err: 	at com.stripe.bbpos.bbdevice.bbb050zz.run(SourceFile:87)
12-29 18:22:53.551  2290 15931 W System.err: 	at java.util.concurrent.ThreadPoolExecutor.runWorker(ThreadPoolExecutor.java:1167)
12-29 18:22:53.551  2290 15931 W System.err: 	at java.util.concurrent.ThreadPoolExecutor$Worker.run(ThreadPoolExecutor.java:641)
12-29 18:22:53.551  2290 15931 W System.err: 	at java.lang.Thread.run(Thread.java:764)
12-29 18:22:54.060   889   889 I ConfigStore: android::hardware::configstore::V1_0::ISurfaceFlingerConfigs::hasHDRDisplay retrieved: 0
12-29 18:22:54.061   889   889 I chatty  : uid=1000(system) /system/bin/surfaceflinger identical 2 lines
12-29 18:22:54.061   889   889 I ConfigStore: android::hardware::configstore::V1_0::ISurfaceFlingerConfigs::hasHDRDisplay retrieved: 0
12-29 18:22:54.371   667  2329 I vendor.qti.bluetooth@1.0-ibs_handler: ProcessIbsCmd: Received IBS_WAKE_IND: 0xFD
12-29 18:22:54.371   667  2329 D vendor.qti.bluetooth@1.0-ibs_handler: SerialClockVote: vote for UART CLK ON
12-29 18:22:54.372   667  2329 D vendor.qti.bluetooth@1.0-wake_lock: Acquire wakelock is acquired 
12-29 18:22:54.372   667  2329 I vendor.qti.bluetooth@1.0-ibs_handler: ProcessIbsCmd: Writing IBS_WAKE_ACK
12-29 18:22:54.372  1429  2332 W bt_btif : bta_dm_process_iot_report
12-29 18:22:54.372  1429  1489 W bt_btif : BTA_DM_IOT_INFO_EVT
12-29 18:22:54.372  1429  1489 I BluetoothVendorJni: iot_device_broadcast_callback
12-29 18:22:54.373  1429  1489 D BluetoothDevice: mAddress: CC:D3:1E:68:ED:B3
12-29 18:22:54.373  1429  1489 I chatty  : uid=1002(bluetooth) BT Service Call identical 1 line
12-29 18:22:54.373  1429  1489 D BluetoothDevice: mAddress: CC:D3:1E:68:ED:B3
12-29 18:22:54.373  1429  1489 D BluetoothVendorService: iotDeviceBroadcast STRM26138002625 address: CC:D3:1E:68:ED:B3 error: 2 error info: 64 event mask: 16Class of Device: 7936 lmp version: 0 lmp subversion: 0 manufacturer: 0 power level: 7 rssi: -56 link quality: 255 glitch count: 0
12-29 18:22:54.412   667  2329 I vendor.qti.bluetooth@1.0-ibs_handler: ProcessIbsCmd: Received IBS_SLEEP_IND: 0xFE
12-29 18:22:54.412   667  2329 D vendor.qti.bluetooth@1.0-ibs_handler: SerialClockVote: vote for UART CLK OFF
12-29 18:22:54.446  1429  2332 W bt_btif : bta_gattc_conn_cback() - cif=3 connected=0 conn_id=3 reason=0x0008
12-29 18:22:54.446  1429  2332 W bt_btif : bta_gattc_conn_cback() - cif=4 connected=0 conn_id=4 reason=0x0008
12-29 18:22:54.446  1429  2332 W bt_btif : bta_gattc_conn_cback() - cif=5 connected=0 conn_id=5 reason=0x0008
12-29 18:22:54.448  1429  2332 I bt_btm_sec: btm_sec_disconnected clearing pending flag handle:2 reason:8
12-29 18:22:54.448  1429  1489 D BtGatt.GattService: onWriteCharacteristic() - address=CC:D3:1E:68:ED:B3, status=133
12-29 18:22:54.449  2290 17406 D BluetoothDevice: mAddress: CC:D3:1E:68:ED:B3
12-29 18:22:54.462  1429  2332 W bt_l2cap: L2CA_SetDesireRole() new:x1, disallow_switch:0
12-29 18:22:54.462  1429  1489 D bt_btif : btif_av_move_idle: Already in IDLE
12-29 18:22:54.462  2290 17406 D BluetoothGatt: onClientConnectionState() - status=8 clientIf=5 device=CC:D3:1E:68:ED:B3
12-29 18:22:54.462  2290 17406 D BluetoothDevice: mAddress: CC:D3:1E:68:ED:B3
12-29 18:22:54.463  1429  1489 D BluetoothDevice: mAddress: CC:D3:1E:68:ED:B3
12-29 18:22:54.463  1429  1489 D BluetoothDevice: mAddress: CC:D3:1E:68:ED:B3
12-29 18:22:54.463  2290 17406 D BluetoothDevice: mAddress: CC:D3:1E:68:ED:B3
12-29 18:22:54.463  2290 17406 D BluetoothGatt: cancelOpen() - device: CC:D3:1E:68:ED:B3
12-29 18:22:54.463  2290 17406 D BluetoothDevice: mAddress: CC:D3:1E:68:ED:B3
12-29 18:22:54.464  1429  2332 E bt_btif : No such connection need to be cancelled
12-29 18:22:54.464  1429  2332 E bt_stack: [ERROR:bta_gattc_utils.cc(464)] bta_gattc_mark_bg_conn unable to find the bg connection mask for: cc:d3:1e:68:ed:b3
12-29 18:22:54.464  1429  1429 D BluetoothMapService: onReceive
12-29 18:22:54.464  1429  1429 D BluetoothMapService: onReceive: android.bluetooth.device.action.ACL_DISCONNECTED
12-29 18:22:54.464  1429  1429 I BluetoothMapService: sRemoteDevice :null device:CC:D3:1E:68:ED:B3
12-29 18:22:54.464  1429  1429 I BluetoothFtpService: action :android.bluetooth.device.action.ACL_DISCONNECTED
12-29 18:22:54.464  2290  2290 D BluetoothDevice: mAddress: CC:D3:1E:68:ED:B3
12-29 18:22:54.465  2290  2290 D BluetoothDevice: mAddress: CC:D3:1E:68:ED:B3
12-29 18:22:54.465  1429  1429 I BluetoothDunService: action :android.bluetooth.device.action.ACL_DISCONNECTED
12-29 18:22:54.465  2290 17406 D BluetoothDevice: mAddress: CC:D3:1E:68:ED:B3
12-29 18:22:54.465  2290 17406 D BluetoothGatt: cancelOpen() - device: CC:D3:1E:68:ED:B3
12-29 18:22:54.465  2290 17406 D BluetoothDevice: mAddress: CC:D3:1E:68:ED:B3
12-29 18:22:54.466  1429  2332 E bt_btif : No such connection need to be cancelled
12-29 18:22:54.466  1429  2332 E bt_stack: [ERROR:bta_gattc_utils.cc(464)] bta_gattc_mark_bg_conn unable to find the bg connection mask for: cc:d3:1e:68:ed:b3
12-29 18:22:54.467  2290 17406 D BluetoothGatt: close()
12-29 18:22:54.467  2290 17406 D BluetoothGatt: unregisterApp() - mClientIf=5
12-29 18:22:54.562   667  1832 D vendor.qti.bluetooth@1.0-wake_lock: Release wakelock is released 
12-29 18:22:54.757  1288  1310 D ActivityManager: set woyou.aidlservice.jiuiv5 adj -900
12-29 18:22:54.869  2290  2290 I StripeTerminal: class=BBPOSControllerListener message=onBTDisconnected
12-29 18:22:54.869  2290  2290 D StripeTerminal: class=BluetoothBondStateReceiver message=stopListening
12-29 18:22:54.869  2290  2290 I StripeTerminal: class=TransactionManager message=endTransaction
12-29 18:22:54.870  2290  2290 I ConnectionManager: endOperation
12-29 18:22:54.870  2290  2290 I UpdateManager: endOperation
12-29 18:22:54.870  2290  2290 D StripeTerminal: class=ProxyTerminalListener message=onConnectionStatusChange(NOT_CONNECTED)
12-29 18:22:54.870  2290  3351 D StripeTerminal: class=ProxyTerminalListener message=onPaymentStatusChange(NOT_READY)
12-29 18:22:54.874  2290  2290 D StripeTerminal: class=ProxyTerminalListener message=onUnexpectedReaderDisconnect(STRM26138002625)
12-29 18:22:54.878  2290  3351 E StripeTerminal: Bluetooth unexpectedly disconnected during operation.
12-29 18:22:54.878  2290  3351 E StripeTerminal: com.stripe.stripeterminal.external.models.TerminalException: Bluetooth unexpectedly disconnected during operation.
12-29 18:22:54.878  2290  3351 E StripeTerminal: 	at com.stripe.stripeterminal.adapter.BbposAdapter.register$lambda-19(BbposAdapter.kt:483)
12-29 18:22:54.878  2290  3351 E StripeTerminal: 	at com.stripe.stripeterminal.adapter.BbposAdapter.lambda$MnvVTIbH5AJLSb6NQiPB5jmkREQ(Unknown Source:0)
12-29 18:22:54.878  2290  3351 E StripeTerminal: 	at com.stripe.stripeterminal.adapter.-$$Lambda$BbposAdapter$MnvVTIbH5AJLSb6NQiPB5jmkREQ.accept(Unknown Source:4)
12-29 18:22:54.878  2290  3351 E StripeTerminal: 	at io.reactivex.internal.observers.LambdaObserver.onNext(LambdaObserver.java:63)
12-29 18:22:54.878  2290  3351 E StripeTerminal: 	at io.reactivex.internal.operators.observable.ObservableSubscribeOn$SubscribeOnObserver.onNext(ObservableSubscribeOn.java:58)
12-29 18:22:54.878  2290  3351 E StripeTerminal: 	at io.reactivex.subjects.PublishSubject$PublishDisposable.onNext(PublishSubject.java:308)
12-29 18:22:54.878  2290  3351 E StripeTerminal: 	at io.reactivex.subjects.PublishSubject.onNext(PublishSubject.java:228)
12-29 18:22:54.878  2290  3351 E StripeTerminal: 	at com.stripe.core.hardware.reactive.status.ReactiveReaderStatusListener.handleReaderDisconnect(ReactiveReaderStatusListener.kt:83)
12-29 18:22:54.878  2290  3351 E StripeTerminal: 	at com.stripe.core.bbpos.BBPOSControllerListener.onBTDisconnected(BBPOSControllerListener.kt:152)
12-29 18:22:54.878  2290  3351 E StripeTerminal: 	at com.stripe.bbpos.bbdevice.BBDeviceController.aaa034(SourceFile:3)
12-29 18:22:54.878  2290  3351 E StripeTerminal: 	at com.stripe.bbpos.bbdevice.BBDeviceController.lambda$UwQ_HV6FuNQlQjlO3GwAhvuPip4(Unknown Source:0)
12-29 18:22:54.878  2290  3351 E StripeTerminal: 	at com.stripe.bbpos.bbdevice.-$$Lambda$BBDeviceController$UwQ_HV6FuNQlQjlO3GwAhvuPip4.run(Unknown Source:0)
12-29 18:22:54.878  2290  3351 E StripeTerminal: 	at android.os.Handler.handleCallback(Handler.java:873)
12-29 18:22:54.878  2290  3351 E StripeTerminal: 	at android.os.Handler.dispatchMessage(Handler.java:99)
12-29 18:22:54.878  2290  3351 E StripeTerminal: 	at android.os.Looper.loop(Looper.java:193)
12-29 18:22:54.878  2290  3351 E StripeTerminal: 	at android.app.ActivityThread.main(ActivityThread.java:6746)
12-29 18:22:54.878  2290  3351 E StripeTerminal: 	at java.lang.reflect.Method.invoke(Native Method)
12-29 18:22:54.878  2290  3351 E StripeTerminal: 	at com.android.internal.os.RuntimeInit$MethodAndArgsCaller.run(RuntimeInit.java:493)
12-29 18:22:54.878  2290  3351 E StripeTerminal: 	at com.android.internal.os.ZygoteInit.main(ZygoteInit.java:858)
12-29 18:22:54.884  2290  3351 D StripeTerminal: class=ApiClient message=cancelPaymentIntent
12-29 18:22:54.885  2290  3351 I StripeTerminal: class=RestClient message="url=https://api.stripe.com/v1/payment_intents/pi_3KCBRnHnmbEF7f1O0s4JmlBI/cancel request={}"
12-29 18:22:54.913  2290  2290 E blog    : [ (LogUtil.kt:31)#Loge$default ] : true
12-29 18:22:54.928   889   889 I ConfigStore: android::hardware::configstore::V1_0::ISurfaceFlingerConfigs::hasHDRDisplay retrieved: 0
12-29 18:22:54.928   889   889 I chatty  : uid=1000(system) /system/bin/surfaceflinger identical 2 lines
12-29 18:22:54.929   889   889 I ConfigStore: android::hardware::configstore::V1_0::ISurfaceFlingerConfigs::hasHDRDisplay retrieved: 0
12-29 18:22:54.939   889   983 D SurfaceFlinger: duplicate layer name: changing io.ubt.alaeat.pos.t2.yomie/io.ubt.alaeat.pos.module_dine_in.acitivity.PaymentActivity to io.ubt.alaeat.pos.t2.yomie/io.ubt.alaeat.pos.module_dine_in.acitivity.PaymentActivity#1
12-29 18:22:54.944   889   889 I ConfigStore: android::hardware::configstore::V1_0::ISurfaceFlingerConfigs::hasHDRDisplay retrieved: 0
12-29 18:22:54.945   889   889 I chatty  : uid=1000(system) /system/bin/surfaceflinger identical 2 lines
12-29 18:22:54.946   889   889 I ConfigStore: android::hardware::configstore::V1_0::ISurfaceFlingerConfigs::hasHDRDisplay retrieved: 0
12-29 18:22:54.951   889   983 D SurfaceFlinger: duplicate layer name: changing io.ubt.alaeat.pos.t2.yomie/io.ubt.alaeat.pos.module_dine_in.acitivity.PaymentActivity to io.ubt.alaeat.pos.t2.yomie/io.ubt.alaeat.pos.module_dine_in.acitivity.PaymentActivity#2
12-29 18:22:54.961   889   889 I ConfigStore: android::hardware::configstore::V1_0::ISurfaceFlingerConfigs::hasHDRDisplay retrieved: 0
12-29 18:22:55.030   889   889 I chatty  : uid=1000(system) /system/bin/surfaceflinger identical 20 lines
12-29 18:22:55.030   889   889 I ConfigStore: android::hardware::configstore::V1_0::ISurfaceFlingerConfigs::hasHDRDisplay retrieved: 0
12-29 18:22:55.034  1288  1393 D calculateSignalLevel: wifi-level: -44
12-29 18:22:55.044   889   889 I ConfigStore: android::hardware::configstore::V1_0::ISurfaceFlingerConfigs::hasHDRDisplay retrieved: 0
12-29 18:22:55.229   889   889 I chatty  : uid=1000(system) /system/bin/surfaceflinger identical 70 lines
12-29 18:22:55.229   889   889 I ConfigStore: android::hardware::configstore::V1_0::ISurfaceFlingerConfigs::hasHDRDisplay retrieved: 0
12-29 18:22:55.236  2290  3351 I RestResponse: REST response with code 400 received
12-29 18:22:55.236  2290  3351 I RestResponse: request-id: req_rpWuCkpzRdgfDj
12-29 18:22:55.238  2290  3351 I StripeTerminal: class=RestClient message="url=https://api.stripe.com/v1/payment_intents/pi_3KCBRnHnmbEF7f1O0s4JmlBI/cancel status=BAD_REQUEST response={"error":{"code":"payment_intent_unexpected_state","docUrl":"https://stripe.com/docs/error-codes/payment-intent-unexpected-state","message":"You cannot cancel this PaymentIntent because it has a status of canceled. Only a PaymentIntent with one of the following statuses may be canceled: requires_payment_method, requires_capture, requires_confirmation, requires_action, processing.","paymentIntent":{"amount":"2067","amountCapturable":"0","amountReceived":"0","applicationFeeAmount":"64","canceledAt":"1640820167","captureMethod":"manual","charges":{"hasMore":false,"totalCount":0},"clientSecret":"pi_3KCBRnHnmbEF7f1O0s4JmlBI_secret_Q6qLCkWY51AkegLEi6iOMPwXU","created":"1640820043","currency":"usd","id":"pi_3KCBRnHnmbEF7f1O0s4JmlBI","livemode":true,"metadata":{"ORDER_ID":"661106372242493440","CHANNEL":"Counter POS","ORDER_CODE":"10272481","SHOP_ID":"653658833708826112","BUYER_ID":"GUEST"},"status":"canceled"},"type":"invalid_request_error"}}"
12-29 18:22:55.240  2290  3351 E StripeTerminal: You cannot cancel this PaymentIntent because it has a status of canceled. Only a PaymentIntent with one of the following statuses may be canceled: requires_payment_method, requires_capture, requires_confirmation, requires_action, processing.
12-29 18:22:55.240  2290  3351 E StripeTerminal: com.stripe.stripeterminal.external.models.TerminalException: You cannot cancel this PaymentIntent because it has a status of canceled. Only a PaymentIntent with one of the following statuses may be canceled: requires_payment_method, requires_capture, requires_confirmation, requires_action, processing.
12-29 18:22:55.240  2290  3351 E StripeTerminal: 	at com.stripe.stripeterminal.api.ApiClient$Companion.convertErrorResponseTerminalException(ApiClient.kt:264)
12-29 18:22:55.240  2290  3351 E StripeTerminal: 	at com.stripe.stripeterminal.api.ApiClient$Companion.decodeResponse(ApiClient.kt:230)
12-29 18:22:55.240  2290  3351 E StripeTerminal: 	at com.stripe.stripeterminal.api.ApiClient$Companion.decodeResponse$default(ApiClient.kt:207)
12-29 18:22:55.240  2290  3351 E StripeTerminal: 	at com.stripe.stripeterminal.api.ApiClient.cancelPaymentIntent(ApiClient.kt:69)
12-29 18:22:55.240  2290  3351 E StripeTerminal: 	at com.stripe.stripeterminal.TerminalSession$CancelPaymentIntentOperation.execute(TerminalSession.kt:561)
12-29 18:22:55.240  2290  3351 E StripeTerminal: 	at com.stripe.stripeterminal.TerminalSession$ExternalOperation.run$core_publish(TerminalSession.kt:444)
12-29 18:22:55.240  2290  3351 E StripeTerminal: 	at com.stripe.stripeterminal.TerminalSession.enqueueOperation$lambda-2(TerminalSession.kt:341)
12-29 18:22:55.240  2290  3351 E StripeTerminal: 	at com.stripe.stripeterminal.TerminalSession.lambda$JON2uE3bqI6fqJ9Sw06Ciz8JRZw(Unknown Source:0)
12-29 18:22:55.240  2290  3351 E StripeTerminal: 	at com.stripe.stripeterminal.-$$Lambda$TerminalSession$JON2uE3bqI6fqJ9Sw06Ciz8JRZw.run(Unknown Source:4)
12-29 18:22:55.240  2290  3351 E StripeTerminal: 	at java.util.concurrent.Executors$RunnableAdapter.call(Executors.java:458)
12-29 18:22:55.240  2290  3351 E StripeTerminal: 	at java.util.concurrent.FutureTask.run(FutureTask.java:266)
12-29 18:22:55.240  2290  3351 E StripeTerminal: 	at java.util.concurrent.ThreadPoolExecutor.runWorker(ThreadPoolExecutor.java:1167)
12-29 18:22:55.240  2290  3351 E StripeTerminal: 	at java.util.concurrent.ThreadPoolExecutor$Worker.run(ThreadPoolExecutor.java:641)
12-29 18:22:55.240  2290  3351 E StripeTerminal: 	at java.lang.Thread.run(Thread.java:764)
12-29 18:22:55.245   889   889 I ConfigStore: android::hardware::configstore::V1_0::ISurfaceFlingerConfigs::hasHDRDisplay retrieved: 0
12-29 18:22:55.245   889   889 I ConfigStore: android::hardware::configstore::V1_0::ISurfaceFlingerConfigs::hasHDRDisplay retrieved: 0
12-29 18:22:55.245  2290  3351 D StripeTerminal: class=ApiClient message=retrievePaymentIntent
12-29 18:22:55.246   889   889 I ConfigStore: android::hardware::configstore::V1_0::ISurfaceFlingerConfigs::hasHDRDisplay retrieved: 0
12-29 18:22:55.246   889   889 I chatty  : uid=1000(system) /system/bin/surfaceflinger identical 2 lines
12-29 18:22:55.247   889   889 I ConfigStore: android::hardware::configstore::V1_0::ISurfaceFlingerConfigs::hasHDRDisplay retrieved: 0
12-29 18:22:55.247  2290  3351 I StripeTerminal: class=RestClient message="url=https://api.stripe.com/v1/payment_intents/pi_3KCBToHnmbEF7f1O0XWIrZbx request={}"
12-29 18:22:55.441  2290  3351 I RestResponse: REST response with code 200 received
12-29 18:22:55.441  2290  3351 I RestResponse: request-id: req_RhwANLY5N94ttP
12-29 18:22:55.442  2290  3351 I StripeTerminal: class=RestClient message="url=https://api.stripe.com/v1/payment_intents/pi_3KCBToHnmbEF7f1O0XWIrZbx status=OK headers={access-control-allow-credentials=true, access-control-allow-methods=GET, POST, HEAD, OPTIONS, DELETE, access-control-allow-origin=*, access-control-expose-headers=Request-Id, Stripe-Manage-Version, X-Stripe-External-Auth-Required, X-Stripe-Privileged-Session-Required, access-control-max-age=300, cache-control=no-cache, no-store, content-length=1497, content-type=application/json, date=Wed, 29 Dec 2021 23:22:54 GMT, idempotency-key=1640820175247unknownqvqMp9Pg, request-id=req_RhwANLY5N94ttP, server=nginx, strict-transport-security=max-age=31556926; includeSubDomains; preload, stripe-version=2019-02-19} response={"amount":"2067","amountCapturable":"0","amountReceived":"0","applicationFeeAmount":"64","captureMethod":"manual","charges":{"hasMore":false,"totalCount":0},"clientSecret":"pi_3KCBToHnmbEF7f1O0XWIrZbx_secret_ZuWGLuYF5LYCVEnPqzwbtnivk","created":"1640820168","currency":"usd","id":"pi_3KCBToHnmbEF7f1O0XWIrZbx","livemode":true,"metadata":{"ORDER_ID":"661106372242493440","CHANNEL":"Counter POS","ORDER_CODE":"10272481","SHOP_ID":"653658833708826112","BUYER_ID":"GUEST"},"status":"requires_payment_method"}"
12-29 18:22:55.450  2290  3351 D StripeTerminal: class=Terminal message=collectPaymentMethod
12-29 18:22:55.451  2290  3351 D StripeTerminal: class=ProxyTerminalListener message=onPaymentStatusChange(WAITING_FOR_INPUT)
12-29 18:22:55.455  2290  3351 D StripeTerminal: class=BbposAdapter message=collectPaymentMethod amount="Amount(value=2067, currencyCode=usd)" type=com.stripe.stripeterminal.internal.common.PaymentMethodCollectionType$Sale@f93b378
12-29 18:22:55.455  2290  3351 I StripeTerminal: class=TransactionManager message=startPaymentMethod
12-29 18:22:55.455  2290  3351 I StripeTerminal: class=TransactionStateMachine message="onStateChanged: EMPTY -> COLLECT: Payment method requested"
12-29 18:22:55.455  2290  3351 I BBPOSReaderController: enableDevice
12-29 18:22:55.456  2290  3351 D StripeTerminal: class=BBPOSDeviceControllerImpl message=startEmv
12-29 18:22:55.457  2290  2290 I StripeTerminal: class=BBPOSControllerListener message="onError COMM_LINK_UNINITIALIZED, "
12-29 18:22:55.457  2290  2290 D StripeTerminal: class=BluetoothBondStateReceiver message=stopListening
12-29 18:22:55.457  2290  2290 I StripeTerminal: class=TransactionManager message=endTransaction
12-29 18:22:55.457  2290  2290 I ConnectionManager: endOperation
12-29 18:22:55.457  2290  2290 I UpdateManager: endOperation
12-29 18:22:55.457  2290  2290 I StripeTerminal: class=TransactionStateMachine message="onStateChanged: COLLECT -> CANCELLED: null"
12-29 18:22:55.457  2290  2290 I CombinedKernelInterface: cancel
12-29 18:22:55.458  2290  2290 I BBPOSReaderController: disableDevice CARD_NOT_WORKING
12-29 18:22:55.458  2290  2290 D StripeTerminal: class=BBPOSDeviceControllerImpl message=cancelCheckCard
12-29 18:22:55.458  2290  2290 I StripeTerminal: class=TransactionStateMachine message="onStateChanged: CANCELLED -> EMPTY: Transaction cancelled"
12-29 18:22:55.458  2290  2290 I StripeTerminal: class=BBPOSControllerListener message="onError COMM_LINK_UNINITIALIZED, "
12-29 18:22:55.458  2290  3351 D StripeTerminal: class=ProxyTerminalListener message=onPaymentStatusChange(NOT_READY)
12-29 18:22:55.458  2290  2290 D StripeTerminal: class=BluetoothBondStateReceiver message=stopListening
12-29 18:22:55.458  2290  2290 I StripeTerminal: class=TransactionManager message=endTransaction
12-29 18:22:55.458  2290  2290 I ConnectionManager: endOperation
12-29 18:22:55.458  2290  2290 I UpdateManager: endOperation
12-29 18:22:55.462  2290  3351 E StripeTerminal: Bluetooth unexpectedly disconnected during operation.
12-29 18:22:55.462  2290  3351 E StripeTerminal: com.stripe.stripeterminal.external.models.TerminalException: Bluetooth unexpectedly disconnected during operation.
12-29 18:22:55.462  2290  3351 E StripeTerminal: 	at com.stripe.stripeterminal.adapter.BbposAdapter.register$lambda-19(BbposAdapter.kt:483)
12-29 18:22:55.462  2290  3351 E StripeTerminal: 	at com.stripe.stripeterminal.adapter.BbposAdapter.lambda$MnvVTIbH5AJLSb6NQiPB5jmkREQ(Unknown Source:0)
12-29 18:22:55.462  2290  3351 E StripeTerminal: 	at com.stripe.stripeterminal.adapter.-$$Lambda$BbposAdapter$MnvVTIbH5AJLSb6NQiPB5jmkREQ.accept(Unknown Source:4)
12-29 18:22:55.462  2290  3351 E StripeTerminal: 	at io.reactivex.internal.observers.LambdaObserver.onNext(LambdaObserver.java:63)
12-29 18:22:55.462  2290  3351 E StripeTerminal: 	at io.reactivex.internal.operators.observable.ObservableSubscribeOn$SubscribeOnObserver.onNext(ObservableSubscribeOn.java:58)
12-29 18:22:55.462  2290  3351 E StripeTerminal: 	at io.reactivex.subjects.PublishSubject$PublishDisposable.onNext(PublishSubject.java:308)
12-29 18:22:55.462  2290  3351 E StripeTerminal: 	at io.reactivex.subjects.PublishSubject.onNext(PublishSubject.java:228)
12-29 18:22:55.462  2290  3351 E StripeTerminal: 	at com.stripe.core.hardware.reactive.status.ReactiveReaderStatusListener.handleReaderDisconnect(ReactiveReaderStatusListener.kt:83)
12-29 18:22:55.462  2290  3351 E StripeTerminal: 	at com.stripe.core.bbpos.BBPOSControllerListener.onError(BBPOSControllerListener.kt:85)
12-29 18:22:55.462  2290  3351 E StripeTerminal: 	at com.stripe.bbpos.bbdevice.BBDeviceController.aaa001(SourceFile:220)
12-29 18:22:55.462  2290  3351 E StripeTerminal: 	at com.stripe.bbpos.bbdevice.BBDeviceController.lambda$RZa6XkjxLMcqzZ-CEZ8vgTa71IE(Unknown Source:0)
12-29 18:22:55.462  2290  3351 E StripeTerminal: 	at com.stripe.bbpos.bbdevice.-$$Lambda$BBDeviceController$RZa6XkjxLMcqzZ-CEZ8vgTa71IE.run(Unknown Source:4)
12-29 18:22:55.462  2290  3351 E StripeTerminal: 	at android.os.Handler.handleCallback(Handler.java:873)
12-29 18:22:55.462  2290  3351 E StripeTerminal: 	at android.os.Handler.dispatchMessage(Handler.java:99)
12-29 18:22:55.462  2290  3351 E StripeTerminal: 	at android.os.Looper.loop(Looper.java:193)
12-29 18:22:55.462  2290  3351 E StripeTerminal: 	at android.app.ActivityThread.main(ActivityThread.java:6746)
12-29 18:22:55.462  2290  3351 E StripeTerminal: 	at java.lang.reflect.Method.invoke(Native Method)
12-29 18:22:55.462  2290  3351 E StripeTerminal: 	at com.android.internal.os.RuntimeInit$MethodAndArgsCaller.run(RuntimeInit.java:493)
12-29 18:22:55.462  2290  3351 E StripeTerminal: 	at com.android.internal.os.ZygoteInit.main(ZygoteInit.java:858)
12-29 18:22:55.463  2290  2290 E blog    : [ (LogUtil.kt:31)#Loge$default ] : true
12-29 18:22:56.166  1288  1425 D DhcpClient: Broadcasting DHCPDISCOVER
12-29 18:22:56.560   889   889 I ConfigStore: android::hardware::configstore::V1_0::ISurfaceFlingerConfigs::hasHDRDisplay retrieved: 0
12-29 18:22:56.577   889   889 I chatty  : uid=1000(system) /system/bin/surfaceflinger identical 6 lines
12-29 18:22:56.577   889   889 I ConfigStore: android::hardware::configstore::V1_0::ISurfaceFlingerConfigs::hasHDRDisplay retrieved: 0
12-29 18:22:56.577  1288  1379 D InputReader: cookPointerData send XY mXScale: 0.999479  mYScale: 0.999075 displayId: 0
12-29 18:22:56.577  1288  1379 D InputReader: cookPointerData send XY X: 1050.452881  Y: 770.286804 displayId: 0
12-29 18:22:56.577  1288  1379 D InputDispatcher: xiangrong notifyMotion isFound 0 0
12-29 18:22:56.578   889   889 I ConfigStore: android::hardware::configstore::V1_0::ISurfaceFlingerConfigs::hasHDRDisplay retrieved: 0
12-29 18:22:56.594   889   889 I chatty  : uid=1000(system) /system/bin/surfaceflinger identical 8 lines
12-29 18:22:56.595   889   889 I ConfigStore: android::hardware::configstore::V1_0::ISurfaceFlingerConfigs::hasHDRDisplay retrieved: 0
12-29 18:22:56.607  1288  1379 D InputDispatcher: xiangrong notifyMotion isFound 0 0
12-29 18:22:56.610   889   889 I ConfigStore: android::hardware::configstore::V1_0::ISurfaceFlingerConfigs::hasHDRDisplay retrieved: 0
12-29 18:22:56.611  1288  2004 D SuperPowerApp: 1041 not found
12-29 18:22:56.611  1288  1411 D SuperPowerApp: 1041 not found
12-29 18:22:56.611  1288  2004 D SuperPowerApp: 1041 not found
12-29 18:22:56.611   889   889 I chatty  : uid=1000(system) /system/bin/surfaceflinger identical 3 lines
12-29 18:22:56.611   889   889 I ConfigStore: android::hardware::configstore::V1_0::ISurfaceFlingerConfigs::hasHDRDisplay retrieved: 0
12-29 18:22:56.612   664  1825 D audio_hw_primary: start_output_stream: enter: stream(0xea9c0000)usecase(0: deep-buffer-playback) devices(0x2)
12-29 18:22:56.612   689   730 E ANDR-PERF-MPCTL: Invalid profile no. 0, total profiles 0 only
12-29 18:22:56.612   664  1825 D audio_hw_primary: select_devices for use case (deep-buffer-playback)
12-29 18:22:56.612   664  1825 D audio_hw_primary: select_devices: out_snd_device(2: speaker) in_snd_device(0: )
12-29 18:22:56.612   664  1825 I msm8916_platform: platform_check_and_set_codec_backend_cfg:becf: afe: bitwidth 16, samplerate 48000 channels 2, backend_idx 0 usecase = 0 device (speaker)
12-29 18:22:56.612   664  1825 D msm8916_platform: platform_split_snd_device: snd_device(2) num devices(1) new_snd_devices(0)
12-29 18:22:56.612   664  1825 I msm8916_platform: platform_check_and_set_codec_backend_cfg: becf: new_snd_devices[0] is speaker
12-29 18:22:56.612   664  1825 I msm8916_platform: platform_check_codec_backend_cfg:becf: afe: Codec selected backend: 0 current bit width: 16 sample rate: 48000 channels: 2 usecase 0 device (speaker)
12-29 18:22:56.612   664  1825 D msm8916_platform: platform_check_codec_backend_cfg:becf: afe: playback on codec device not supporting native playback set default Sample Rate(48k)
12-29 18:22:56.612   664  1825 I msm8916_platform: platform_check_codec_backend_cfg:becf: afe: Codec selected backend: 0 updated bit width: 16 sample rate: 48000 channels: 2
12-29 18:22:56.612   664  1825 D audio_hw_primary: check_usecases_codec_backend:becf: force routing 0
12-29 18:22:56.612   664  1825 E msm8916_platform: platform_check_backends_match: Invalid snd_device = 
12-29 18:22:56.612   664  1825 D audio_hw_primary: check_usecases_codec_backend:becf: (63) check_usecases curr device: speaker, usecase device: backends match 0
12-29 18:22:56.612   664  1825 D audio_hw_primary: check_usecases_codec_backend:becf: check_usecases num.of Usecases to switch 0
12-29 18:22:56.612   664  1825 D hardware_info: hw_info_append_hw_type : device_name = speaker
12-29 18:22:56.612   664  1825 D msm8916_platform: platform_split_snd_device: snd_device(2) num devices(0) new_snd_devices(0)
12-29 18:22:56.612   664  1825 D audio_hw_primary: enable_snd_device: snd_device(2: speaker)
12-29 18:22:56.612   664  1825 I soundtrigger: audio_extn_sound_trigger_update_device_status: device 0x2 of type 0 for Event 1, with Raise=0
12-29 18:22:56.612   664  1825 D audio_route: Apply path: speaker
12-29 18:22:56.612   889   889 I ConfigStore: android::hardware::configstore::V1_0::ISurfaceFlingerConfigs::hasHDRDisplay retrieved: 0
12-29 18:22:56.613  2290  2929 D OpenGLRenderer: endAllActiveAnimators on 0xc0ee3680 (AppCompatButton) with handle 0xc6261270
12-29 18:22:56.618   664  1825 D audio_hw_primary: audio_is_true_native_stream_active:napb: (0) (deep-buffer-playback)id (0) sr 48000 bw (16) device speaker
12-29 18:22:56.618   664  1825 D soundtrigger: audio_extn_sound_trigger_update_stream_status: uc_info->id 0 of type 0 for Event 3, with Raise=1
12-29 18:22:56.618   664  1825 I sound_trigger_platform: platform_stdev_check_and_update_concurrency: Received STREAM event, event type 3, usecase type -370674800
12-29 18:22:56.618   664  1825 D sound_trigger_platform: platform_stdev_check_and_update_concurrency: dedicated path 0, reset backend 1, tx 0, rx 1,concurrency session allowed
12-29 18:22:56.618   664  1825 D audio_hw_utils: audio_extn_utils_send_app_type_cfg: usecase->out_snd_device speaker
12-29 18:22:56.618   664  1825 D msm8916_platform: platform_split_snd_device: snd_device(2) num devices(0) new_snd_devices(0)
12-29 18:22:56.619   664  1825 D audio_hw_utils: audio_extn_btsco_get_sample_rate:Not a BT SCO device, need not update sampling rate
12-29 18:22:56.619   664  1825 I audio_hw_utils: send_app_type_cfg_for_device PLAYBACK app_type 69937, acdb_dev_id 15, sample_rate 48000, snd_device_be_idx 127
12-29 18:22:56.619   664  1825 D msm8916_platform: platform_split_snd_device: snd_device(2) num devices(1) new_snd_devices(0)
12-29 18:22:56.619   664  1825 D ACDB-LOADER: ACDB -> send_audio_cal, acdb_id = 15, path = 0, app id = 0x11131, sample rate = 48000
12-29 18:22:56.619   664  1825 D ACDB-LOADER: ACDB -> send_asm_topology
12-29 18:22:56.619   664  1825 D ACDB-LOADER: ACDB -> ACDB_CMD_GET_AUDPROC_STREAM_TOPOLOGY_ID
12-29 18:22:56.619   664  1825 D ACDB-LOADER: ACDB -> send_adm_topology
12-29 18:22:56.619   664  1825 D ACDB-LOADER: ACDB -> ACDB_CMD_GET_AUDPROC_COMMON_TOPOLOGY_ID
12-29 18:22:56.619   664  1825 D ACDB-LOADER: ACDB -> send_audtable
12-29 18:22:56.619   664  1825 D ACDB-LOADER: ACDB -> ACDB_CMD_GET_AUDPROC_COMMON_TABLE_SIZE
12-29 18:22:56.619   664  1825 D ACDB-LOADER: ACDB -> ACDB_CMD_GET_AUDPROC_COMMON_TABLE
12-29 18:22:56.619   664  1825 D ACDB-LOADER: ACDB -> AUDIO_SET_AUDPROC_CAL
12-29 18:22:56.619   664  1825 D ACDB-LOADER: ACDB -> send_audvoltable
12-29 18:22:56.619   664  1825 D ACDB-LOADER: ACDB -> ACDB_CMD_GET_AUDPROC_VOL_STEP_TABLE_SIZE
12-29 18:22:56.619   664  1825 D ACDB-LOADER: ACDB -> ACDB_CMD_GET_AUDPROC_GAIN_DEP_STEP_TABLE, vol index 5
12-29 18:22:56.619   664  1825 D ACDB-LOADER: ACDB -> AUDIO_SET_VOL_CAL cal type = 12
12-29 18:22:56.619   664  1825 D ACDB-LOADER: ACDB -> ACDB_CMD_GET_AUDPROC_STREAM_TABLE_SIZE
12-29 18:22:56.619   664  1825 D ACDB-LOADER: ACDB -> send_audstrmtable
12-29 18:22:56.619   664  1825 D ACDB-LOADER: ACDB -> ACDB_CMD_GET_AUDPROC_STREAM_TABLE_V2
12-29 18:22:56.619   664  1825 D ACDB-LOADER: ACDB -> audstrm_cal->cal_type.cal_data.cal_size = 16
12-29 18:22:56.619   664  1825 D ACDB-LOADER: ACDB -> send_afe_topology
12-29 18:22:56.619   664  1825 D ACDB-LOADER: ACDB -> ACDB_CMD_GET_AFE_TOPOLOGY_ID
12-29 18:22:56.619   664  1825 D ACDB-LOADER: ACDB -> GET_AFE_TOPOLOGY_ID for adcd_id 15, Topology Id 1025e
12-29 18:22:56.619   664  1825 D ACDB-LOADER: ACDB -> send_afe_cal
12-29 18:22:56.619   664  1825 D ACDB-LOADER: ACDB -> ACDB_CMD_GET_AFE_COMMON_TABLE_SIZE
12-29 18:22:56.619   664  1825 D ACDB-LOADER: ACDB -> ACDB_CMD_GET_AFE_COMMON_TABLE
12-29 18:22:56.619   664  1825 D ACDB-LOADER: ACDB -> AUDIO_SET_AFE_CAL
12-29 18:22:56.619   664  1825 D ACDB-LOADER: ACDB -> send_hw_delay : acdb_id = 15 path = 0
12-29 18:22:56.619   664  1825 D ACDB-LOADER: ACDB -> ACDB_AVSYNC_INFO: ACDB_CMD_GET_DEVICE_PROPERTY
12-29 18:22:56.619   664  1825 D msm8916_platform: platform_split_snd_device: snd_device(2) num devices(0) new_snd_devices(0)
12-29 18:22:56.620   664  1825 I msm8916_platform: platform_get_custom_mtmx_params: no matching param with id 0 ip_ch 2 op_ch 2 uc_id 0 snd_dev 2
12-29 18:22:56.620   664  1825 D audio_hw_primary: enable_audio_route: apply mixer and update path: deep-buffer-playback
12-29 18:22:56.620   664  1825 D audio_route: Apply path: deep-buffer-playback
12-29 18:22:56.620   664  1825 D audio_hw_primary: select_devices: done
12-29 18:22:56.621   664  1825 D msm8916_platform: platform_set_channel_map mixer_ctl_name:Playback Channel Map0
12-29 18:22:56.622   664  1825 D msm8916_platform: platform_set_channel_map: set mapping(1 2 0 0 0 0 0 0) for channel:2
12-29 18:22:56.628   889   889 I ConfigStore: android::hardware::configstore::V1_0::ISurfaceFlingerConfigs::hasHDRDisplay retrieved: 0
12-29 18:22:56.629   889   889 I ConfigStore: android::hardware::configstore::V1_0::ISurfaceFlingerConfigs::hasHDRDisplay retrieved: 0
12-29 18:22:56.629  2290  2290 I StripeTerminal: class=TransactionManager message=endTransaction
