12-17 17:33:36.783  1418  2277 E bt_btif : bta_gattc_process_indicate, ignore HID ind/notificiation
12-17 17:33:36.784  1418  1529 D BtGatt.GattService: onNotify() - address=CC:D3:1E:68:ED:B8, handle=42, length=125
12-17 17:33:36.784  2315 11402 D BluetoothDevice: mAddress: CC:D3:1E:68:ED:B8
12-17 17:33:36.784  1418  2277 E bt_btif : bta_gattc_process_indicate, ignore HID ind/notificiation
12-17 17:33:36.784  1418  1529 D BtGatt.GattService: onNotify() - address=CC:D3:1E:68:ED:B8, handle=42, length=3
12-17 17:33:36.784  2315 11402 D BluetoothDevice: mAddress: CC:D3:1E:68:ED:B8
12-17 17:33:36.785  1418  2277 E bt_btif : bta_gattc_process_indicate, ignore HID ind/notificiation
12-17 17:33:36.785  1418  1529 D BtGatt.GattService: onNotify() - address=CC:D3:1E:68:ED:B8, handle=42, length=27
12-17 17:33:36.786  2315 11402 D BluetoothDevice: mAddress: CC:D3:1E:68:ED:B8
12-17 17:33:36.788  2315  3648 D BluetoothDevice: mAddress: CC:D3:1E:68:ED:B8
12-17 17:33:36.789  1418  2385 D BtGatt.GattService: writeCharacteristic() - address=CC:D3:1E:68:ED:B8
12-17 17:33:36.811  1418  1529 D BtGatt.GattService: onWriteCharacteristic() - address=CC:D3:1E:68:ED:B8, status=0
12-17 17:33:36.811  2315 11402 D BluetoothDevice: mAddress: CC:D3:1E:68:ED:B8
12-17 17:33:36.828  1418  2277 E bt_btif : bta_gattc_process_indicate, ignore HID ind/notificiation
12-17 17:33:36.829  1418  1529 D BtGatt.GattService: onNotify() - address=CC:D3:1E:68:ED:B8, handle=42, length=125
12-17 17:33:36.829  2315 11402 D BluetoothDevice: mAddress: CC:D3:1E:68:ED:B8
12-17 17:33:36.829  1418  2277 E bt_btif : bta_gattc_process_indicate, ignore HID ind/notificiation
12-17 17:33:36.829  1418  1529 D BtGatt.GattService: onNotify() - address=CC:D3:1E:68:ED:B8, handle=42, length=3
12-17 17:33:36.829  2315 11402 D BluetoothDevice: mAddress: CC:D3:1E:68:ED:B8
12-17 17:33:36.830  1418  2277 E bt_btif : bta_gattc_process_indicate, ignore HID ind/notificiation
12-17 17:33:36.830  1418  1529 D BtGatt.GattService: onNotify() - address=CC:D3:1E:68:ED:B8, handle=42, length=27
12-17 17:33:36.831  2315 11402 D BluetoothDevice: mAddress: CC:D3:1E:68:ED:B8
12-17 17:33:36.833  2315  3648 D BluetoothDevice: mAddress: CC:D3:1E:68:ED:B8
12-17 17:33:36.834  1418  2385 D BtGatt.GattService: writeCharacteristic() - address=CC:D3:1E:68:ED:B8
12-17 17:33:36.856  1418  1529 D BtGatt.GattService: onWriteCharacteristic() - address=CC:D3:1E:68:ED:B8, status=0
12-17 17:33:36.856  2315 11402 D BluetoothDevice: mAddress: CC:D3:1E:68:ED:B8
12-17 17:33:36.873  1418  2277 E bt_btif : bta_gattc_process_indicate, ignore HID ind/notificiation
12-17 17:33:36.874  1418  1529 D BtGatt.GattService: onNotify() - address=CC:D3:1E:68:ED:B8, handle=42, length=125
12-17 17:33:36.874  2315 11402 D BluetoothDevice: mAddress: CC:D3:1E:68:ED:B8
12-17 17:33:36.874  1418  2277 E bt_btif : bta_gattc_process_indicate, ignore HID ind/notificiation
12-17 17:33:36.874  1418  1529 D BtGatt.GattService: onNotify() - address=CC:D3:1E:68:ED:B8, handle=42, length=3
12-17 17:33:36.874  2315 11402 D BluetoothDevice: mAddress: CC:D3:1E:68:ED:B8
12-17 17:33:36.875  1418  2277 E bt_btif : bta_gattc_process_indicate, ignore HID ind/notificiation
12-17 17:33:36.875  1418  1529 D BtGatt.GattService: onNotify() - address=CC:D3:1E:68:ED:B8, handle=42, length=27
12-17 17:33:36.876  2315 11402 D BluetoothDevice: mAddress: CC:D3:1E:68:ED:B8
12-17 17:33:36.878  2315  3648 D BluetoothDevice: mAddress: CC:D3:1E:68:ED:B8
12-17 17:33:36.879  1418  2385 D BtGatt.GattService: writeCharacteristic() - address=CC:D3:1E:68:ED:B8
12-17 17:33:36.901  1418  1529 D BtGatt.GattService: onWriteCharacteristic() - address=CC:D3:1E:68:ED:B8, status=0
12-17 17:33:36.901  2315 11402 D BluetoothDevice: mAddress: CC:D3:1E:68:ED:B8
12-17 17:33:36.918  1418  2277 E bt_btif : bta_gattc_process_indicate, ignore HID ind/notificiation
12-17 17:33:36.919  1418  1529 D BtGatt.GattService: onNotify() - address=CC:D3:1E:68:ED:B8, handle=42, length=125
12-17 17:33:36.919  2315 11402 D BluetoothDevice: mAddress: CC:D3:1E:68:ED:B8
12-17 17:33:36.919  1418  2277 E bt_btif : bta_gattc_process_indicate, ignore HID ind/notificiation
12-17 17:33:36.919  1418  1529 D BtGatt.GattService: onNotify() - address=CC:D3:1E:68:ED:B8, handle=42, length=3
12-17 17:33:36.919  2315 11402 D BluetoothDevice: mAddress: CC:D3:1E:68:ED:B8
12-17 17:33:36.920  1418  2277 E bt_btif : bta_gattc_process_indicate, ignore HID ind/notificiation
12-17 17:33:36.920  1418  1529 D BtGatt.GattService: onNotify() - address=CC:D3:1E:68:ED:B8, handle=42, length=14
12-17 17:33:36.920  2315 11402 D BluetoothDevice: mAddress: CC:D3:1E:68:ED:B8
12-17 17:33:36.923  2315  3648 D BluetoothDevice: mAddress: CC:D3:1E:68:ED:B8
12-17 17:33:36.924  1418  2385 D BtGatt.GattService: writeCharacteristic() - address=CC:D3:1E:68:ED:B8
12-17 17:33:36.946  1418  1529 D BtGatt.GattService: onWriteCharacteristic() - address=CC:D3:1E:68:ED:B8, status=0
12-17 17:33:36.946  2315 11402 D BluetoothDevice: mAddress: CC:D3:1E:68:ED:B8
12-17 17:33:36.947  2315  3648 D BluetoothDevice: mAddress: CC:D3:1E:68:ED:B8
12-17 17:33:36.947  1418  2385 D BtGatt.GattService: writeCharacteristic() - address=CC:D3:1E:68:ED:B8
12-17 17:33:36.976  1418  1529 D BtGatt.GattService: onWriteCharacteristic() - address=CC:D3:1E:68:ED:B8, status=0
12-17 17:33:36.976  2315 11402 D BluetoothDevice: mAddress: CC:D3:1E:68:ED:B8
12-17 17:33:36.976  2315  2315 I StripeTerminal: class=BBPOSTransactionListener message=onRequestOnlineProcess
12-17 17:33:36.976  2315  2315 I CombinedKernelInterface: handleAuthRequest
12-17 17:33:36.977  2315  2315 I StripeTerminal: class=TransactionManager message=handleAuthRequest
12-17 17:33:36.978  2315  2315 I StripeTerminal: class=TransactionStateMachine message="onStateChanged: PAYMENT_PROCESSING -> PAYMENT_COMPLETE: Collected successfully"
12-17 17:33:36.978  2315  2315 I StripeTerminal: class=TransactionStateMachine message="onStateChanged: PAYMENT_COMPLETE -> COLLECT_PAYMENT_PRESENT: Collect completed"
12-17 17:33:36.978  2315  2315 D StripeTerminal: class=BBPOSDeviceControllerImpl message=sendOnlineProcessResult
12-17 17:33:36.979  2315  3649 D BluetoothDevice: mAddress: CC:D3:1E:68:ED:B8
12-17 17:33:36.979  1418  2385 D BtGatt.GattService: writeCharacteristic() - address=CC:D3:1E:68:ED:B8
12-17 17:33:37.006  1418  1529 D BtGatt.GattService: onWriteCharacteristic() - address=CC:D3:1E:68:ED:B8, status=0
12-17 17:33:37.006  2315 11402 D BluetoothDevice: mAddress: CC:D3:1E:68:ED:B8
12-17 17:33:37.021  1418  2277 E bt_btif : bta_gattc_process_indicate, ignore HID ind/notificiation
12-17 17:33:37.021  1418  1529 D BtGatt.GattService: onNotify() - address=CC:D3:1E:68:ED:B8, handle=42, length=11
12-17 17:33:37.021  2315 11402 D BluetoothDevice: mAddress: CC:D3:1E:68:ED:B8
12-17 17:33:37.036  1418  2277 E bt_btif : bta_gattc_process_indicate, ignore HID ind/notificiation
12-17 17:33:37.036  1418  1529 D BtGatt.GattService: onNotify() - address=CC:D3:1E:68:ED:B8, handle=42, length=15
12-17 17:33:37.036  2315 11402 D BluetoothDevice: mAddress: CC:D3:1E:68:ED:B8
12-17 17:33:37.039  2315  3648 D BluetoothDevice: mAddress: CC:D3:1E:68:ED:B8
12-17 17:33:37.039  1418  2385 D BtGatt.GattService: writeCharacteristic() - address=CC:D3:1E:68:ED:B8
12-17 17:33:37.066  1418  1529 D BtGatt.GattService: onWriteCharacteristic() - address=CC:D3:1E:68:ED:B8, status=0
12-17 17:33:37.066  2315 11402 D BluetoothDevice: mAddress: CC:D3:1E:68:ED:B8
12-17 17:33:37.066  2315  2315 I StripeTerminal: class=BBPOSTransactionListener message="onRequestDisplayText DECLINED"
12-17 17:33:37.081  1418  2277 E bt_btif : bta_gattc_process_indicate, ignore HID ind/notificiation
12-17 17:33:37.081  1418  1529 D BtGatt.GattService: onNotify() - address=CC:D3:1E:68:ED:B8, handle=42, length=26
12-17 17:33:37.082  2315 11402 D BluetoothDevice: mAddress: CC:D3:1E:68:ED:B8
12-17 17:33:37.082  2315  3648 D BluetoothDevice: mAddress: CC:D3:1E:68:ED:B8
12-17 17:33:37.083  1418  2385 D BtGatt.GattService: writeCharacteristic() - address=CC:D3:1E:68:ED:B8
12-17 17:33:37.111  1418  1529 D BtGatt.GattService: onWriteCharacteristic() - address=CC:D3:1E:68:ED:B8, status=0
12-17 17:33:37.111  2315 11402 D BluetoothDevice: mAddress: CC:D3:1E:68:ED:B8
12-17 17:33:37.111  2315  2315 I StripeTerminal: class=BBPOSTransactionListener message="onReturnTransactionResult DECLINED"
12-17 17:33:37.111  2315  2315 I CombinedKernelInterface: handleResult
12-17 17:33:37.112  2315  2315 I StripeTerminal: class=TransactionManager message="handleCardStatus CARD_IDLE"
12-17 17:33:37.141  1418  2277 E bt_btif : bta_gattc_process_indicate, ignore HID ind/notificiation
12-17 17:33:37.141  1418  1529 D BtGatt.GattService: onNotify() - address=CC:D3:1E:68:ED:B8, handle=42, length=18
12-17 17:33:37.141  2315 11402 D BluetoothDevice: mAddress: CC:D3:1E:68:ED:B8
12-17 17:33:37.143  2315  3648 D BluetoothDevice: mAddress: CC:D3:1E:68:ED:B8
12-17 17:33:37.144  1418  2385 D BtGatt.GattService: writeCharacteristic() - address=CC:D3:1E:68:ED:B8
12-17 17:33:37.171  1418  1529 D BtGatt.GattService: onWriteCharacteristic() - address=CC:D3:1E:68:ED:B8, status=0
12-17 17:33:37.171  2315 11402 D BluetoothDevice: mAddress: CC:D3:1E:68:ED:B8
12-17 17:33:37.186  1418  2277 E bt_btif : bta_gattc_process_indicate, ignore HID ind/notificiation
12-17 17:33:37.186  1418  1529 D BtGatt.GattService: onNotify() - address=CC:D3:1E:68:ED:B8, handle=42, length=15
12-17 17:33:37.186  2315 11402 D BluetoothDevice: mAddress: CC:D3:1E:68:ED:B8
12-17 17:33:37.187  2315  3648 D BluetoothDevice: mAddress: CC:D3:1E:68:ED:B8
12-17 17:33:37.188  1418  2385 D BtGatt.GattService: writeCharacteristic() - address=CC:D3:1E:68:ED:B8
12-17 17:33:37.216  1418  1529 D BtGatt.GattService: onWriteCharacteristic() - address=CC:D3:1E:68:ED:B8, status=0
12-17 17:33:37.216  2315 11402 D BluetoothDevice: mAddress: CC:D3:1E:68:ED:B8
12-17 17:33:37.255   670  2270 I vendor.qti.bluetooth@1.0-ibs_handler: ProcessIbsCmd: Received IBS_SLEEP_IND: 0xFE
12-17 17:33:37.272  2315  2315 I StripeTerminal: class=BBPOSTransactionListener message="onReturnCheckCardResult INSERTED_CARD"
12-17 17:33:37.272  2315  2315 I StripeTerminal: class=BBPOSTransactionListener message="onRequestDisplayText REMOVE_CARD"
12-17 17:33:37.272  2315  2315 I StripeTerminal: class=ProxyReaderListener message="onRequestReaderDisplayMessage(Remove Card)"
12-17 17:33:37.313   894   894 I ConfigStore: android::hardware::configstore::V1_0::ISurfaceFlingerConfigs::hasHDRDisplay retrieved: 0
12-17 17:33:37.314   894   894 I chatty  : uid=1000(system) /system/bin/surfaceflinger identical 3 lines
12-17 17:33:37.314   894   894 I ConfigStore: android::hardware::configstore::V1_0::ISurfaceFlingerConfigs::hasHDRDisplay retrieved: 0
12-17 17:33:38.188   670  2280 I vendor.qti.bluetooth@1.0-ibs_handler: DeviceSleep: TX Awake, Sending SLEEP_IND
12-17 17:33:38.188   670  2280 D vendor.qti.bluetooth@1.0-ibs_handler: SerialClockVote: vote for UART CLK OFF
12-17 17:33:38.295   670  2270 I vendor.qti.bluetooth@1.0-ibs_handler: ProcessIbsCmd: Received IBS_WAKE_IND: 0xFD
12-17 17:33:38.295   670  2270 D vendor.qti.bluetooth@1.0-ibs_handler: SerialClockVote: vote for UART CLK ON
12-17 17:33:38.296   670  2270 I vendor.qti.bluetooth@1.0-ibs_handler: ProcessIbsCmd: Writing IBS_WAKE_ACK
12-17 17:33:38.297  1418  2277 E bt_btif : bta_gattc_process_indicate, ignore HID ind/notificiation
12-17 17:33:38.297  1418  1529 D BtGatt.GattService: onNotify() - address=CC:D3:1E:68:ED:B8, handle=42, length=18
12-17 17:33:38.297  2315 11402 D BluetoothDevice: mAddress: CC:D3:1E:68:ED:B8
12-17 17:33:38.308  2315  3648 D BluetoothDevice: mAddress: CC:D3:1E:68:ED:B8
12-17 17:33:38.308  1418  2385 D BtGatt.GattService: writeCharacteristic() - address=CC:D3:1E:68:ED:B8
12-17 17:33:38.308   670   670 I vendor.qti.bluetooth@1.0-ibs_handler: DeviceWakeUp: Writing IBS_WAKE_IND
12-17 17:33:38.309   670  2270 I vendor.qti.bluetooth@1.0-ibs_handler: ProcessIbsCmd: Received IBS_WAKE_ACK: 0xFC
12-17 17:33:38.326  1418  1529 D BtGatt.GattService: onWriteCharacteristic() - address=CC:D3:1E:68:ED:B8, status=0
12-17 17:33:38.326  2315 11402 D BluetoothDevice: mAddress: CC:D3:1E:68:ED:B8
12-17 17:33:38.326  2315  2315 I StripeTerminal: class=BBPOSTransactionListener message="onReturnCheckCardResult NO_CARD"
12-17 17:33:38.327  2315  2315 I StripeTerminal: class=ProxyReaderListener message=onReportReaderEvent(CARD_REMOVED)
12-17 17:33:38.331  2315  2315 I CombinedKernelInterface: handleCardStatus NO_CARD
12-17 17:33:38.332  2315  2315 I StripeTerminal: class=TransactionManager message="handleCardStatus NO_CARD"
12-17 17:33:38.341  1418  2277 E bt_btif : bta_gattc_process_indicate, ignore HID ind/notificiation
12-17 17:33:38.342  1418  1529 D BtGatt.GattService: onNotify() - address=CC:D3:1E:68:ED:B8, handle=42, length=20
12-17 17:33:38.343  2315 11402 D BluetoothDevice: mAddress: CC:D3:1E:68:ED:B8
12-17 17:33:38.343   894   903 W SurfaceFlinger: Attempting to destroy on removed layer: 2b3d745 Sys2038:io.ubt.alaeat.pos.t2.thespot/io.ubt.alaeat.pos.module_dine_in.acitivity.PaymentActivity#0
12-17 17:33:38.347  2315  3648 D BluetoothDevice: mAddress: CC:D3:1E:68:ED:B8
12-17 17:33:38.347  2315  2315 D blog    : [ (LogUtil.kt:25)#Logd$default ] : pay1
12-17 17:33:38.347  2315  2315 D blog    : [ (LogUtil.kt:25)#Logd$default ] : pay2
12-17 17:33:38.347  1418  2385 D BtGatt.GattService: writeCharacteristic() - address=CC:D3:1E:68:ED:B8
12-17 17:33:38.347   894   894 I ConfigStore: android::hardware::configstore::V1_0::ISurfaceFlingerConfigs::hasHDRDisplay retrieved: 0
12-17 17:33:38.347  2315  2315 D blog    : [ (LogUtil.kt:25)#Logd$default ] : pay3
12-17 17:33:38.348   894   894 I ConfigStore: android::hardware::configstore::V1_0::ISurfaceFlingerConfigs::hasHDRDisplay retrieved: 0
12-17 17:33:38.365   894   894 I chatty  : uid=1000(system) /system/bin/surfaceflinger identical 5 lines
12-17 17:33:38.365   894   894 I ConfigStore: android::hardware::configstore::V1_0::ISurfaceFlingerConfigs::hasHDRDisplay retrieved: 0
12-17 17:33:38.371  1418  1529 D BtGatt.GattService: onWriteCharacteristic() - address=CC:D3:1E:68:ED:B8, status=0
12-17 17:33:38.371  2315 11402 D BluetoothDevice: mAddress: CC:D3:1E:68:ED:B8
12-17 17:33:38.380   894   894 I ConfigStore: android::hardware::configstore::V1_0::ISurfaceFlingerConfigs::hasHDRDisplay retrieved: 0
12-17 17:33:38.381   894   894 I chatty  : uid=1000(system) /system/bin/surfaceflinger identical 2 lines
12-17 17:33:38.382   894   894 I ConfigStore: android::hardware::configstore::V1_0::ISurfaceFlingerConfigs::hasHDRDisplay retrieved: 0
12-17 17:33:38.384   894   903 D SurfaceFlinger: duplicate layer name: changing Sys2038:io.ubt.alaeat.pos.t2.thespot/io.ubt.alaeat.pos.module_dine_in.acitivity.PaymentActivity to Sys2038:io.ubt.alaeat.pos.t2.thespot/io.ubt.alaeat.pos.module_dine_in.acitivity.PaymentActivity#1
12-17 17:33:38.391   894   902 D SurfaceFlinger: duplicate layer name: changing io.ubt.alaeat.pos.t2.thespot/io.ubt.alaeat.pos.module_dine_in.acitivity.PaymentActivity to io.ubt.alaeat.pos.t2.thespot/io.ubt.alaeat.pos.module_dine_in.acitivity.PaymentActivity#1
12-17 17:33:38.397   894   894 I ConfigStore: android::hardware::configstore::V1_0::ISurfaceFlingerConfigs::hasHDRDisplay retrieved: 0
12-17 17:33:38.398   894   894 I chatty  : uid=1000(system) /system/bin/surfaceflinger identical 2 lines
12-17 17:33:38.398   894   894 I ConfigStore: android::hardware::configstore::V1_0::ISurfaceFlingerConfigs::hasHDRDisplay retrieved: 0
12-17 17:33:38.403  2315  2315 I StripeTerminal: class=BBPOSTransactionListener message="onRequestDisplayText CARD_REMOVED"
12-17 17:33:38.411   670  2270 I vendor.qti.bluetooth@1.0-ibs_handler: ProcessIbsCmd: Received IBS_SLEEP_IND: 0xFE
12-17 17:33:38.414   894   894 I ConfigStore: android::hardware::configstore::V1_0::ISurfaceFlingerConfigs::hasHDRDisplay retrieved: 0
12-17 17:33:38.415   894   894 I chatty  : uid=1000(system) /system/bin/surfaceflinger identical 2 lines
12-17 17:33:38.415   894   894 I ConfigStore: android::hardware::configstore::V1_0::ISurfaceFlingerConfigs::hasHDRDisplay retrieved: 0
12-17 17:33:38.420  2315  2315 W Glide   : Load failed for  with size [500x500]
12-17 17:33:38.420  2315  2315 W Glide   : class com.bumptech.glide.load.engine.GlideException: Failed to load resource
12-17 17:33:38.431   894   894 I ConfigStore: android::hardware::configstore::V1_0::ISurfaceFlingerConfigs::hasHDRDisplay retrieved: 0
12-17 17:33:38.682   894   894 I chatty  : uid=1000(system) /system/bin/surfaceflinger identical 76 lines
12-17 17:33:38.682   894   894 I ConfigStore: android::hardware::configstore::V1_0::ISurfaceFlingerConfigs::hasHDRDisplay retrieved: 0
12-17 17:33:39.348   670  2280 I vendor.qti.bluetooth@1.0-ibs_handler: DeviceSleep: TX Awake, Sending SLEEP_IND
12-17 17:33:39.348   670  2280 D vendor.qti.bluetooth@1.0-ibs_handler: SerialClockVote: vote for UART CLK OFF
12-17 17:33:39.498   670  1845 D vendor.qti.bluetooth@1.0-wake_lock: Release wakelock is released 
12-17 17:33:39.690 10087 10087 D improveTouch: [Main:158] Start touch daemon
12-17 17:33:39.690 10087 10087 E improveTouch: [ConfigManager:234] /sys/devices/soc0/chip_name doesn't exist
12-17 17:33:39.691 10087 10087 D improveTouch: [ConfigManager:501] loader file is available. loading it...
12-17 17:33:39.691 10087 10087 D improveTouch: [ConfigManager:405] no custom ID defined
12-17 17:33:39.692 10087 10087 D improveTouch: [ConfigManager:428] GetPktStatus: E
12-17 17:33:39.692 10087 10087 E improveTouch: [ConfigManager:444] can't open /data/vendor/hbtp/pkt_play
12-17 17:33:39.692 10087 10087 D improveTouch: [ConfigManager:448] GetPktStatus: X
12-17 17:33:39.692 10087 10087 I improveTouch: [ConfigManager:546] Data Dir = /data/vendor/hbtp
12-17 17:33:39.692 10087 10087 I improveTouch: [ConfigManager:547] Main Config Dir = /vendor/etc/hbtp
12-17 17:33:39.692 10087 10087 I improveTouch: [ConfigManager:551] ConfigFile = /vendor/etc/hbtp/hbtpcfg_sdm660_800s_qhd.dat
12-17 17:33:39.692 10087 10087 I improveTouch: [ConfigManager:554] UTFLib = libFastRPC_UTF_Forward_skel.so
12-17 17:33:39.692 10087 10087 I improveTouch: [ConfigManager:557] AFEFW = /vendor/etc/hbtp/qtc800s_dsp.bin
12-17 17:33:39.692 10087 10087 I improveTouch: [ConfigManager:560] DSP = adsp
12-17 17:33:39.692 10087 10087 D improveTouch: [TouchController:415] init: E
12-17 17:33:39.692 10087 10087 D improveTouch: [ConfigManager:583] start loading config
12-17 17:33:39.737 10087 10087 D improveTouch: [ConfigManager:675] finished loading config
12-17 17:33:39.738 10087 10087 D improveTouch: [TouchController:454] Power Control Config doesn't exist
12-17 17:33:39.738 10087 10087 D improveTouch: [TouchController:462] Power Sync Option doesn't exist
12-17 17:33:39.738 10087 10087 D improveTouch: [TouchController:464] PowerManager Option = 0
12-17 17:33:39.738 10087 10087 E improveTouch: [InputDevice:61] InputDevice: pixelX: min = 0, max = 1440 pixelY: min = 0, max = 2560
12-17 17:33:39.738 10087 10087 E improveTouch: [InputDevice:65] Unable to open /dev/hbtp_input
12-17 17:33:39.738 10087 10087 E improveTouch: [TouchController:490] Error initializing input device: Error opening file
12-17 17:33:39.738 10087 10087 D improveTouch: [TouchController:1136] CommandExecutor::exit: thread is running, kill it first
12-17 17:33:39.738 10087 10088 D improveTouch: [TouchController:1186] runLoop exits
12-17 17:33:39.738 10087 10087 E improveTouch: [TouchController:522] init failed, ret = 1073741825
12-17 17:33:39.738 10087 10087 E improveTouch: [TouchServer:59] fail to init TouchController: Error opening file
12-17 17:33:39.738 10087 10087 E improveTouch: [TouchServer:69] error happened, clean-up resource and exit
12-17 17:33:39.738 10087 10087 E improveTouch: [TouchServer:71] delete event monitor
12-17 17:33:39.738 10087 10087 E improveTouch: [TouchServer:75] delete controller
12-17 17:33:39.738 10087 10087 E improveTouch: [TouchServer:79] delete touch processor
12-17 17:33:39.738 10087 10087 D improveTouch: [DSPTouchProcessor:807] deInit: E
12-17 17:33:39.738 10087 10087 E improveTouch: [DSPTouchProcessor:823] deInit: invalid state (current = 0)
12-17 17:33:39.738 10087 10087 D improveTouch: [DSPTouchProcessor:827] deInit: X pa_utf_ret = 1, ret = 1073741835
12-17 17:33:39.738 10087 10087 E improveTouch: [TouchServer:83] delete event injector
12-17 17:33:39.738 10087 10087 E improveTouch: [TouchServer:87] delete config management
12-17 17:33:39.739 10087 10087 E improveTouch: [TouchServer:90] fail to start daemon
12-17 17:33:39.739 10087 10087 E improveTouch: [Main:169] fail to initiate touch server
12-17 17:33:40.884  1280  1368 D InputReader: cookPointerData send XY mXScale: 1.873171  mYScale: 1.797005 displayId: 0
12-17 17:33:40.884  1280  1368 D InputReader: cookPointerData send XY X: 972.175598  Y: 697.237915 displayId: 0
12-17 17:33:40.884  1280  1368 D InputDispatcher: xiangrong notifyMotion isFound 0 0
12-17 17:33:40.890  1280  1368 D InputReader: cookPointerData send XY mXScale: 1.873171  mYScale: 1.797005 displayId: 0
12-17 17:33:40.890  1280  1368 D InputReader: cookPointerData send XY X: 972.175598  Y: 697.237915 displayId: 0
12-17 17:33:40.890  1280  1368 D InputDispatcher: xiangrong notifyMotion isFound 0 0
12-17 17:33:40.897  1280  1368 D InputReader: cookPointerData send XY mXScale: 1.873171  mYScale: 1.797005 displayId: 0
12-17 17:33:40.897  1280  1368 D InputReader: cookPointerData send XY X: 972.175598  Y: 697.237915 displayId: 0
12-17 17:33:40.897  1280  1368 D InputDispatcher: xiangrong notifyMotion isFound 0 0
12-17 17:33:40.904  1280  1368 D InputReader: cookPointerData send XY mXScale: 1.873171  mYScale: 1.797005 displayId: 0
12-17 17:33:40.904  1280  1368 D InputReader: cookPointerData send XY X: 972.175598  Y: 697.237915 displayId: 0
12-17 17:33:40.904  1280  1368 D InputDispatcher: xiangrong notifyMotion isFound 0 0
12-17 17:33:40.914  1280  1368 D InputReader: cookPointerData send XY mXScale: 1.873171  mYScale: 1.797005 displayId: 0
12-17 17:33:40.914  1280  1368 D InputReader: cookPointerData send XY X: 972.175598  Y: 697.237915 displayId: 0
12-17 17:33:40.914  1280  1368 D InputDispatcher: xiangrong notifyMotion isFound 0 0
12-17 17:33:40.920  1280  1368 D InputReader: cookPointerData send XY mXScale: 1.873171  mYScale: 1.797005 displayId: 0
12-17 17:33:40.920  1280  1368 D InputReader: cookPointerData send XY X: 972.175598  Y: 697.237915 displayId: 0
12-17 17:33:40.920  1280  1368 D InputDispatcher: xiangrong notifyMotion isFound 0 0
12-17 17:33:40.927  1280  1368 D InputReader: cookPointerData send XY mXScale: 1.873171  mYScale: 1.797005 displayId: 0
12-17 17:33:40.927  1280  1368 D InputReader: cookPointerData send XY X: 972.175598  Y: 697.237915 displayId: 0
12-17 17:33:40.927  1280  1368 D InputDispatcher: xiangrong notifyMotion isFound 0 0
12-17 17:33:40.934  1280  1368 D InputReader: cookPointerData send XY mXScale: 1.873171  mYScale: 1.797005 displayId: 0
12-17 17:33:40.934  1280  1368 D InputReader: cookPointerData send XY X: 972.175598  Y: 697.237915 displayId: 0
12-17 17:33:40.934  1280  1368 D InputDispatcher: xiangrong notifyMotion isFound 0 0
12-17 17:33:40.944  1280  1368 D InputReader: cookPointerData send XY mXScale: 1.873171  mYScale: 1.797005 displayId: 0
12-17 17:33:40.944  1280  1368 D InputReader: cookPointerData send XY X: 972.175598  Y: 697.237915 displayId: 0
12-17 17:33:40.944  1280  1368 D InputDispatcher: xiangrong notifyMotion isFound 0 0
12-17 17:33:40.951  1280  1368 D InputReader: cookPointerData send XY mXScale: 1.873171  mYScale: 1.797005 displayId: 0
12-17 17:33:40.951  1280  1368 D InputReader: cookPointerData send XY X: 972.175598  Y: 697.237915 displayId: 0
12-17 17:33:40.951  1280  1368 D InputDispatcher: xiangrong notifyMotion isFound 0 0
12-17 17:33:40.959  1280  1838 D SuperPowerApp: 1041 not found
12-17 17:33:40.959  1280  2787 D SuperPowerApp: 1041 not found
12-17 17:33:40.957  1280  1368 D InputDispatcher: xiangrong notifyMotion isFound 0 0
12-17 17:33:40.960   667  1840 D audio_hw_primary: start_output_stream: enter: stream(0xec1fb800)usecase(0: deep-buffer-playback) devices(0x2)
12-17 17:33:40.960   667  1840 D audio_hw_primary: select_devices for use case (deep-buffer-playback)
12-17 17:33:40.960   667  1840 D audio_hw_primary: select_devices: out_snd_device(2: speaker) in_snd_device(0: )
12-17 17:33:40.960   667  1840 I msm8916_platform: platform_check_and_set_codec_backend_cfg:becf: afe: bitwidth 16, samplerate 48000 channels 2, backend_idx 0 usecase = 0 device (speaker)
12-17 17:33:40.960   667  1840 D msm8916_platform: platform_split_snd_device: snd_device(2) num devices(1) new_snd_devices(0)
12-17 17:33:40.960   667  1840 I msm8916_platform: platform_check_and_set_codec_backend_cfg: becf: new_snd_devices[0] is speaker
12-17 17:33:40.960   667  1840 I msm8916_platform: platform_check_codec_backend_cfg:becf: afe: Codec selected backend: 0 current bit width: 16 sample rate: 48000 channels: 2 usecase 0 device (speaker)
12-17 17:33:40.960   692   739 E ANDR-PERF-MPCTL: Invalid profile no. 0, total profiles 0 only
12-17 17:33:40.960   667  1840 D msm8916_platform: platform_check_codec_backend_cfg:becf: afe: playback on codec device not supporting native playback set default Sample Rate(48k)
12-17 17:33:40.960   667  1840 I msm8916_platform: platform_check_codec_backend_cfg:becf: afe: Codec selected backend: 0 updated bit width: 16 sample rate: 48000 channels: 2
12-17 17:33:40.960   667  1840 D audio_hw_primary: check_usecases_codec_backend:becf: force routing 0
12-17 17:33:40.960   667  1840 E msm8916_platform: platform_check_backends_match: Invalid snd_device = 
12-17 17:33:40.960   667  1840 D audio_hw_primary: check_usecases_codec_backend:becf: (63) check_usecases curr device: speaker, usecase device: backends match 0
12-17 17:33:40.960   667  1840 D audio_hw_primary: check_usecases_codec_backend:becf: check_usecases num.of Usecases to switch 0
12-17 17:33:40.960   667  1840 D hardware_info: hw_info_append_hw_type : device_name = speaker
12-17 17:33:40.960   667  1840 D msm8916_platform: platform_split_snd_device: snd_device(2) num devices(0) new_snd_devices(0)
12-17 17:33:40.960   667  1840 D audio_hw_primary: enable_snd_device: snd_device(2: speaker)
12-17 17:33:40.960   667  1840 I soundtrigger: audio_extn_sound_trigger_update_device_status: device 0x2 of type 0 for Event 1, with Raise=0
12-17 17:33:40.960   667  1840 D audio_route: Apply path: speaker
12-17 17:33:40.966   667  1840 D audio_hw_primary: audio_is_true_native_stream_active:napb: (0) (deep-buffer-playback)id (0) sr 48000 bw (16) device speaker
12-17 17:33:40.967   667  1840 D soundtrigger: audio_extn_sound_trigger_update_stream_status: uc_info->id 0 of type 0 for Event 3, with Raise=1
12-17 17:33:40.967   667  1840 I sound_trigger_platform: platform_stdev_check_and_update_concurrency: Received STREAM event, event type 3, usecase type -352857200
12-17 17:33:40.967   667  1840 D sound_trigger_platform: platform_stdev_check_and_update_concurrency: dedicated path 0, reset backend 1, tx 0, rx 1,concurrency session allowed
12-17 17:33:40.967   667  1840 D audio_hw_utils: audio_extn_utils_send_app_type_cfg: usecase->out_snd_device speaker
12-17 17:33:40.967   667  1840 D msm8916_platform: platform_split_snd_device: snd_device(2) num devices(0) new_snd_devices(0)
12-17 17:33:40.967   667  1840 D audio_hw_utils: audio_extn_btsco_get_sample_rate:Not a BT SCO device, need not update sampling rate
12-17 17:33:40.967   667  1840 I audio_hw_utils: send_app_type_cfg_for_device PLAYBACK app_type 69937, acdb_dev_id 15, sample_rate 48000, snd_device_be_idx 127
12-17 17:33:40.967   667  1840 D msm8916_platform: platform_split_snd_device: snd_device(2) num devices(1) new_snd_devices(0)
12-17 17:33:40.967   667  1840 D ACDB-LOADER: ACDB -> send_audio_cal, acdb_id = 15, path = 0, app id = 0x11131, sample rate = 48000
12-17 17:33:40.967   667  1840 D ACDB-LOADER: ACDB -> send_asm_topology
12-17 17:33:40.967   667  1840 D ACDB-LOADER: ACDB -> ACDB_CMD_GET_AUDPROC_STREAM_TOPOLOGY_ID
12-17 17:33:40.967   667  1840 D ACDB-LOADER: ACDB -> send_adm_topology
12-17 17:33:40.967   667  1840 D ACDB-LOADER: ACDB -> ACDB_CMD_GET_AUDPROC_COMMON_TOPOLOGY_ID
12-17 17:33:40.967   667  1840 D ACDB-LOADER: ACDB -> send_audtable
12-17 17:33:40.967   667  1840 D ACDB-LOADER: ACDB -> ACDB_CMD_GET_AUDPROC_COMMON_TABLE_SIZE
12-17 17:33:40.967   667  1840 D ACDB-LOADER: ACDB -> ACDB_CMD_GET_AUDPROC_COMMON_TABLE
12-17 17:33:40.967   667  1840 D ACDB-LOADER: ACDB -> AUDIO_SET_AUDPROC_CAL
12-17 17:33:40.967   667  1840 D ACDB-LOADER: ACDB -> send_audvoltable
12-17 17:33:40.967   667  1840 D ACDB-LOADER: ACDB -> ACDB_CMD_GET_AUDPROC_VOL_STEP_TABLE_SIZE
12-17 17:33:40.967   667  1840 D ACDB-LOADER: ACDB -> ACDB_CMD_GET_AUDPROC_GAIN_DEP_STEP_TABLE, vol index 0
12-17 17:33:40.967   667  1840 D ACDB-LOADER: ACDB -> AUDIO_SET_VOL_CAL cal type = 12
12-17 17:33:40.967   667  1840 D ACDB-LOADER: ACDB -> ACDB_CMD_GET_AUDPROC_STREAM_TABLE_SIZE
12-17 17:33:40.967   667  1840 D ACDB-LOADER: ACDB -> send_audstrmtable
12-17 17:33:40.967   667  1840 D ACDB-LOADER: ACDB -> ACDB_CMD_GET_AUDPROC_STREAM_TABLE_V2
12-17 17:33:40.967   667  1840 D ACDB-LOADER: ACDB -> audstrm_cal->cal_type.cal_data.cal_size = 16
12-17 17:33:40.967   667  1840 D ACDB-LOADER: ACDB -> send_afe_topology
12-17 17:33:40.967   667  1840 D ACDB-LOADER: ACDB -> ACDB_CMD_GET_AFE_TOPOLOGY_ID
12-17 17:33:40.967   667  1840 D ACDB-LOADER: ACDB -> GET_AFE_TOPOLOGY_ID for adcd_id 15, Topology Id 1025e
12-17 17:33:40.967   667  1840 D ACDB-LOADER: ACDB -> send_afe_cal
12-17 17:33:40.967   667  1840 D ACDB-LOADER: ACDB -> ACDB_CMD_GET_AFE_COMMON_TABLE_SIZE
12-17 17:33:40.967   667  1840 D ACDB-LOADER: ACDB -> ACDB_CMD_GET_AFE_COMMON_TABLE
12-17 17:33:40.967   667  1840 D ACDB-LOADER: ACDB -> AUDIO_SET_AFE_CAL
12-17 17:33:40.967   667  1840 D ACDB-LOADER: ACDB -> send_hw_delay : acdb_id = 15 path = 0
12-17 17:33:40.967   667  1840 D ACDB-LOADER: ACDB -> ACDB_AVSYNC_INFO: ACDB_CMD_GET_DEVICE_PROPERTY
12-17 17:33:40.967   667  1840 D msm8916_platform: platform_split_snd_device: snd_device(2) num devices(0) new_snd_devices(0)
12-17 17:33:40.967   667  1840 I msm8916_platform: platform_get_custom_mtmx_params: no matching param with id 0 ip_ch 2 op_ch 2 uc_id 0 snd_dev 2
12-17 17:33:40.967   667  1840 D audio_hw_primary: enable_audio_route: apply mixer and update path: deep-buffer-playback
12-17 17:33:40.967   667  1840 D audio_route: Apply path: deep-buffer-playback
12-17 17:33:40.968   667  1840 D audio_hw_primary: select_devices: done
12-17 17:33:40.969   667  1840 D msm8916_platform: platform_set_channel_map mixer_ctl_name:Playback Channel Map0
12-17 17:33:40.969   667  1840 D msm8916_platform: platform_set_channel_map: set mapping(1 2 0 0 0 0 0 0) for channel:2
12-17 17:33:40.980   894   894 I ConfigStore: android::hardware::configstore::V1_0::ISurfaceFlingerConfigs::hasHDRDisplay retrieved: 0
12-17 17:33:40.982   894   894 I chatty  : uid=1000(system) /system/bin/surfaceflinger identical 3 lines
12-17 17:33:40.982   894   894 I ConfigStore: android::hardware::configstore::V1_0::ISurfaceFlingerConfigs::hasHDRDisplay retrieved: 0
12-17 17:33:40.997   894   894 I ConfigStore: android::hardware::configstore::V1_0::ISurfaceFlingerConfigs::hasHDRDisplay retrieved: 0
12-17 17:33:40.999   894   894 I chatty  : uid=1000(system) /system/bin/surfaceflinger identical 3 lines
12-17 17:33:40.999   894   894 I ConfigStore: android::hardware::configstore::V1_0::ISurfaceFlingerConfigs::hasHDRDisplay retrieved: 0
12-17 17:33:41.015   894  1211 D SurfaceFlinger: duplicate layer name: changing io.ubt.alaeat.pos.t2.thespot/io.ubt.alaeat.pos.module_dine_in.acitivity.PaymentActivity to io.ubt.alaeat.pos.t2.thespot/io.ubt.alaeat.pos.module_dine_in.acitivity.PaymentActivity#2
12-17 17:33:41.016   894   894 I ConfigStore: android::hardware::configstore::V1_0::ISurfaceFlingerConfigs::hasHDRDisplay retrieved: 0
12-17 17:33:41.017   894   894 I chatty  : uid=1000(system) /system/bin/surfaceflinger identical 3 lines
12-17 17:33:41.018   894   894 I ConfigStore: android::hardware::configstore::V1_0::ISurfaceFlingerConfigs::hasHDRDisplay retrieved: 0
12-17 17:33:41.021   894  1211 D SurfaceFlinger: duplicate layer name: changing Sys2038:io.ubt.alaeat.pos.t2.thespot/io.ubt.alaeat.pos.module_dine_in.acitivity.PaymentActivity to Sys2038:io.ubt.alaeat.pos.t2.thespot/io.ubt.alaeat.pos.module_dine_in.acitivity.PaymentActivity#2
12-17 17:33:41.030   894   894 I ConfigStore: android::hardware::configstore::V1_0::ISurfaceFlingerConfigs::hasHDRDisplay retrieved: 0
12-17 17:33:41.032   894   894 I chatty  : uid=1000(system) /system/bin/surfaceflinger identical 3 lines
12-17 17:33:41.032   894   894 I ConfigStore: android::hardware::configstore::V1_0::ISurfaceFlingerConfigs::hasHDRDisplay retrieved: 0
12-17 17:33:41.035  2315  2315 W Glide   : Load failed for  with size [500x500]
12-17 17:33:41.035  2315  2315 W Glide   : class com.bumptech.glide.load.engine.GlideException: Failed to load resource
12-17 17:33:41.047   667  1840 D audio_hw_primary: start_output_stream: exit
12-17 17:33:41.047   894   894 I ConfigStore: android::hardware::configstore::V1_0::ISurfaceFlingerConfigs::hasHDRDisplay retrieved: 0
12-17 17:33:41.100   894   894 I chatty  : uid=1000(system) /system/bin/surfaceflinger identical 22 lines
12-17 17:33:41.100   894   894 I ConfigStore: android::hardware::configstore::V1_0::ISurfaceFlingerConfigs::hasHDRDisplay retrieved: 0
12-17 17:33:41.113  2315  2315 D StripeTerminal: class=Terminal message=processPayment
12-17 17:33:41.113  2315  3595 D StripeTerminal: class=ProxyTerminalListener message=onPaymentStatusChange(PROCESSING)
12-17 17:33:41.114   894   894 I ConfigStore: android::hardware::configstore::V1_0::ISurfaceFlingerConfigs::hasHDRDisplay retrieved: 0
12-17 17:33:41.116   894   894 I chatty  : uid=1000(system) /system/bin/surfaceflinger identical 5 lines
12-17 17:33:41.116   894   894 I ConfigStore: android::hardware::configstore::V1_0::ISurfaceFlingerConfigs::hasHDRDisplay retrieved: 0
12-17 17:33:41.123  2315  3595 I StripeTerminal: class=RestClient message="url=https://api.stripe.com/v1/payment_intents/pi_3K7ozNHnmbEF7f1O1UMPbGh5/confirm request={"paymentMethodData":{"cardPresent":{"emvProcessingMethod":"quick_chip","readMethod":"contact_emv","type":"encrypted_emv","__redacted_fields":["emvData"]},"type":"card_present"}}"
12-17 17:33:41.131   894   894 I ConfigStore: android::hardware::configstore::V1_0::ISurfaceFlingerConfigs::hasHDRDisplay retrieved: 0
12-17 17:33:40.959  1280  2787 I chatty  : uid=1000(system) Binder:1280_B identical 1 line
12-17 17:33:40.960  1280  2787 D SuperPowerApp: 1041 not found
12-17 17:33:41.185  1280  1838 D SuperPowerApp: 1041 not found
12-17 17:33:41.185  1280  2787 D SuperPowerApp: 1041 not found
12-17 17:33:43.097  1280  1302 D ActivityManager: set woyou.aidlservice.jiuiv5 adj -900
12-17 17:33:43.097   894   894 I chatty  : uid=1000(system) /system/bin/surfaceflinger identical 831 lines
12-17 17:33:43.098   894   894 I ConfigStore: android::hardware::configstore::V1_0::ISurfaceFlingerConfigs::hasHDRDisplay retrieved: 0
12-17 17:33:43.098  2501  2501 I com.sunmi.pushservice.q: [ (MqttLogger.java:31)#A ] alarm receive type: 2
12-17 17:33:43.098  1280  1302 D ActivityManager: set woyou.aidlservice.jiuiv5 adj -900
12-17 17:33:43.101  1280  2787 D ActivityManager: set woyou.aidlservice.jiuiv5 adj -900
12-17 17:33:43.102  2501  3519 I com.sunmi.pushservice.q: [ (MqttLogger.java:31)#A ] send ping req success 
12-17 17:33:43.112   894   894 I ConfigStore: android::hardware::configstore::V1_0::ISurfaceFlingerConfigs::hasHDRDisplay retrieved: 0
12-17 17:33:43.297   894   894 I chatty  : uid=1000(system) /system/bin/surfaceflinger identical 82 lines
12-17 17:33:43.298   894   894 I ConfigStore: android::hardware::configstore::V1_0::ISurfaceFlingerConfigs::hasHDRDisplay retrieved: 0
12-17 17:33:43.310  2315  3595 I RestResponse: REST response with code 200 received
12-17 17:33:43.310  2315  3595 I RestResponse: request-id: req_s0LRyQVKGtst9z
12-17 17:33:43.313   894   894 I ConfigStore: android::hardware::configstore::V1_0::ISurfaceFlingerConfigs::hasHDRDisplay retrieved: 0
12-17 17:33:43.314   894   894 I chatty  : uid=1000(system) /system/bin/surfaceflinger identical 2 lines
12-17 17:33:43.314   894   894 I ConfigStore: android::hardware::configstore::V1_0::ISurfaceFlingerConfigs::hasHDRDisplay retrieved: 0
12-17 17:33:43.314  2315  3595 I StripeTerminal: class=RestClient message="url=https://api.stripe.com/v1/payment_intents/pi_3K7ozNHnmbEF7f1O1UMPbGh5/confirm status=OK headers={access-control-allow-credentials=true, access-control-allow-methods=GET, POST, HEAD, OPTIONS, DELETE, access-control-allow-origin=*, access-control-expose-headers=Request-Id, Stripe-Manage-Version, X-Stripe-External-Auth-Required, X-Stripe-Privileged-Session-Required, access-control-max-age=300, cache-control=no-cache, no-store, content-length=5372, content-type=application/json, date=Fri, 17 Dec 2021 22:33:32 GMT, idempotency-key=1639780421123STRM26138002626NxTYYMuO, original-request=req_s0LRyQVKGtst9z, request-id=req_s0LRyQVKGtst9z, server=nginx, strict-transport-security=max-age=31556926; includeSubDomains; preload, stripe-should-retry=false, stripe-version=2019-02-19} response={"amount":"742","amountCapturable":"742","amountReceived":"0","applicationFeeAmount":"29","captureMethod":"manual","charges":{"data":[{"amount":"742","amountRefunded":"0","applicationFeeAmount":"29","captured":false,"created":"1639780411","currency":"usd","id":"ch_3K7ozNHnmbEF7f1O1huOirEF","livemode":true,"metadata":{"ORDER_ID":"656745800147324928","CHANNEL":"Counter POS","ORDER_CODE":"10248679","SHOP_ID":"635833762357293056","BUYER_ID":"GUEST"},"paid":true,"paymentIntent":"pi_3K7ozNHnmbEF7f1O1UMPbGh5","paymentMethod":"pm_1K7ozWHnmbEF7f1OC8DrHNKt","paymentMethodDetails":{"cardPresent":{"brand":"visa","cardholderName":"JIANG/ZHEN","country":"US","emvAuthData":"8A0230309108DA1E62F700820000","expMonth":6,"expYear":2024,"fingerprint":"Ul6ZBbkPeML83G4k","funding":"credit","generatedCard":"pm_1K7ozWHnmbEF7f1OJyOLUCoh","last4":"4294","readMethod":"contact_emv","receipt":{"accountType":"credit","applicationCryptogram":"5BB148EB6353FCE3","applicationPreferredName":"CHASE VISA","authorizationCode":"09961C","authorizationResponseCode":"5A33","cardholderVerificationMethod":"signature","dedicatedFileName":"A0000000031010","terminalVerificationResults":"0080008000","transactionStatusInformation":"E800"}},"type":"card_present"},"receiptUrl":"https://pay.stripe.com/receipts/acct_1IaKajHnmbEF7f1O/ch_3K7ozNHnmbEF7f1O1huOirEF/rcpt_KnPpwhiQK8XivB78J5l5y0eXJN3afVe","refunded":false,"refunds":{"hasMore":false,"totalCount":0},"status":"succeeded"}],"hasMore":false,"totalCount":1},"clientSecret":"pi_3K7ozNHnmbEF7f1O1UMPbGh5_secret_wxmzwKzqcEs5zNV6cJ23mpV3c","created":"1639780401","currency":"usd","id":"pi_3K7ozNHnmbEF7f1O1UMPbGh5","livemode":true,"metadata":{"ORDER_ID":"656745800147324928","CHANNEL":"Counter POS","ORDER_CODE":"10248679","SHOP_ID":"635833762357293056","BUYER_ID":"GUEST"},"paymentMethod":"pm_1K7ozWHnmbEF7f1OC8DrHNKt","status":"requires_capture","transferGroup":"group_pi_3K7ozNHnmbEF7f1O1UMPbGh5"}"
12-17 17:33:43.314   894   894 I ConfigStore: android::hardware::configstore::V1_0::ISurfaceFlingerConfigs::hasHDRDisplay retrieved: 0
12-17 17:33:43.314   894   894 I chatty  : uid=1000(system) /system/bin/surfaceflinger identical 1 line
12-17 17:33:43.314   894   894 I ConfigStore: android::hardware::configstore::V1_0::ISurfaceFlingerConfigs::hasHDRDisplay retrieved: 0
12-17 17:33:43.315  2315  3595 I StripeTerminal: class=TransactionStateMachine message="onStateChanged: COLLECT_PAYMENT_PRESENT -> CHARGE_ATTEMPT_SUMMARY: Showing charge attempt summary"
12-17 17:33:43.315  2315  3595 I StripeTerminal: class=TransactionStateMachine message="onStateChanged: CHARGE_ATTEMPT_SUMMARY -> EMPTY: Transaction finished"
12-17 17:33:43.315  2315  3595 I StripeTerminal: class=TransactionManager message=endTransaction
12-17 17:33:43.317  2315  3595 D StripeTerminal: class=ProxyTerminalListener message=onPaymentStatusChange(READY)
12-17 17:33:43.329   894   894 I ConfigStore: android::hardware::configstore::V1_0::ISurfaceFlingerConfigs::hasHDRDisplay retrieved: 0
12-17 17:33:43.330   894   894 I ConfigStore: android::hardware::configstore::V1_0::ISurfaceFlingerConfigs::hasHDRDisplay retrieved: 0
12-17 17:33:43.330  2315  2315 D blog    : [ (LogUtil.kt:25)#Logd$default ] : Thread.currentThread()true
12-17 17:33:43.330   894   894 I ConfigStore: android::hardware::configstore::V1_0::ISurfaceFlingerConfigs::hasHDRDisplay retrieved: 0
12-17 17:33:43.331   894   894 I chatty  : uid=1000(system) /system/bin/surfaceflinger identical 1 line
12-17 17:33:43.331   894   894 I ConfigStore: android::hardware::configstore::V1_0::ISurfaceFlingerConfigs::hasHDRDisplay retrieved: 0
12-17 17:33:43.331  2315  2315 D blog    : [ (LogUtil.kt:25)#Logd$default ] : paymentIntent:PaymentIntent(id=pi_3K7ozNHnmbEF7f1O1UMPbGh5, amount=742, amountCapturable=742, amountReceived=0, application=null, applicationFeeAmount=29, canceledAt=0, cancellationReason=null, captureMethod=manual, charges=ChargesList(data=[Charge(id=ch_3K7ozNHnmbEF7f1O1huOirEF, amount=742, amountRefunded=0, application=null, applicationFee=null, applicationFeeAmount=29, balanceTransaction=null, captured=false, created=1639780411, currency=usd, customer=null, description=null, dispute=null, failureCode=null, failureMessage=null, invoice=null, livemode=true, metadata={ORDER_ID=656745800147324928, CHANNEL=Counter POS, ORDER_CODE=10248679, SHOP_ID=635833762357293056, BUYER_ID=GUEST}, onBehalfOf=null, order=null, paid=true, paymentIntentId=pi_3K7ozNHnmbEF7f1O1UMPbGh5, paymentMethodId=pm_1K7ozWHnmbEF7f1OC8DrHNKt, paymentMethodDetails=PaymentMethodDetails(type=CARD_PRESENT, cardPresentDetails=CardPresentDetails(brand=visa, country=US, emvAuthData=8A0230309108DA1E62F700820000, exp
12-17 17:33:43.331  2315  2315 D blog    : Month=6, expYear=2024, fingerprint=Ul6ZBbkPeML83G4k, funding=credit, generatedCard=pm_1K7ozWHnmbEF7f1OJyOLUCoh, last4=4294, readMethod=contact_emv, cardholderName=JIANG/ZHEN, receiptDetails=ReceiptDetails(accountType=credit, authorizationCode=09961C, authorizationResponseCode=5A33, dedicatedFileName=A0000000031010, applicationPreferredName=CHASE VISA, applicationCryptogram=5BB148EB6353FCE3, cvm=signature, tvr=0080008000, tsi=E800)), interacPresentDetails=null), receiptEmail=null, receiptNumber=null, receiptUrl=https://pay.stripe.com/receipts/acct_1IaKajHnmbEF7f1O/ch_3K7ozNHnmbEF7f1O1huOirEF/rcpt_KnPpwhiQK8XivB78J5l5y0eXJN3afVe, refunded=false, review=null, statementDescriptor=null, status=succeeded, transfer=null, transferGroup=null)]), clientSecret=pi_3K7ozNHnmbEF7f1O1UMPbGh5_secret_wxmzwKzqcEs5zNV6cJ23mpV3c, confirmationMethod=null, created=1639780401, currency=usd, customer=null, description=null, invoice=null, lastPaymentError=null, livemode=true, metadata={ORDER_ID=656745800147324928, CHANNEL=Counter POS
12-17 17:33:43.331  2315  2315 D blog    : , ORDER_CODE=10248679, SHOP_ID=635833762357293056, BUYER_ID=GUEST}, onBehalfOf=null, paymentMethodId=pm_1K7ozWHnmbEF7f1OC8DrHNKt, receiptEmail=null, review=null, setupFutureUsage=null, statementDescriptor=null, status=REQUIRES_CAPTURE, transferGroup=group_pi_3K7ozNHnmbEF7f1O1UMPbGh5)
12-17 17:33:43.331   894   894 I ConfigStore: android::hardware::configstore::V1_0::ISurfaceFlingerConfigs::hasHDRDisplay retrieved: 0
12-17 17:33:43.349   894   894 I chatty  : uid=1000(system) /system/bin/surfaceflinger identical 7 lines
12-17 17:33:43.349   894   894 I ConfigStore: android::hardware::configstore::V1_0::ISurfaceFlingerConfigs::hasHDRDisplay retrieved: 0
12-17 17:33:43.358  2501  3519 I com.sunmi.pushservice.q: [ (MqttLogger.java:31)#A ] add ping alarm 60
12-17 17:33:43.361   894   903 D SurfaceFlinger: duplicate layer name: changing io.ubt.alaeat.pos.t2.thespot/io.ubt.alaeat.pos.module_dine_in.acitivity.PaymentActivity to io.ubt.alaeat.pos.t2.thespot/io.ubt.alaeat.pos.module_dine_in.acitivity.PaymentActivity#3
12-17 17:33:43.364   894   894 I ConfigStore: android::hardware::configstore::V1_0::ISurfaceFlingerConfigs::hasHDRDisplay retrieved: 0
12-17 17:33:43.566   894   894 I chatty  : uid=1000(system) /system/bin/surfaceflinger identical 95 lines
12-17 17:33:43.566   894   894 I ConfigStore: android::hardware::configstore::V1_0::ISurfaceFlingerConfigs::hasHDRDisplay retrieved: 0
12-17 17:33:43.580   894   903 W SurfaceFlinger: Attempting to set client state on removed layer: io.ubt.alaeat.pos.t2.thespot/io.ubt.alaeat.pos.module_dine_in.acitivity.PaymentActivity#2
12-17 17:33:43.580   894   903 W SurfaceFlinger: Attempting to destroy on removed layer: io.ubt.alaeat.pos.t2.thespot/io.ubt.alaeat.pos.module_dine_in.acitivity.PaymentActivity#2
12-17 17:33:43.581   894   894 I ConfigStore: android::hardware::configstore::V1_0::ISurfaceFlingerConfigs::hasHDRDisplay retrieved: 0
12-17 17:33:44.081   894   894 I chatty  : uid=1000(system) /system/bin/surfaceflinger identical 215 lines
12-17 17:33:44.081   894   894 I ConfigStore: android::hardware::configstore::V1_0::ISurfaceFlingerConfigs::hasHDRDisplay retrieved: 0
12-17 17:33:44.085   667  3570 D audio_hw_primary: out_standby: enter: stream (0xec1fb800) usecase(0: deep-buffer-playback)
12-17 17:33:44.096   894   894 I ConfigStore: android::hardware::configstore::V1_0::ISurfaceFlingerConfigs::hasHDRDisplay retrieved: 0
12-17 17:33:44.296   894   894 I chatty  : uid=1000(system) /system/bin/surfaceflinger identical 84 lines
12-17 17:33:44.296   894   894 I ConfigStore: android::hardware::configstore::V1_0::ISurfaceFlingerConfigs::hasHDRDisplay retrieved: 0
12-17 17:33:44.296   667  3570 D audio_hw_primary: disable_audio_route: reset and update mixer path: deep-buffer-playback
12-17 17:33:44.297   667  3570 D soundtrigger: audio_extn_sound_trigger_update_stream_status: uc_info->id 0 of type 0 for Event 2, with Raise=1
12-17 17:33:44.297   667  3570 I sound_trigger_platform: platform_stdev_check_and_update_concurrency: Received STREAM event, event type 2, usecase type 0
12-17 17:33:44.297   667  3570 D sound_trigger_platform: platform_stdev_check_and_update_concurrency: dedicated path 0, reset backend 1, tx 0, rx 0,concurrency session allowed
12-17 17:33:44.297   667  3570 D msm8916_platform: platform_split_snd_device: snd_device(2) num devices(0) new_snd_devices(0)
12-17 17:33:44.297   667  3570 I msm8916_platform: platform_get_custom_mtmx_params: no matching param with id 0 ip_ch 2 op_ch 2 uc_id 0 snd_dev 2
12-17 17:33:44.297   667  3570 D hardware_info: hw_info_append_hw_type : device_name = speaker
12-17 17:33:44.297   667  3570 D audio_hw_primary: disable_snd_device: snd_device(2: speaker)
12-17 17:33:44.297   667  3570 D msm8916_platform: platform_split_snd_device: snd_device(2) num devices(0) new_snd_devices(0)
12-17 17:33:44.297   894   894 I ConfigStore: android::hardware::configstore::V1_0::ISurfaceFlingerConfigs::hasHDRDisplay retrieved: 0
12-17 17:33:44.297   894   894 I chatty  : uid=1000(system) /system/bin/surfaceflinger identical 3 lines
12-17 17:33:44.298   894   894 I ConfigStore: android::hardware::configstore::V1_0::ISurfaceFlingerConfigs::hasHDRDisplay retrieved: 0
12-17 17:33:44.306   667  3570 I soundtrigger: audio_extn_sound_trigger_update_device_status: device 0x2 of type 0 for Event 0, with Raise=0
12-17 17:33:44.306   667  3570 D audio_hw_primary: out_standby: exit
12-17 17:33:43.102  1280  2787 D ActivityManager: set woyou.aidlservice.jiuiv5 adj -900
12-17 17:33:44.307  1280  1838 D SuperPowerApp: 1041 not found
12-17 17:33:44.312   894   894 I ConfigStore: android::hardware::configstore::V1_0::ISurfaceFlingerConfigs::hasHDRDisplay retrieved: 0
12-17 17:33:44.696   894   894 I chatty  : uid=1000(system) /system/bin/surfaceflinger identical 161 lines
12-17 17:33:44.696   894   894 I ConfigStore: android::hardware::configstore::V1_0::ISurfaceFlingerConfigs::hasHDRDisplay retrieved: 0
12-17 17:33:44.697 10096 10096 D improveTouch: [Main:158] Start touch daemon
12-17 17:33:44.697   894   894 I ConfigStore: android::hardware::configstore::V1_0::ISurfaceFlingerConfigs::hasHDRDisplay retrieved: 0
12-17 17:33:44.697 10096 10096 E improveTouch: [ConfigManager:234] /sys/devices/soc0/chip_name doesn't exist
12-17 17:33:44.697 10096 10096 D improveTouch: [ConfigManager:501] loader file is available. loading it...
12-17 17:33:44.697   894   894 I ConfigStore: android::hardware::configstore::V1_0::ISurfaceFlingerConfigs::hasHDRDisplay retrieved: 0
12-17 17:33:44.698   894   894 I chatty  : uid=1000(system) /system/bin/surfaceflinger identical 2 lines
12-17 17:33:44.698   894   894 I ConfigStore: android::hardware::configstore::V1_0::ISurfaceFlingerConfigs::hasHDRDisplay retrieved: 0
12-17 17:33:44.698 10096 10096 D improveTouch: [ConfigManager:405] no custom ID defined
12-17 17:33:44.698 10096 10096 D improveTouch: [ConfigManager:428] GetPktStatus: E
12-17 17:33:44.698 10096 10096 E improveTouch: [ConfigManager:444] can't open /data/vendor/hbtp/pkt_play
12-17 17:33:44.698 10096 10096 D improveTouch: [ConfigManager:448] GetPktStatus: X
12-17 17:33:44.698 10096 10096 I improveTouch: [ConfigManager:546] Data Dir = /data/vendor/hbtp
12-17 17:33:44.698 10096 10096 I improveTouch: [ConfigManager:547] Main Config Dir = /vendor/etc/hbtp
12-17 17:33:44.698 10096 10096 I improveTouch: [ConfigManager:551] ConfigFile = /vendor/etc/hbtp/hbtpcfg_sdm660_800s_qhd.dat
12-17 17:33:44.698 10096 10096 I improveTouch: [ConfigManager:554] UTFLib = libFastRPC_UTF_Forward_skel.so
12-17 17:33:44.698 10096 10096 I improveTouch: [ConfigManager:557] AFEFW = /vendor/etc/hbtp/qtc800s_dsp.bin
12-17 17:33:44.698 10096 10096 I improveTouch: [ConfigManager:560] DSP = adsp
12-17 17:33:44.699 10096 10096 D improveTouch: [TouchController:415] init: E
