12-29 18:21:00.034  1288  2004 D ActivityManager: set woyou.aidlservice.jiuiv5 adj -900
12-29 18:21:04.246   918  1055 E storaged: getDiskStats failed with result NOT_SUPPORTED and size 0
12-29 18:21:06.546  1288  1393 D calculateSignalLevel: wifi-level: -41
12-29 18:21:07.833 19094 19094 D improveTouch: [Main:158] Start touch daemon
12-29 18:21:07.833 19094 19094 E improveTouch: [ConfigManager:234] /sys/devices/soc0/chip_name doesn't exist
12-29 18:21:07.833 19094 19094 D improveTouch: [ConfigManager:501] loader file is available. loading it...
12-29 18:21:07.834 19094 19094 D improveTouch: [ConfigManager:405] no custom ID defined
12-29 18:21:07.834 19094 19094 D improveTouch: [ConfigManager:428] GetPktStatus: E
12-29 18:21:07.834 19094 19094 E improveTouch: [ConfigManager:444] can't open /data/vendor/hbtp/pkt_play
12-29 18:21:07.835 19094 19094 D improveTouch: [ConfigManager:448] GetPktStatus: X
12-29 18:21:07.835 19094 19094 I improveTouch: [ConfigManager:546] Data Dir = /data/vendor/hbtp
12-29 18:21:07.835 19094 19094 I improveTouch: [ConfigManager:547] Main Config Dir = /vendor/etc/hbtp
12-29 18:21:07.835 19094 19094 I improveTouch: [ConfigManager:551] ConfigFile = /vendor/etc/hbtp/hbtpcfg_sdm660_800s_qhd.dat
12-29 18:21:07.835 19094 19094 I improveTouch: [ConfigManager:554] UTFLib = libFastRPC_UTF_Forward_skel.so
12-29 18:21:07.835 19094 19094 I improveTouch: [ConfigManager:557] AFEFW = /vendor/etc/hbtp/qtc800s_dsp.bin
12-29 18:21:07.835 19094 19094 I improveTouch: [ConfigManager:560] DSP = adsp
12-29 18:21:07.835 19094 19094 D improveTouch: [TouchController:415] init: E
12-29 18:21:07.835 19094 19094 D improveTouch: [ConfigManager:583] start loading config
12-29 18:21:07.881 19094 19094 D improveTouch: [ConfigManager:675] finished loading config
12-29 18:21:07.883 19094 19094 D improveTouch: [TouchController:454] Power Control Config doesn't exist
12-29 18:21:07.883 19094 19094 D improveTouch: [TouchController:462] Power Sync Option doesn't exist
12-29 18:21:07.883 19094 19094 D improveTouch: [TouchController:464] PowerManager Option = 0
12-29 18:21:07.883 19094 19094 E improveTouch: [InputDevice:61] InputDevice: pixelX: min = 0, max = 1440 pixelY: min = 0, max = 2560
12-29 18:21:07.883 19094 19094 E improveTouch: [InputDevice:65] Unable to open /dev/hbtp_input
12-29 18:21:07.883 19094 19094 E improveTouch: [TouchController:490] Error initializing input device: Error opening file
12-29 18:21:07.883 19094 19094 D improveTouch: [TouchController:1136] CommandExecutor::exit: thread is running, kill it first
12-29 18:21:07.883 19094 19095 D improveTouch: [TouchController:1186] runLoop exits
12-29 18:21:07.883 19094 19094 E improveTouch: [TouchController:522] init failed, ret = 1073741825
12-29 18:21:07.883 19094 19094 E improveTouch: [TouchServer:59] fail to init TouchController: Error opening file
12-29 18:21:07.883 19094 19094 E improveTouch: [TouchServer:69] error happened, clean-up resource and exit
12-29 18:21:07.883 19094 19094 E improveTouch: [TouchServer:71] delete event monitor
12-29 18:21:07.883 19094 19094 E improveTouch: [TouchServer:75] delete controller
12-29 18:21:07.883 19094 19094 E improveTouch: [TouchServer:79] delete touch processor
12-29 18:21:07.883 19094 19094 D improveTouch: [DSPTouchProcessor:807] deInit: E
12-29 18:21:07.883 19094 19094 E improveTouch: [DSPTouchProcessor:823] deInit: invalid state (current = 0)
12-29 18:21:07.883 19094 19094 D improveTouch: [DSPTouchProcessor:827] deInit: X pa_utf_ret = 1, ret = 1073741835
12-29 18:21:07.883 19094 19094 E improveTouch: [TouchServer:83] delete event injector
12-29 18:21:07.883 19094 19094 E improveTouch: [TouchServer:87] delete config management
12-29 18:21:07.883 19094 19094 E improveTouch: [TouchServer:90] fail to start daemon
12-29 18:21:07.883 19094 19094 E improveTouch: [Main:169] fail to initiate touch server
12-29 18:21:09.318  2290  3335 V LogFlusher: Reporting 1 traces
12-29 18:21:09.325  2290  3335 I StripeTerminal: class=CrpcClient message="GatorService.reportTrace request=null"
12-29 18:21:09.454  2290  3335 I StripeTerminal: class=CrpcClient message="GatorService.reportTrace response={}"
12-29 18:21:09.454  2290  3335 V LogFlusher: Sent 1 traces
12-29 18:21:09.454  2290  3335 V LogFlusher: Reporting 1 events
12-29 18:21:09.457  2290  3335 I StripeTerminal: class=CrpcClient message="GatorService.reportEvent request=null"
12-29 18:21:09.550  1288  1393 D calculateSignalLevel: wifi-level: -41
12-29 18:21:09.571  2290  3335 I StripeTerminal: class=CrpcClient message="GatorService.reportEvent response={}"
12-29 18:21:09.571  2290  3335 V LogFlusher: Sent 1 events
12-29 18:21:09.577   889   889 I ConfigStore: android::hardware::configstore::V1_0::ISurfaceFlingerConfigs::hasHDRDisplay retrieved: 0
12-29 18:21:11.578   889   889 I chatty  : uid=1000(system) /system/bin/surfaceflinger identical 8 lines
12-29 18:21:11.578   889   889 I ConfigStore: android::hardware::configstore::V1_0::ISurfaceFlingerConfigs::hasHDRDisplay retrieved: 0
12-29 18:21:12.565  1288  1393 D calculateSignalLevel: wifi-level: -41
12-29 18:21:12.839 19101 19101 D improveTouch: [Main:158] Start touch daemon
12-29 18:21:12.839 19101 19101 E improveTouch: [ConfigManager:234] /sys/devices/soc0/chip_name doesn't exist
12-29 18:21:12.840 19101 19101 D improveTouch: [ConfigManager:501] loader file is available. loading it...
12-29 18:21:12.840 19101 19101 D improveTouch: [ConfigManager:405] no custom ID defined
12-29 18:21:12.841 19101 19101 D improveTouch: [ConfigManager:428] GetPktStatus: E
12-29 18:21:12.841 19101 19101 E improveTouch: [ConfigManager:444] can't open /data/vendor/hbtp/pkt_play
12-29 18:21:12.841 19101 19101 D improveTouch: [ConfigManager:448] GetPktStatus: X
12-29 18:21:12.841 19101 19101 I improveTouch: [ConfigManager:546] Data Dir = /data/vendor/hbtp
12-29 18:21:12.841 19101 19101 I improveTouch: [ConfigManager:547] Main Config Dir = /vendor/etc/hbtp
12-29 18:21:12.841 19101 19101 I improveTouch: [ConfigManager:551] ConfigFile = /vendor/etc/hbtp/hbtpcfg_sdm660_800s_qhd.dat
12-29 18:21:12.841 19101 19101 I improveTouch: [ConfigManager:554] UTFLib = libFastRPC_UTF_Forward_skel.so
12-29 18:21:12.841 19101 19101 I improveTouch: [ConfigManager:557] AFEFW = /vendor/etc/hbtp/qtc800s_dsp.bin
12-29 18:21:12.841 19101 19101 I improveTouch: [ConfigManager:560] DSP = adsp
12-29 18:21:12.841 19101 19101 D improveTouch: [TouchController:415] init: E
12-29 18:21:12.841 19101 19101 D improveTouch: [ConfigManager:583] start loading config
12-29 18:21:12.887 19101 19101 D improveTouch: [ConfigManager:675] finished loading config
12-29 18:21:12.888 19101 19101 D improveTouch: [TouchController:454] Power Control Config doesn't exist
12-29 18:21:12.888 19101 19101 D improveTouch: [TouchController:462] Power Sync Option doesn't exist
12-29 18:21:12.888 19101 19101 D improveTouch: [TouchController:464] PowerManager Option = 0
12-29 18:21:12.888 19101 19101 E improveTouch: [InputDevice:61] InputDevice: pixelX: min = 0, max = 1440 pixelY: min = 0, max = 2560
12-29 18:21:12.888 19101 19101 E improveTouch: [InputDevice:65] Unable to open /dev/hbtp_input
12-29 18:21:12.888 19101 19101 E improveTouch: [TouchController:490] Error initializing input device: Error opening file
12-29 18:21:12.888 19101 19101 D improveTouch: [TouchController:1136] CommandExecutor::exit: thread is running, kill it first
12-29 18:21:12.888 19101 19102 D improveTouch: [TouchController:1186] runLoop exits
12-29 18:21:12.889 19101 19101 E improveTouch: [TouchController:522] init failed, ret = 1073741825
12-29 18:21:12.889 19101 19101 E improveTouch: [TouchServer:59] fail to init TouchController: Error opening file
12-29 18:21:12.889 19101 19101 E improveTouch: [TouchServer:69] error happened, clean-up resource and exit
12-29 18:21:12.889 19101 19101 E improveTouch: [TouchServer:71] delete event monitor
12-29 18:21:12.889 19101 19101 E improveTouch: [TouchServer:75] delete controller
12-29 18:21:12.889 19101 19101 E improveTouch: [TouchServer:79] delete touch processor
12-29 18:21:12.889 19101 19101 D improveTouch: [DSPTouchProcessor:807] deInit: E
12-29 18:21:12.889 19101 19101 E improveTouch: [DSPTouchProcessor:823] deInit: invalid state (current = 0)
12-29 18:21:12.889 19101 19101 D improveTouch: [DSPTouchProcessor:827] deInit: X pa_utf_ret = 1, ret = 1073741835
12-29 18:21:12.889 19101 19101 E improveTouch: [TouchServer:83] delete event injector
12-29 18:21:12.889 19101 19101 E improveTouch: [TouchServer:87] delete config management
12-29 18:21:12.889 19101 19101 E improveTouch: [TouchServer:90] fail to start daemon
12-29 18:21:12.889 19101 19101 E improveTouch: [Main:169] fail to initiate touch server
12-29 18:21:15.575  1288  1393 D calculateSignalLevel: wifi-level: -41
12-29 18:21:15.610   889   889 I ConfigStore: android::hardware::configstore::V1_0::ISurfaceFlingerConfigs::hasHDRDisplay retrieved: 0
12-29 18:21:15.612   889   889 I chatty  : uid=1000(system) /system/bin/surfaceflinger identical 3 lines
12-29 18:21:15.612   889   889 I ConfigStore: android::hardware::configstore::V1_0::ISurfaceFlingerConfigs::hasHDRDisplay retrieved: 0
12-29 18:21:16.277   667  2329 I vendor.qti.bluetooth@1.0-ibs_handler: ProcessIbsCmd: Received IBS_WAKE_IND: 0xFD
12-29 18:21:16.277   667  2329 D vendor.qti.bluetooth@1.0-ibs_handler: SerialClockVote: vote for UART CLK ON
12-29 18:21:16.278   667  2329 D vendor.qti.bluetooth@1.0-wake_lock: Acquire wakelock is acquired 
12-29 18:21:16.278   667  2329 I vendor.qti.bluetooth@1.0-ibs_handler: ProcessIbsCmd: Writing IBS_WAKE_ACK
12-29 18:21:16.279  1429  2332 E bt_btif : bta_gattc_process_indicate, ignore HID ind/notificiation
12-29 18:21:16.279  1429  1489 D BtGatt.GattService: onNotify() - address=CC:D3:1E:68:ED:B3, handle=42, length=11
12-29 18:21:16.279  2290  3409 D BluetoothDevice: mAddress: CC:D3:1E:68:ED:B3
12-29 18:21:16.281  2290  3404 D BluetoothDevice: mAddress: CC:D3:1E:68:ED:B3
12-29 18:21:16.282  1429  1440 D BtGatt.GattService: writeCharacteristic() - address=CC:D3:1E:68:ED:B3
12-29 18:21:16.282   667   667 I vendor.qti.bluetooth@1.0-ibs_handler: DeviceWakeUp: Writing IBS_WAKE_IND
12-29 18:21:16.283   667  2329 I vendor.qti.bluetooth@1.0-ibs_handler: ProcessIbsCmd: Received IBS_WAKE_ACK: 0xFC
12-29 18:21:16.308  1429  1489 D BtGatt.GattService: onWriteCharacteristic() - address=CC:D3:1E:68:ED:B3, status=0
12-29 18:21:16.308  2290  3409 D BluetoothDevice: mAddress: CC:D3:1E:68:ED:B3
12-29 18:21:16.348   667  2329 I vendor.qti.bluetooth@1.0-ibs_handler: ProcessIbsCmd: Received IBS_SLEEP_IND: 0xFE
12-29 18:21:16.610   889   889 I ConfigStore: android::hardware::configstore::V1_0::ISurfaceFlingerConfigs::hasHDRDisplay retrieved: 0
12-29 18:21:16.611   889   889 I chatty  : uid=1000(system) /system/bin/surfaceflinger identical 3 lines
12-29 18:21:16.612   889   889 I ConfigStore: android::hardware::configstore::V1_0::ISurfaceFlingerConfigs::hasHDRDisplay retrieved: 0
12-29 18:21:17.283   667  2335 I vendor.qti.bluetooth@1.0-ibs_handler: DeviceSleep: TX Awake, Sending SLEEP_IND
12-29 18:21:17.283   667  2335 D vendor.qti.bluetooth@1.0-ibs_handler: SerialClockVote: vote for UART CLK OFF
12-29 18:21:17.433   667  1832 D vendor.qti.bluetooth@1.0-wake_lock: Release wakelock is released 
12-29 18:21:17.846 19108 19108 D improveTouch: [Main:158] Start touch daemon
12-29 18:21:17.846 19108 19108 E improveTouch: [ConfigManager:234] /sys/devices/soc0/chip_name doesn't exist
12-29 18:21:17.846 19108 19108 D improveTouch: [ConfigManager:501] loader file is available. loading it...
12-29 18:21:17.847 19108 19108 D improveTouch: [ConfigManager:405] no custom ID defined
12-29 18:21:17.847 19108 19108 D improveTouch: [ConfigManager:428] GetPktStatus: E
12-29 18:21:17.847 19108 19108 E improveTouch: [ConfigManager:444] can't open /data/vendor/hbtp/pkt_play
12-29 18:21:17.847 19108 19108 D improveTouch: [ConfigManager:448] GetPktStatus: X
12-29 18:21:17.847 19108 19108 I improveTouch: [ConfigManager:546] Data Dir = /data/vendor/hbtp
12-29 18:21:17.847 19108 19108 I improveTouch: [ConfigManager:547] Main Config Dir = /vendor/etc/hbtp
12-29 18:21:17.847 19108 19108 I improveTouch: [ConfigManager:551] ConfigFile = /vendor/etc/hbtp/hbtpcfg_sdm660_800s_qhd.dat
12-29 18:21:17.847 19108 19108 I improveTouch: [ConfigManager:554] UTFLib = libFastRPC_UTF_Forward_skel.so
12-29 18:21:17.847 19108 19108 I improveTouch: [ConfigManager:557] AFEFW = /vendor/etc/hbtp/qtc800s_dsp.bin
12-29 18:21:17.847 19108 19108 I improveTouch: [ConfigManager:560] DSP = adsp
12-29 18:21:17.847 19108 19108 D improveTouch: [TouchController:415] init: E
12-29 18:21:17.847 19108 19108 D improveTouch: [ConfigManager:583] start loading config
12-29 18:21:17.893 19108 19108 D improveTouch: [ConfigManager:675] finished loading config
12-29 18:21:17.894 19108 19108 D improveTouch: [TouchController:454] Power Control Config doesn't exist
12-29 18:21:17.894 19108 19108 D improveTouch: [TouchController:462] Power Sync Option doesn't exist
12-29 18:21:17.894 19108 19108 D improveTouch: [TouchController:464] PowerManager Option = 0
12-29 18:21:17.894 19108 19108 E improveTouch: [InputDevice:61] InputDevice: pixelX: min = 0, max = 1440 pixelY: min = 0, max = 2560
12-29 18:21:17.894 19108 19108 E improveTouch: [InputDevice:65] Unable to open /dev/hbtp_input
12-29 18:21:17.894 19108 19108 E improveTouch: [TouchController:490] Error initializing input device: Error opening file
12-29 18:21:17.894 19108 19108 D improveTouch: [TouchController:1136] CommandExecutor::exit: thread is running, kill it first
12-29 18:21:17.895 19108 19109 D improveTouch: [TouchController:1186] runLoop exits
12-29 18:21:17.895 19108 19108 E improveTouch: [TouchController:522] init failed, ret = 1073741825
12-29 18:21:17.895 19108 19108 E improveTouch: [TouchServer:59] fail to init TouchController: Error opening file
12-29 18:21:17.895 19108 19108 E improveTouch: [TouchServer:69] error happened, clean-up resource and exit
12-29 18:21:17.895 19108 19108 E improveTouch: [TouchServer:71] delete event monitor
12-29 18:21:17.895 19108 19108 E improveTouch: [TouchServer:75] delete controller
12-29 18:21:17.895 19108 19108 E improveTouch: [TouchServer:79] delete touch processor
12-29 18:21:17.895 19108 19108 D improveTouch: [DSPTouchProcessor:807] deInit: E
12-29 18:21:17.895 19108 19108 E improveTouch: [DSPTouchProcessor:823] deInit: invalid state (current = 0)
12-29 18:21:17.895 19108 19108 D improveTouch: [DSPTouchProcessor:827] deInit: X pa_utf_ret = 1, ret = 1073741835
12-29 18:21:17.895 19108 19108 E improveTouch: [TouchServer:83] delete event injector
12-29 18:21:17.895 19108 19108 E improveTouch: [TouchServer:87] delete config management
12-29 18:21:17.895 19108 19108 E improveTouch: [TouchServer:90] fail to start daemon
12-29 18:21:17.895 19108 19108 E improveTouch: [Main:169] fail to initiate touch server
12-29 18:21:18.596  1288  1393 D calculateSignalLevel: wifi-level: -42
12-29 18:21:21.600  1288  1393 D calculateSignalLevel: wifi-level: -41
12-29 18:21:22.627   889   889 I ConfigStore: android::hardware::configstore::V1_0::ISurfaceFlingerConfigs::hasHDRDisplay retrieved: 0
12-29 18:21:22.628   889   889 I chatty  : uid=1000(system) /system/bin/surfaceflinger identical 3 lines
12-29 18:21:22.628   889   889 I ConfigStore: android::hardware::configstore::V1_0::ISurfaceFlingerConfigs::hasHDRDisplay retrieved: 0
12-29 18:21:22.852 19115 19115 D improveTouch: [Main:158] Start touch daemon
12-29 18:21:22.852 19115 19115 E improveTouch: [ConfigManager:234] /sys/devices/soc0/chip_name doesn't exist
12-29 18:21:22.852 19115 19115 D improveTouch: [ConfigManager:501] loader file is available. loading it...
12-29 18:21:22.853 19115 19115 D improveTouch: [ConfigManager:405] no custom ID defined
12-29 18:21:22.853 19115 19115 D improveTouch: [ConfigManager:428] GetPktStatus: E
12-29 18:21:22.853 19115 19115 E improveTouch: [ConfigManager:444] can't open /data/vendor/hbtp/pkt_play
12-29 18:21:22.853 19115 19115 D improveTouch: [ConfigManager:448] GetPktStatus: X
12-29 18:21:22.853 19115 19115 I improveTouch: [ConfigManager:546] Data Dir = /data/vendor/hbtp
12-29 18:21:22.853 19115 19115 I improveTouch: [ConfigManager:547] Main Config Dir = /vendor/etc/hbtp
12-29 18:21:22.853 19115 19115 I improveTouch: [ConfigManager:551] ConfigFile = /vendor/etc/hbtp/hbtpcfg_sdm660_800s_qhd.dat
12-29 18:21:22.853 19115 19115 I improveTouch: [ConfigManager:554] UTFLib = libFastRPC_UTF_Forward_skel.so
12-29 18:21:22.853 19115 19115 I improveTouch: [ConfigManager:557] AFEFW = /vendor/etc/hbtp/qtc800s_dsp.bin
12-29 18:21:22.853 19115 19115 I improveTouch: [ConfigManager:560] DSP = adsp
12-29 18:21:22.853 19115 19115 D improveTouch: [TouchController:415] init: E
12-29 18:21:22.854 19115 19115 D improveTouch: [ConfigManager:583] start loading config
12-29 18:21:22.901 19115 19115 D improveTouch: [ConfigManager:675] finished loading config
12-29 18:21:22.902 19115 19115 D improveTouch: [TouchController:454] Power Control Config doesn't exist
12-29 18:21:22.902 19115 19115 D improveTouch: [TouchController:462] Power Sync Option doesn't exist
12-29 18:21:22.902 19115 19115 D improveTouch: [TouchController:464] PowerManager Option = 0
12-29 18:21:22.902 19115 19115 E improveTouch: [InputDevice:61] InputDevice: pixelX: min = 0, max = 1440 pixelY: min = 0, max = 2560
12-29 18:21:22.902 19115 19115 E improveTouch: [InputDevice:65] Unable to open /dev/hbtp_input
12-29 18:21:22.902 19115 19115 E improveTouch: [TouchController:490] Error initializing input device: Error opening file
12-29 18:21:22.902 19115 19115 D improveTouch: [TouchController:1136] CommandExecutor::exit: thread is running, kill it first
12-29 18:21:22.902 19115 19116 D improveTouch: [TouchController:1186] runLoop exits
12-29 18:21:22.903 19115 19115 E improveTouch: [TouchController:522] init failed, ret = 1073741825
12-29 18:21:22.903 19115 19115 E improveTouch: [TouchServer:59] fail to init TouchController: Error opening file
12-29 18:21:22.903 19115 19115 E improveTouch: [TouchServer:69] error happened, clean-up resource and exit
12-29 18:21:22.903 19115 19115 E improveTouch: [TouchServer:71] delete event monitor
12-29 18:21:22.903 19115 19115 E improveTouch: [TouchServer:75] delete controller
12-29 18:21:22.903 19115 19115 E improveTouch: [TouchServer:79] delete touch processor
12-29 18:21:22.903 19115 19115 D improveTouch: [DSPTouchProcessor:807] deInit: E
12-29 18:21:22.903 19115 19115 E improveTouch: [DSPTouchProcessor:823] deInit: invalid state (current = 0)
12-29 18:21:22.903 19115 19115 D improveTouch: [DSPTouchProcessor:827] deInit: X pa_utf_ret = 1, ret = 1073741835
12-29 18:21:22.903 19115 19115 E improveTouch: [TouchServer:83] delete event injector
12-29 18:21:22.903 19115 19115 E improveTouch: [TouchServer:87] delete config management
12-29 18:21:22.903 19115 19115 E improveTouch: [TouchServer:90] fail to start daemon
12-29 18:21:22.903 19115 19115 E improveTouch: [Main:169] fail to initiate touch server
12-29 18:21:23.627   889   889 I ConfigStore: android::hardware::configstore::V1_0::ISurfaceFlingerConfigs::hasHDRDisplay retrieved: 0
12-29 18:21:23.628   889   889 I chatty  : uid=1000(system) /system/bin/surfaceflinger identical 3 lines
12-29 18:21:23.628   889   889 I ConfigStore: android::hardware::configstore::V1_0::ISurfaceFlingerConfigs::hasHDRDisplay retrieved: 0
12-29 18:21:24.610  1288  1393 D calculateSignalLevel: wifi-level: -43
12-29 18:21:27.618  1288  1393 D calculateSignalLevel: wifi-level: -45
12-29 18:21:27.644   889   889 I ConfigStore: android::hardware::configstore::V1_0::ISurfaceFlingerConfigs::hasHDRDisplay retrieved: 0
12-29 18:21:27.645   889   889 I chatty  : uid=1000(system) /system/bin/surfaceflinger identical 3 lines
12-29 18:21:27.645   889   889 I ConfigStore: android::hardware::configstore::V1_0::ISurfaceFlingerConfigs::hasHDRDisplay retrieved: 0
12-29 18:21:27.853 19122 19122 D improveTouch: [Main:158] Start touch daemon
12-29 18:21:27.853 19122 19122 E improveTouch: [ConfigManager:234] /sys/devices/soc0/chip_name doesn't exist
12-29 18:21:27.853 19122 19122 D improveTouch: [ConfigManager:501] loader file is available. loading it...
12-29 18:21:27.854 19122 19122 D improveTouch: [ConfigManager:405] no custom ID defined
12-29 18:21:27.854 19122 19122 D improveTouch: [ConfigManager:428] GetPktStatus: E
12-29 18:21:27.854 19122 19122 E improveTouch: [ConfigManager:444] can't open /data/vendor/hbtp/pkt_play
12-29 18:21:27.854 19122 19122 D improveTouch: [ConfigManager:448] GetPktStatus: X
12-29 18:21:27.854 19122 19122 I improveTouch: [ConfigManager:546] Data Dir = /data/vendor/hbtp
12-29 18:21:27.854 19122 19122 I improveTouch: [ConfigManager:547] Main Config Dir = /vendor/etc/hbtp
12-29 18:21:27.854 19122 19122 I improveTouch: [ConfigManager:551] ConfigFile = /vendor/etc/hbtp/hbtpcfg_sdm660_800s_qhd.dat
12-29 18:21:27.854 19122 19122 I improveTouch: [ConfigManager:554] UTFLib = libFastRPC_UTF_Forward_skel.so
12-29 18:21:27.854 19122 19122 I improveTouch: [ConfigManager:557] AFEFW = /vendor/etc/hbtp/qtc800s_dsp.bin
12-29 18:21:27.854 19122 19122 I improveTouch: [ConfigManager:560] DSP = adsp
12-29 18:21:27.855 19122 19122 D improveTouch: [TouchController:415] init: E
12-29 18:21:27.855 19122 19122 D improveTouch: [ConfigManager:583] start loading config
12-29 18:21:27.899 19122 19122 D improveTouch: [ConfigManager:675] finished loading config
12-29 18:21:27.901 19122 19122 D improveTouch: [TouchController:454] Power Control Config doesn't exist
12-29 18:21:27.901 19122 19122 D improveTouch: [TouchController:462] Power Sync Option doesn't exist
12-29 18:21:27.901 19122 19122 D improveTouch: [TouchController:464] PowerManager Option = 0
12-29 18:21:27.901 19122 19122 E improveTouch: [InputDevice:61] InputDevice: pixelX: min = 0, max = 1440 pixelY: min = 0, max = 2560
12-29 18:21:27.901 19122 19122 E improveTouch: [InputDevice:65] Unable to open /dev/hbtp_input
12-29 18:21:27.901 19122 19122 E improveTouch: [TouchController:490] Error initializing input device: Error opening file
12-29 18:21:27.901 19122 19122 D improveTouch: [TouchController:1136] CommandExecutor::exit: thread is running, kill it first
12-29 18:21:27.901 19122 19123 D improveTouch: [TouchController:1186] runLoop exits
12-29 18:21:27.901 19122 19122 E improveTouch: [TouchController:522] init failed, ret = 1073741825
12-29 18:21:27.901 19122 19122 E improveTouch: [TouchServer:59] fail to init TouchController: Error opening file
12-29 18:21:27.901 19122 19122 E improveTouch: [TouchServer:69] error happened, clean-up resource and exit
12-29 18:21:27.901 19122 19122 E improveTouch: [TouchServer:71] delete event monitor
12-29 18:21:27.901 19122 19122 E improveTouch: [TouchServer:75] delete controller
12-29 18:21:27.901 19122 19122 E improveTouch: [TouchServer:79] delete touch processor
12-29 18:21:27.901 19122 19122 D improveTouch: [DSPTouchProcessor:807] deInit: E
12-29 18:21:27.901 19122 19122 E improveTouch: [DSPTouchProcessor:823] deInit: invalid state (current = 0)
12-29 18:21:27.901 19122 19122 D improveTouch: [DSPTouchProcessor:827] deInit: X pa_utf_ret = 1, ret = 1073741835
12-29 18:21:27.901 19122 19122 E improveTouch: [TouchServer:83] delete event injector
12-29 18:21:27.901 19122 19122 E improveTouch: [TouchServer:87] delete config management
12-29 18:21:27.901 19122 19122 E improveTouch: [TouchServer:90] fail to start daemon
12-29 18:21:27.901 19122 19122 E improveTouch: [Main:169] fail to initiate touch server
12-29 18:21:28.458   667  2329 I vendor.qti.bluetooth@1.0-ibs_handler: ProcessIbsCmd: Received IBS_WAKE_IND: 0xFD
12-29 18:21:28.458   667  2329 D vendor.qti.bluetooth@1.0-ibs_handler: SerialClockVote: vote for UART CLK ON
12-29 18:21:28.459   667  2329 D vendor.qti.bluetooth@1.0-wake_lock: Acquire wakelock is acquired 
12-29 18:21:28.459   667  2329 I vendor.qti.bluetooth@1.0-ibs_handler: ProcessIbsCmd: Writing IBS_WAKE_ACK
12-29 18:21:28.459  1429  2332 E bt_btif : bta_gattc_process_indicate, ignore HID ind/notificiation
12-29 18:21:28.459  1429  1489 D BtGatt.GattService: onNotify() - address=CC:D3:1E:68:ED:B3, handle=42, length=15
12-29 18:21:28.460  2290  3409 D BluetoothDevice: mAddress: CC:D3:1E:68:ED:B3
12-29 18:21:28.462  2290  3404 D BluetoothDevice: mAddress: CC:D3:1E:68:ED:B3
12-29 18:21:28.463  1429  1440 D BtGatt.GattService: writeCharacteristic() - address=CC:D3:1E:68:ED:B3
12-29 18:21:28.463   667   667 I vendor.qti.bluetooth@1.0-ibs_handler: DeviceWakeUp: Writing IBS_WAKE_IND
12-29 18:21:28.463   667  2329 I vendor.qti.bluetooth@1.0-ibs_handler: ProcessIbsCmd: Received IBS_WAKE_ACK: 0xFC
12-29 18:21:28.488  1429  1489 D BtGatt.GattService: onWriteCharacteristic() - address=CC:D3:1E:68:ED:B3, status=0
12-29 18:21:28.488  2290  3409 D BluetoothDevice: mAddress: CC:D3:1E:68:ED:B3
12-29 18:21:28.488  2290  2290 I StripeTerminal: class=BBPOSTransactionListener message="onRequestDisplayText TRY_AGAIN"
12-29 18:21:28.528   667  2329 I vendor.qti.bluetooth@1.0-ibs_handler: ProcessIbsCmd: Received IBS_SLEEP_IND: 0xFE
12-29 18:21:28.563   667  2329 I vendor.qti.bluetooth@1.0-ibs_handler: ProcessIbsCmd: Received IBS_WAKE_IND: 0xFD
12-29 18:21:28.563   667  2329 I vendor.qti.bluetooth@1.0-ibs_handler: ProcessIbsCmd: Writing IBS_WAKE_ACK
12-29 18:21:28.563  1429  2332 E bt_btif : bta_gattc_process_indicate, ignore HID ind/notificiation
12-29 18:21:28.563  1429  1489 D BtGatt.GattService: onNotify() - address=CC:D3:1E:68:ED:B3, handle=42, length=15
12-29 18:21:28.563  2290  3409 D BluetoothDevice: mAddress: CC:D3:1E:68:ED:B3
12-29 18:21:28.566  2290  3404 D BluetoothDevice: mAddress: CC:D3:1E:68:ED:B3
12-29 18:21:28.566  1429  1440 D BtGatt.GattService: writeCharacteristic() - address=CC:D3:1E:68:ED:B3
12-29 18:21:28.593  1429  1489 D BtGatt.GattService: onWriteCharacteristic() - address=CC:D3:1E:68:ED:B3, status=0
12-29 18:21:28.593  2290  3409 D BluetoothDevice: mAddress: CC:D3:1E:68:ED:B3
12-29 18:21:28.593  2290  2290 I StripeTerminal: class=BBPOSTransactionListener message="onRequestDisplayText PRESENT_CARD"
12-29 18:21:28.608  1429  2332 E bt_btif : bta_gattc_process_indicate, ignore HID ind/notificiation
12-29 18:21:28.608  1429  1489 D BtGatt.GattService: onNotify() - address=CC:D3:1E:68:ED:B3, handle=42, length=15
12-29 18:21:28.608  2290  3409 D BluetoothDevice: mAddress: CC:D3:1E:68:ED:B3
12-29 18:21:28.609  2290  3404 D BluetoothDevice: mAddress: CC:D3:1E:68:ED:B3
12-29 18:21:28.610  1429  1440 D BtGatt.GattService: writeCharacteristic() - address=CC:D3:1E:68:ED:B3
12-29 18:21:28.638  1429  1489 D BtGatt.GattService: onWriteCharacteristic() - address=CC:D3:1E:68:ED:B3, status=0
12-29 18:21:28.638  2290  3409 D BluetoothDevice: mAddress: CC:D3:1E:68:ED:B3
12-29 18:21:28.639  2290  2290 I StripeTerminal: class=BBPOSTransactionListener message="onWaitingForCard SWIPE_OR_INSERT_OR_TAP"
12-29 18:21:28.639  2290  2290 I StripeTerminal: class=ProxyReaderListener message="onRequestReaderInput(Swipe / Insert / Tap)"
12-29 18:21:28.644   889   889 I ConfigStore: android::hardware::configstore::V1_0::ISurfaceFlingerConfigs::hasHDRDisplay retrieved: 0
12-29 18:21:28.644   889   889 I chatty  : uid=1000(system) /system/bin/surfaceflinger identical 2 lines
12-29 18:21:28.645   889   889 I ConfigStore: android::hardware::configstore::V1_0::ISurfaceFlingerConfigs::hasHDRDisplay retrieved: 0
12-29 18:21:28.645  2290  2290 I CombinedKernelInterface: reset
12-29 18:21:28.645   889   889 I ConfigStore: android::hardware::configstore::V1_0::ISurfaceFlingerConfigs::hasHDRDisplay retrieved: 0
12-29 18:21:28.645  2290  2290 D blog    : [ (LogUtil.kt:25)#Logd$default ] : onPayCardInOrSwipeNumber:2
12-29 18:21:28.677   889   889 I ConfigStore: android::hardware::configstore::V1_0::ISurfaceFlingerConfigs::hasHDRDisplay retrieved: 0
12-29 18:21:28.677   889   889 I chatty  : uid=1000(system) /system/bin/surfaceflinger identical 1 line
12-29 18:21:28.677   889   889 I ConfigStore: android::hardware::configstore::V1_0::ISurfaceFlingerConfigs::hasHDRDisplay retrieved: 0
12-29 18:21:28.678   667  2329 I vendor.qti.bluetooth@1.0-ibs_handler: ProcessIbsCmd: Received IBS_SLEEP_IND: 0xFE
12-29 18:21:28.678   889   889 I ConfigStore: android::hardware::configstore::V1_0::ISurfaceFlingerConfigs::hasHDRDisplay retrieved: 0
12-29 18:21:28.679   889   889 I ConfigStore: android::hardware::configstore::V1_0::ISurfaceFlingerConfigs::hasHDRDisplay retrieved: 0
12-29 18:21:29.610   667  2335 I vendor.qti.bluetooth@1.0-ibs_handler: DeviceSleep: TX Awake, Sending SLEEP_IND
12-29 18:21:29.610   667  2335 D vendor.qti.bluetooth@1.0-ibs_handler: SerialClockVote: vote for UART CLK OFF
12-29 18:21:29.643   889   889 I ConfigStore: android::hardware::configstore::V1_0::ISurfaceFlingerConfigs::hasHDRDisplay retrieved: 0
12-29 18:21:29.645   889   889 I chatty  : uid=1000(system) /system/bin/surfaceflinger identical 3 lines
12-29 18:21:29.645   889   889 I ConfigStore: android::hardware::configstore::V1_0::ISurfaceFlingerConfigs::hasHDRDisplay retrieved: 0
12-29 18:21:29.760   667  1832 D vendor.qti.bluetooth@1.0-wake_lock: Release wakelock is released 
12-29 18:21:30.621  1288  1393 D calculateSignalLevel: wifi-level: -44
12-29 18:21:30.643   889   889 I ConfigStore: android::hardware::configstore::V1_0::ISurfaceFlingerConfigs::hasHDRDisplay retrieved: 0
12-29 18:21:30.645   889   889 I chatty  : uid=1000(system) /system/bin/surfaceflinger identical 3 lines
12-29 18:21:30.645   889   889 I ConfigStore: android::hardware::configstore::V1_0::ISurfaceFlingerConfigs::hasHDRDisplay retrieved: 0
12-29 18:21:32.858 19129 19129 D improveTouch: [Main:158] Start touch daemon
12-29 18:21:32.858 19129 19129 E improveTouch: [ConfigManager:234] /sys/devices/soc0/chip_name doesn't exist
12-29 18:21:32.859 19129 19129 D improveTouch: [ConfigManager:501] loader file is available. loading it...
12-29 18:21:32.859 19129 19129 D improveTouch: [ConfigManager:405] no custom ID defined
12-29 18:21:32.860 19129 19129 D improveTouch: [ConfigManager:428] GetPktStatus: E
12-29 18:21:32.860 19129 19129 E improveTouch: [ConfigManager:444] can't open /data/vendor/hbtp/pkt_play
12-29 18:21:32.860 19129 19129 D improveTouch: [ConfigManager:448] GetPktStatus: X
12-29 18:21:32.860 19129 19129 I improveTouch: [ConfigManager:546] Data Dir = /data/vendor/hbtp
12-29 18:21:32.860 19129 19129 I improveTouch: [ConfigManager:547] Main Config Dir = /vendor/etc/hbtp
12-29 18:21:32.860 19129 19129 I improveTouch: [ConfigManager:551] ConfigFile = /vendor/etc/hbtp/hbtpcfg_sdm660_800s_qhd.dat
12-29 18:21:32.860 19129 19129 I improveTouch: [ConfigManager:554] UTFLib = libFastRPC_UTF_Forward_skel.so
12-29 18:21:32.860 19129 19129 I improveTouch: [ConfigManager:557] AFEFW = /vendor/etc/hbtp/qtc800s_dsp.bin
12-29 18:21:32.860 19129 19129 I improveTouch: [ConfigManager:560] DSP = adsp
12-29 18:21:32.860 19129 19129 D improveTouch: [TouchController:415] init: E
12-29 18:21:32.860 19129 19129 D improveTouch: [ConfigManager:583] start loading config
12-29 18:21:32.908 19129 19129 D improveTouch: [ConfigManager:675] finished loading config
12-29 18:21:32.909 19129 19129 D improveTouch: [TouchController:454] Power Control Config doesn't exist
12-29 18:21:32.909 19129 19129 D improveTouch: [TouchController:462] Power Sync Option doesn't exist
12-29 18:21:32.909 19129 19129 D improveTouch: [TouchController:464] PowerManager Option = 0
12-29 18:21:32.909 19129 19129 E improveTouch: [InputDevice:61] InputDevice: pixelX: min = 0, max = 1440 pixelY: min = 0, max = 2560
12-29 18:21:32.909 19129 19129 E improveTouch: [InputDevice:65] Unable to open /dev/hbtp_input
12-29 18:21:32.909 19129 19129 E improveTouch: [TouchController:490] Error initializing input device: Error opening file
12-29 18:21:32.909 19129 19129 D improveTouch: [TouchController:1136] CommandExecutor::exit: thread is running, kill it first
12-29 18:21:32.909 19129 19130 D improveTouch: [TouchController:1186] runLoop exits
12-29 18:21:32.910 19129 19129 E improveTouch: [TouchController:522] init failed, ret = 1073741825
12-29 18:21:32.910 19129 19129 E improveTouch: [TouchServer:59] fail to init TouchController: Error opening file
12-29 18:21:32.910 19129 19129 E improveTouch: [TouchServer:69] error happened, clean-up resource and exit
12-29 18:21:32.910 19129 19129 E improveTouch: [TouchServer:71] delete event monitor
12-29 18:21:32.910 19129 19129 E improveTouch: [TouchServer:75] delete controller
12-29 18:21:32.910 19129 19129 E improveTouch: [TouchServer:79] delete touch processor
12-29 18:21:32.910 19129 19129 D improveTouch: [DSPTouchProcessor:807] deInit: E
12-29 18:21:32.910 19129 19129 E improveTouch: [DSPTouchProcessor:823] deInit: invalid state (current = 0)
12-29 18:21:32.910 19129 19129 D improveTouch: [DSPTouchProcessor:827] deInit: X pa_utf_ret = 1, ret = 1073741835
12-29 18:21:32.910 19129 19129 E improveTouch: [TouchServer:83] delete event injector
12-29 18:21:32.910 19129 19129 E improveTouch: [TouchServer:87] delete config management
12-29 18:21:32.910 19129 19129 E improveTouch: [TouchServer:90] fail to start daemon
12-29 18:21:32.910 19129 19129 E improveTouch: [Main:169] fail to initiate touch server
12-29 18:21:32.973   667  2329 I vendor.qti.bluetooth@1.0-ibs_handler: ProcessIbsCmd: Received IBS_WAKE_IND: 0xFD
12-29 18:21:32.973   667  2329 D vendor.qti.bluetooth@1.0-ibs_handler: SerialClockVote: vote for UART CLK ON
12-29 18:21:32.974   667  2329 D vendor.qti.bluetooth@1.0-wake_lock: Acquire wakelock is acquired 
12-29 18:21:32.974   667  2329 I vendor.qti.bluetooth@1.0-ibs_handler: ProcessIbsCmd: Writing IBS_WAKE_ACK
12-29 18:21:32.974  1429  2332 E bt_btif : bta_gattc_process_indicate, ignore HID ind/notificiation
12-29 18:21:32.975  1429  1489 D BtGatt.GattService: onNotify() - address=CC:D3:1E:68:ED:B3, handle=42, length=15
12-29 18:21:32.975  2290  3409 D BluetoothDevice: mAddress: CC:D3:1E:68:ED:B3
12-29 18:21:32.984  2290  3404 D BluetoothDevice: mAddress: CC:D3:1E:68:ED:B3
12-29 18:21:32.984  1429  1440 D BtGatt.GattService: writeCharacteristic() - address=CC:D3:1E:68:ED:B3
12-29 18:21:32.985   667   667 I vendor.qti.bluetooth@1.0-ibs_handler: DeviceWakeUp: Writing IBS_WAKE_IND
12-29 18:21:32.985   667  2329 I vendor.qti.bluetooth@1.0-ibs_handler: ProcessIbsCmd: Received IBS_WAKE_ACK: 0xFC
12-29 18:21:33.003  1429  1489 D BtGatt.GattService: onWriteCharacteristic() - address=CC:D3:1E:68:ED:B3, status=0
12-29 18:21:33.003  2290  3409 D BluetoothDevice: mAddress: CC:D3:1E:68:ED:B3
12-29 18:21:33.003  2290  2290 I StripeTerminal: class=BBPOSTransactionListener message="onRequestDisplayText PRESENT_CARD_AGAIN"
12-29 18:21:33.004  2290  2290 I StripeTerminal: class=ProxyReaderListener message="onRequestReaderDisplayMessage(Retry Card)"
12-29 18:21:33.009  2290  2290 I CombinedKernelInterface: reset
12-29 18:21:33.018  1429  2332 E bt_btif : bta_gattc_process_indicate, ignore HID ind/notificiation
12-29 18:21:33.018  1429  1489 D BtGatt.GattService: onNotify() - address=CC:D3:1E:68:ED:B3, handle=42, length=15
12-29 18:21:33.018  2290  3409 D BluetoothDevice: mAddress: CC:D3:1E:68:ED:B3
12-29 18:21:33.024  2290  3404 D BluetoothDevice: mAddress: CC:D3:1E:68:ED:B3
12-29 18:21:33.024  1429  1440 D BtGatt.GattService: writeCharacteristic() - address=CC:D3:1E:68:ED:B3
12-29 18:21:33.044   889   889 I ConfigStore: android::hardware::configstore::V1_0::ISurfaceFlingerConfigs::hasHDRDisplay retrieved: 0
12-29 18:21:33.045   889   889 I chatty  : uid=1000(system) /system/bin/surfaceflinger identical 3 lines
12-29 18:21:33.045   889   889 I ConfigStore: android::hardware::configstore::V1_0::ISurfaceFlingerConfigs::hasHDRDisplay retrieved: 0
12-29 18:21:33.048  1429  1489 D BtGatt.GattService: onWriteCharacteristic() - address=CC:D3:1E:68:ED:B3, status=0
12-29 18:21:33.048  2290  3409 D BluetoothDevice: mAddress: CC:D3:1E:68:ED:B3
12-29 18:21:33.049  2290  2290 I StripeTerminal: class=BBPOSTransactionListener message="onRequestDisplayText INSERT_SWIPE_OR_TRY_ANOTHER_CARD"
12-29 18:21:33.088   667  2329 I vendor.qti.bluetooth@1.0-ibs_handler: ProcessIbsCmd: Received IBS_SLEEP_IND: 0xFE
12-29 18:21:33.108   667  2329 I vendor.qti.bluetooth@1.0-ibs_handler: ProcessIbsCmd: Received IBS_WAKE_IND: 0xFD
12-29 18:21:33.108   667  2329 I vendor.qti.bluetooth@1.0-ibs_handler: ProcessIbsCmd: Writing IBS_WAKE_ACK
12-29 18:21:33.108  1429  2332 E bt_btif : bta_gattc_process_indicate, ignore HID ind/notificiation
12-29 18:21:33.108  1429  1489 D BtGatt.GattService: onNotify() - address=CC:D3:1E:68:ED:B3, handle=42, length=15
12-29 18:21:33.109  2290  3409 D BluetoothDevice: mAddress: CC:D3:1E:68:ED:B3
12-29 18:21:33.111  2290  3404 D BluetoothDevice: mAddress: CC:D3:1E:68:ED:B3
12-29 18:21:33.111  1429  1440 D BtGatt.GattService: writeCharacteristic() - address=CC:D3:1E:68:ED:B3
12-29 18:21:33.138  1429  1489 D BtGatt.GattService: onWriteCharacteristic() - address=CC:D3:1E:68:ED:B3, status=0
12-29 18:21:33.138  2290  3409 D BluetoothDevice: mAddress: CC:D3:1E:68:ED:B3
12-29 18:21:33.138  2290  2290 I StripeTerminal: class=BBPOSTransactionListener message="onRequestDisplayText PRESENT_CARD"
12-29 18:21:33.153  1429  2332 E bt_btif : bta_gattc_process_indicate, ignore HID ind/notificiation
12-29 18:21:33.153  1429  1489 D BtGatt.GattService: onNotify() - address=CC:D3:1E:68:ED:B3, handle=42, length=15
12-29 18:21:33.153  2290  3409 D BluetoothDevice: mAddress: CC:D3:1E:68:ED:B3
12-29 18:21:33.154  2290  3404 D BluetoothDevice: mAddress: CC:D3:1E:68:ED:B3
12-29 18:21:33.155  1429  1440 D BtGatt.GattService: writeCharacteristic() - address=CC:D3:1E:68:ED:B3
12-29 18:21:33.183  1429  1489 D BtGatt.GattService: onWriteCharacteristic() - address=CC:D3:1E:68:ED:B3, status=0
12-29 18:21:33.183  2290  3409 D BluetoothDevice: mAddress: CC:D3:1E:68:ED:B3
12-29 18:21:33.183  2290  2290 I StripeTerminal: class=BBPOSTransactionListener message="onWaitingForCard SWIPE_OR_INSERT_OR_TAP"
12-29 18:21:33.184  2290  2290 I StripeTerminal: class=ProxyReaderListener message="onRequestReaderInput(Swipe / Insert / Tap)"
12-29 18:21:33.187  2290  2290 I CombinedKernelInterface: reset
12-29 18:21:33.188  2290  2290 D blog    : [ (LogUtil.kt:25)#Logd$default ] : onPayCardInOrSwipeNumber:3
12-29 18:21:33.197   889  1263 D SurfaceFlinger: duplicate layer name: changing io.ubt.alaeat.pos.t2.yomie/io.ubt.alaeat.pos.module_dine_in.acitivity.PaymentActivity to io.ubt.alaeat.pos.t2.yomie/io.ubt.alaeat.pos.module_dine_in.acitivity.PaymentActivity#1
12-29 18:21:33.211   889   889 I ConfigStore: android::hardware::configstore::V1_0::ISurfaceFlingerConfigs::hasHDRDisplay retrieved: 0
12-29 18:21:33.213   889   889 I chatty  : uid=1000(system) /system/bin/surfaceflinger identical 3 lines
12-29 18:21:33.213   889   889 I ConfigStore: android::hardware::configstore::V1_0::ISurfaceFlingerConfigs::hasHDRDisplay retrieved: 0
12-29 18:21:33.223   667  2329 I vendor.qti.bluetooth@1.0-ibs_handler: ProcessIbsCmd: Received IBS_SLEEP_IND: 0xFE
12-29 18:21:33.228   889   889 I ConfigStore: android::hardware::configstore::V1_0::ISurfaceFlingerConfigs::hasHDRDisplay retrieved: 0
12-29 18:21:33.479   889   889 I chatty  : uid=1000(system) /system/bin/surfaceflinger identical 92 lines
12-29 18:21:33.479   889   889 I ConfigStore: android::hardware::configstore::V1_0::ISurfaceFlingerConfigs::hasHDRDisplay retrieved: 0
12-29 18:21:33.649  1288  1393 D calculateSignalLevel: wifi-level: -43
12-29 18:21:34.155   667  2335 I vendor.qti.bluetooth@1.0-ibs_handler: DeviceSleep: TX Awake, Sending SLEEP_IND
12-29 18:21:34.155   667  2335 D vendor.qti.bluetooth@1.0-ibs_handler: SerialClockVote: vote for UART CLK OFF
12-29 18:21:34.305   667  1832 D vendor.qti.bluetooth@1.0-wake_lock: Release wakelock is released 
12-29 18:21:34.665  1288  1379 D InputReader: cookPointerData send XY mXScale: 0.999479  mYScale: 0.999075 displayId: 0
12-29 18:21:34.665  1288  1379 D InputReader: cookPointerData send XY X: 1059.448120  Y: 626.419983 displayId: 0
12-29 18:21:34.665  1288  1379 D InputDispatcher: xiangrong notifyMotion isFound 0 0
12-29 18:21:34.677   889   889 I ConfigStore: android::hardware::configstore::V1_0::ISurfaceFlingerConfigs::hasHDRDisplay retrieved: 0
12-29 18:21:34.695   889   889 I chatty  : uid=1000(system) /system/bin/surfaceflinger identical 10 lines
12-29 18:21:34.695   889   889 I ConfigStore: android::hardware::configstore::V1_0::ISurfaceFlingerConfigs::hasHDRDisplay retrieved: 0
12-29 18:21:34.701  1288  1379 D InputDispatcher: xiangrong notifyMotion isFound 0 0
12-29 18:21:34.703  1288  2455 D SuperPowerApp: 1041 not found
12-29 18:21:34.703  1288  2004 D SuperPowerApp: 1041 not found
12-29 18:21:34.704  1288  2455 D SuperPowerApp: 1041 not found
12-29 18:21:34.704   664  1825 D audio_hw_primary: start_output_stream: enter: stream(0xea9c0000)usecase(0: deep-buffer-playback) devices(0x2)
12-29 18:21:34.704   689   730 E ANDR-PERF-MPCTL: Invalid profile no. 0, total profiles 0 only
12-29 18:21:34.705   664  1825 D audio_hw_primary: select_devices for use case (deep-buffer-playback)
12-29 18:21:34.705   664  1825 D audio_hw_primary: select_devices: out_snd_device(2: speaker) in_snd_device(0: )
12-29 18:21:34.705   664  1825 I msm8916_platform: platform_check_and_set_codec_backend_cfg:becf: afe: bitwidth 16, samplerate 48000 channels 2, backend_idx 0 usecase = 0 device (speaker)
12-29 18:21:34.705   664  1825 D msm8916_platform: platform_split_snd_device: snd_device(2) num devices(1) new_snd_devices(0)
12-29 18:21:34.705   664  1825 I msm8916_platform: platform_check_and_set_codec_backend_cfg: becf: new_snd_devices[0] is speaker
12-29 18:21:34.705   664  1825 I msm8916_platform: platform_check_codec_backend_cfg:becf: afe: Codec selected backend: 0 current bit width: 16 sample rate: 48000 channels: 2 usecase 0 device (speaker)
12-29 18:21:34.705   664  1825 D msm8916_platform: platform_check_codec_backend_cfg:becf: afe: playback on codec device not supporting native playback set default Sample Rate(48k)
12-29 18:21:34.705   664  1825 I msm8916_platform: platform_check_codec_backend_cfg:becf: afe: Codec selected backend: 0 updated bit width: 16 sample rate: 48000 channels: 2
12-29 18:21:34.705   664  1825 D audio_hw_primary: check_usecases_codec_backend:becf: force routing 0
12-29 18:21:34.705   664  1825 E msm8916_platform: platform_check_backends_match: Invalid snd_device = 
12-29 18:21:34.705   664  1825 D audio_hw_primary: check_usecases_codec_backend:becf: (63) check_usecases curr device: speaker, usecase device: backends match 0
12-29 18:21:34.705   664  1825 D audio_hw_primary: check_usecases_codec_backend:becf: check_usecases num.of Usecases to switch 0
12-29 18:21:34.705   664  1825 D hardware_info: hw_info_append_hw_type : device_name = speaker
12-29 18:21:34.705   664  1825 D msm8916_platform: platform_split_snd_device: snd_device(2) num devices(0) new_snd_devices(0)
12-29 18:21:34.705   664  1825 D audio_hw_primary: enable_snd_device: snd_device(2: speaker)
12-29 18:21:34.705   664  1825 I soundtrigger: audio_extn_sound_trigger_update_device_status: device 0x2 of type 0 for Event 1, with Raise=0
12-29 18:21:34.705   664  1825 D audio_route: Apply path: speaker
12-29 18:21:34.711   889   889 I ConfigStore: android::hardware::configstore::V1_0::ISurfaceFlingerConfigs::hasHDRDisplay retrieved: 0
12-29 18:21:34.712   664  1825 D audio_hw_primary: audio_is_true_native_stream_active:napb: (0) (deep-buffer-playback)id (0) sr 48000 bw (16) device speaker
12-29 18:21:34.712   664  1825 D soundtrigger: audio_extn_sound_trigger_update_stream_status: uc_info->id 0 of type 0 for Event 3, with Raise=1
12-29 18:21:34.712   664  1825 I sound_trigger_platform: platform_stdev_check_and_update_concurrency: Received STREAM event, event type 3, usecase type -370674800
12-29 18:21:34.712   664  1825 D sound_trigger_platform: platform_stdev_check_and_update_concurrency: dedicated path 0, reset backend 1, tx 0, rx 1,concurrency session allowed
12-29 18:21:34.712   664  1825 D audio_hw_utils: audio_extn_utils_send_app_type_cfg: usecase->out_snd_device speaker
12-29 18:21:34.712   664  1825 D msm8916_platform: platform_split_snd_device: snd_device(2) num devices(0) new_snd_devices(0)
12-29 18:21:34.712   889   889 I ConfigStore: android::hardware::configstore::V1_0::ISurfaceFlingerConfigs::hasHDRDisplay retrieved: 0
12-29 18:21:34.713   664  1825 D audio_hw_utils: audio_extn_btsco_get_sample_rate:Not a BT SCO device, need not update sampling rate
12-29 18:21:34.713   889   889 I ConfigStore: android::hardware::configstore::V1_0::ISurfaceFlingerConfigs::hasHDRDisplay retrieved: 0
12-29 18:21:34.713   664  1825 I audio_hw_utils: send_app_type_cfg_for_device PLAYBACK app_type 69937, acdb_dev_id 15, sample_rate 48000, snd_device_be_idx 127
12-29 18:21:34.713   889   889 I ConfigStore: android::hardware::configstore::V1_0::ISurfaceFlingerConfigs::hasHDRDisplay retrieved: 0
12-29 18:21:34.713   664  1825 D msm8916_platform: platform_split_snd_device: snd_device(2) num devices(1) new_snd_devices(0)
12-29 18:21:34.713   664  1825 D ACDB-LOADER: ACDB -> send_audio_cal, acdb_id = 15, path = 0, app id = 0x11131, sample rate = 48000
12-29 18:21:34.713   664  1825 D ACDB-LOADER: ACDB -> send_asm_topology
12-29 18:21:34.713   664  1825 D ACDB-LOADER: ACDB -> ACDB_CMD_GET_AUDPROC_STREAM_TOPOLOGY_ID
12-29 18:21:34.713   664  1825 D ACDB-LOADER: ACDB -> send_adm_topology
12-29 18:21:34.713   664  1825 D ACDB-LOADER: ACDB -> ACDB_CMD_GET_AUDPROC_COMMON_TOPOLOGY_ID
12-29 18:21:34.713   664  1825 D ACDB-LOADER: ACDB -> send_audtable
12-29 18:21:34.713   664  1825 D ACDB-LOADER: ACDB -> ACDB_CMD_GET_AUDPROC_COMMON_TABLE_SIZE
12-29 18:21:34.713   664  1825 D ACDB-LOADER: ACDB -> ACDB_CMD_GET_AUDPROC_COMMON_TABLE
12-29 18:21:34.713   664  1825 D ACDB-LOADER: ACDB -> AUDIO_SET_AUDPROC_CAL
12-29 18:21:34.713   664  1825 D ACDB-LOADER: ACDB -> send_audvoltable
12-29 18:21:34.713   664  1825 D ACDB-LOADER: ACDB -> ACDB_CMD_GET_AUDPROC_VOL_STEP_TABLE_SIZE
12-29 18:21:34.713   664  1825 D ACDB-LOADER: ACDB -> ACDB_CMD_GET_AUDPROC_GAIN_DEP_STEP_TABLE, vol index 5
12-29 18:21:34.713   664  1825 D ACDB-LOADER: ACDB -> AUDIO_SET_VOL_CAL cal type = 12
12-29 18:21:34.713   664  1825 D ACDB-LOADER: ACDB -> ACDB_CMD_GET_AUDPROC_STREAM_TABLE_SIZE
12-29 18:21:34.713   664  1825 D ACDB-LOADER: ACDB -> send_audstrmtable
12-29 18:21:34.713   664  1825 D ACDB-LOADER: ACDB -> ACDB_CMD_GET_AUDPROC_STREAM_TABLE_V2
12-29 18:21:34.713   664  1825 D ACDB-LOADER: ACDB -> audstrm_cal->cal_type.cal_data.cal_size = 16
12-29 18:21:34.713   664  1825 D ACDB-LOADER: ACDB -> send_afe_topology
12-29 18:21:34.713   664  1825 D ACDB-LOADER: ACDB -> ACDB_CMD_GET_AFE_TOPOLOGY_ID
12-29 18:21:34.713   664  1825 D ACDB-LOADER: ACDB -> GET_AFE_TOPOLOGY_ID for adcd_id 15, Topology Id 1025e
12-29 18:21:34.713   664  1825 D ACDB-LOADER: ACDB -> send_afe_cal
12-29 18:21:34.713   664  1825 D ACDB-LOADER: ACDB -> ACDB_CMD_GET_AFE_COMMON_TABLE_SIZE
12-29 18:21:34.713   664  1825 D ACDB-LOADER: ACDB -> ACDB_CMD_GET_AFE_COMMON_TABLE
12-29 18:21:34.713   664  1825 D ACDB-LOADER: ACDB -> AUDIO_SET_AFE_CAL
12-29 18:21:34.713   664  1825 D ACDB-LOADER: ACDB -> send_hw_delay : acdb_id = 15 path = 0
12-29 18:21:34.713   664  1825 D ACDB-LOADER: ACDB -> ACDB_AVSYNC_INFO: ACDB_CMD_GET_DEVICE_PROPERTY
12-29 18:21:34.713   664  1825 D msm8916_platform: platform_split_snd_device: snd_device(2) num devices(0) new_snd_devices(0)
12-29 18:21:34.713   664  1825 I msm8916_platform: platform_get_custom_mtmx_params: no matching param with id 0 ip_ch 2 op_ch 2 uc_id 0 snd_dev 2
12-29 18:21:34.713   664  1825 D audio_hw_primary: enable_audio_route: apply mixer and update path: deep-buffer-playback
12-29 18:21:34.713   664  1825 D audio_route: Apply path: deep-buffer-playback
12-29 18:21:34.714   889   889 I ConfigStore: android::hardware::configstore::V1_0::ISurfaceFlingerConfigs::hasHDRDisplay retrieved: 0
12-29 18:21:34.714   664  1825 D audio_hw_primary: select_devices: done
12-29 18:21:34.714   889   889 I ConfigStore: android::hardware::configstore::V1_0::ISurfaceFlingerConfigs::hasHDRDisplay retrieved: 0
12-29 18:21:34.715   664  1825 D msm8916_platform: platform_set_channel_map mixer_ctl_name:Playback Channel Map0
12-29 18:21:34.716   664  1825 D msm8916_platform: platform_set_channel_map: set mapping(1 2 0 0 0 0 0 0) for channel:2
12-29 18:21:34.728   889   889 I ConfigStore: android::hardware::configstore::V1_0::ISurfaceFlingerConfigs::hasHDRDisplay retrieved: 0
12-29 18:21:34.779   889   889 I chatty  : uid=1000(system) /system/bin/surfaceflinger identical 22 lines
12-29 18:21:34.779   889   889 I ConfigStore: android::hardware::configstore::V1_0::ISurfaceFlingerConfigs::hasHDRDisplay retrieved: 0
12-29 18:21:34.794   664  1825 D audio_hw_primary: start_output_stream: exit
12-29 18:21:34.794   702   856 D AudioFlinger: mixer(0xe4c83340) throttle end: throttle time(40)
12-29 18:21:34.794   889   889 I ConfigStore: android::hardware::configstore::V1_0::ISurfaceFlingerConfigs::hasHDRDisplay retrieved: 0
12-29 18:21:34.704  1288  2455 D SuperPowerApp: 1041 not found
12-29 18:21:34.932  1288  1361 D SuperPowerApp: 1041 not found
12-29 18:21:34.932  1288  2455 D SuperPowerApp: 1041 not found
12-29 18:21:34.929   889   889 I chatty  : uid=1000(system) /system/bin/surfaceflinger identical 48 lines
12-29 18:21:34.929   889   889 I ConfigStore: android::hardware::configstore::V1_0::ISurfaceFlingerConfigs::hasHDRDisplay retrieved: 0
12-29 18:21:34.944   889  1727 W SurfaceFlinger: Attempting to set client state on removed layer: io.ubt.alaeat.pos.t2.yomie/io.ubt.alaeat.pos.module_dine_in.acitivity.PaymentActivity#1
12-29 18:21:34.944   889  1727 W SurfaceFlinger: Attempting to set client state on removed layer: Dim Layer for - Task=130#0
12-29 18:21:34.944   889  1727 W SurfaceFlinger: Attempting to destroy on removed layer: io.ubt.alaeat.pos.t2.yomie/io.ubt.alaeat.pos.module_dine_in.acitivity.PaymentActivity#1
