12-17 17:33:24.672 10063 10063 I improveTouch: [ConfigManager:551] ConfigFile = /vendor/etc/hbtp/hbtpcfg_sdm660_800s_qhd.dat
12-17 17:33:24.672 10063 10063 I improveTouch: [ConfigManager:554] UTFLib = libFastRPC_UTF_Forward_skel.so
12-17 17:33:24.672 10063 10063 I improveTouch: [ConfigManager:557] AFEFW = /vendor/etc/hbtp/qtc800s_dsp.bin
12-17 17:33:24.672 10063 10063 I improveTouch: [ConfigManager:560] DSP = adsp
12-17 17:33:24.672 10063 10063 D improveTouch: [TouchController:415] init: E
12-17 17:33:24.672 10063 10063 D improveTouch: [ConfigManager:583] start loading config
12-17 17:33:24.719 10063 10063 D improveTouch: [ConfigManager:675] finished loading config
12-17 17:33:24.721 10063 10063 D improveTouch: [TouchController:454] Power Control Config doesn't exist
12-17 17:33:24.721 10063 10063 D improveTouch: [TouchController:462] Power Sync Option doesn't exist
12-17 17:33:24.721 10063 10063 D improveTouch: [TouchController:464] PowerManager Option = 0
12-17 17:33:24.721 10063 10063 E improveTouch: [InputDevice:61] InputDevice: pixelX: min = 0, max = 1440 pixelY: min = 0, max = 2560
12-17 17:33:24.721 10063 10063 E improveTouch: [InputDevice:65] Unable to open /dev/hbtp_input
12-17 17:33:24.721 10063 10063 E improveTouch: [TouchController:490] Error initializing input device: Error opening file
12-17 17:33:24.721 10063 10063 D improveTouch: [TouchController:1136] CommandExecutor::exit: thread is running, kill it first
12-17 17:33:24.721 10063 10064 D improveTouch: [TouchController:1186] runLoop exits
12-17 17:33:24.721 10063 10063 E improveTouch: [TouchController:522] init failed, ret = 1073741825
12-17 17:33:24.721 10063 10063 E improveTouch: [TouchServer:59] fail to init TouchController: Error opening file
12-17 17:33:24.721 10063 10063 E improveTouch: [TouchServer:69] error happened, clean-up resource and exit
12-17 17:33:24.721 10063 10063 E improveTouch: [TouchServer:71] delete event monitor
12-17 17:33:24.721 10063 10063 E improveTouch: [TouchServer:75] delete controller
12-17 17:33:24.721 10063 10063 E improveTouch: [TouchServer:79] delete touch processor
12-17 17:33:24.721 10063 10063 D improveTouch: [DSPTouchProcessor:807] deInit: E
12-17 17:33:24.721 10063 10063 E improveTouch: [DSPTouchProcessor:823] deInit: invalid state (current = 0)
12-17 17:33:24.721 10063 10063 D improveTouch: [DSPTouchProcessor:827] deInit: X pa_utf_ret = 1, ret = 1073741835
12-17 17:33:24.721 10063 10063 E improveTouch: [TouchServer:83] delete event injector
12-17 17:33:24.721 10063 10063 E improveTouch: [TouchServer:87] delete config management
12-17 17:33:24.721 10063 10063 E improveTouch: [TouchServer:90] fail to start daemon
12-17 17:33:24.721 10063 10063 E improveTouch: [Main:169] fail to initiate touch server
12-17 17:33:29.677 10070 10070 D improveTouch: [Main:158] Start touch daemon
12-17 17:33:29.677 10070 10070 E improveTouch: [ConfigManager:234] /sys/devices/soc0/chip_name doesn't exist
12-17 17:33:29.677 10070 10070 D improveTouch: [ConfigManager:501] loader file is available. loading it...
12-17 17:33:29.678 10070 10070 D improveTouch: [ConfigManager:405] no custom ID defined
12-17 17:33:29.678 10070 10070 D improveTouch: [ConfigManager:428] GetPktStatus: E
12-17 17:33:29.679 10070 10070 E improveTouch: [ConfigManager:444] can't open /data/vendor/hbtp/pkt_play
12-17 17:33:29.679 10070 10070 D improveTouch: [ConfigManager:448] GetPktStatus: X
12-17 17:33:29.679 10070 10070 I improveTouch: [ConfigManager:546] Data Dir = /data/vendor/hbtp
12-17 17:33:29.679 10070 10070 I improveTouch: [ConfigManager:547] Main Config Dir = /vendor/etc/hbtp
12-17 17:33:29.679 10070 10070 I improveTouch: [ConfigManager:551] ConfigFile = /vendor/etc/hbtp/hbtpcfg_sdm660_800s_qhd.dat
12-17 17:33:29.679 10070 10070 I improveTouch: [ConfigManager:554] UTFLib = libFastRPC_UTF_Forward_skel.so
12-17 17:33:29.679 10070 10070 I improveTouch: [ConfigManager:557] AFEFW = /vendor/etc/hbtp/qtc800s_dsp.bin
12-17 17:33:29.679 10070 10070 I improveTouch: [ConfigManager:560] DSP = adsp
12-17 17:33:29.679 10070 10070 D improveTouch: [TouchController:415] init: E
12-17 17:33:29.679 10070 10070 D improveTouch: [ConfigManager:583] start loading config
12-17 17:33:29.726 10070 10070 D improveTouch: [ConfigManager:675] finished loading config
12-17 17:33:29.727 10070 10070 D improveTouch: [TouchController:454] Power Control Config doesn't exist
12-17 17:33:29.727 10070 10070 D improveTouch: [TouchController:462] Power Sync Option doesn't exist
12-17 17:33:29.727 10070 10070 D improveTouch: [TouchController:464] PowerManager Option = 0
12-17 17:33:29.727 10070 10070 E improveTouch: [InputDevice:61] InputDevice: pixelX: min = 0, max = 1440 pixelY: min = 0, max = 2560
12-17 17:33:29.727 10070 10070 E improveTouch: [InputDevice:65] Unable to open /dev/hbtp_input
12-17 17:33:29.727 10070 10070 E improveTouch: [TouchController:490] Error initializing input device: Error opening file
12-17 17:33:29.727 10070 10070 D improveTouch: [TouchController:1136] CommandExecutor::exit: thread is running, kill it first
12-17 17:33:29.727 10070 10071 D improveTouch: [TouchController:1186] runLoop exits
12-17 17:33:29.728 10070 10070 E improveTouch: [TouchController:522] init failed, ret = 1073741825
12-17 17:33:29.728 10070 10070 E improveTouch: [TouchServer:59] fail to init TouchController: Error opening file
12-17 17:33:29.728 10070 10070 E improveTouch: [TouchServer:69] error happened, clean-up resource and exit
12-17 17:33:29.728 10070 10070 E improveTouch: [TouchServer:71] delete event monitor
12-17 17:33:29.728 10070 10070 E improveTouch: [TouchServer:75] delete controller
12-17 17:33:29.728 10070 10070 E improveTouch: [TouchServer:79] delete touch processor
12-17 17:33:29.728 10070 10070 D improveTouch: [DSPTouchProcessor:807] deInit: E
12-17 17:33:29.728 10070 10070 E improveTouch: [DSPTouchProcessor:823] deInit: invalid state (current = 0)
12-17 17:33:29.728 10070 10070 D improveTouch: [DSPTouchProcessor:827] deInit: X pa_utf_ret = 1, ret = 1073741835
12-17 17:33:29.728 10070 10070 E improveTouch: [TouchServer:83] delete event injector
12-17 17:33:29.728 10070 10070 E improveTouch: [TouchServer:87] delete config management
12-17 17:33:29.728 10070 10070 E improveTouch: [TouchServer:90] fail to start daemon
12-17 17:33:29.728 10070 10070 E improveTouch: [Main:169] fail to initiate touch server
12-17 17:33:29.886  1007  1043 E storaged: getDiskStats failed with result NOT_SUPPORTED and size 0
12-17 17:33:30.143  1280  1368 D InputReader: cookPointerData send XY mXScale: 0.999479  mYScale: 0.999075 displayId: 0
12-17 17:33:30.143  1280  1368 D InputReader: cookPointerData send XY X: 1044.455933  Y: 454.579102 displayId: 0
12-17 17:33:30.143  1280  1368 D InputDispatcher: xiangrong notifyMotion isFound 0 0
12-17 17:33:30.230  1280  1838 D SuperPowerApp: 1041 not found
12-17 17:33:30.230  1280  2416 D SuperPowerApp: 1041 not found
12-17 17:33:30.230  1280  1838 D SuperPowerApp: 1041 not found
12-17 17:33:30.221  1280  1368 D InputDispatcher: xiangrong notifyMotion isFound 0 0
12-17 17:33:30.231   667  1840 D audio_hw_primary: start_output_stream: enter: stream(0xec1fb800)usecase(0: deep-buffer-playback) devices(0x2)
12-17 17:33:30.231   692   739 E ANDR-PERF-MPCTL: Invalid profile no. 0, total profiles 0 only
12-17 17:33:30.231   667  1840 D audio_hw_primary: select_devices for use case (deep-buffer-playback)
12-17 17:33:30.231   667  1840 D audio_hw_primary: select_devices: out_snd_device(2: speaker) in_snd_device(0: )
12-17 17:33:30.231   667  1840 I msm8916_platform: platform_check_and_set_codec_backend_cfg:becf: afe: bitwidth 16, samplerate 48000 channels 2, backend_idx 0 usecase = 0 device (speaker)
12-17 17:33:30.231   667  1840 D msm8916_platform: platform_split_snd_device: snd_device(2) num devices(1) new_snd_devices(0)
12-17 17:33:30.231   667  1840 I msm8916_platform: platform_check_and_set_codec_backend_cfg: becf: new_snd_devices[0] is speaker
12-17 17:33:30.231   667  1840 I msm8916_platform: platform_check_codec_backend_cfg:becf: afe: Codec selected backend: 0 current bit width: 16 sample rate: 48000 channels: 2 usecase 0 device (speaker)
12-17 17:33:30.231   667  1840 D msm8916_platform: platform_check_codec_backend_cfg:becf: afe: playback on codec device not supporting native playback set default Sample Rate(48k)
12-17 17:33:30.231   667  1840 I msm8916_platform: platform_check_codec_backend_cfg:becf: afe: Codec selected backend: 0 updated bit width: 16 sample rate: 48000 channels: 2
12-17 17:33:30.231   667  1840 D audio_hw_primary: check_usecases_codec_backend:becf: force routing 0
12-17 17:33:30.231   667  1840 E msm8916_platform: platform_check_backends_match: Invalid snd_device = 
12-17 17:33:30.231   667  1840 D audio_hw_primary: check_usecases_codec_backend:becf: (63) check_usecases curr device: speaker, usecase device: backends match 0
12-17 17:33:30.231   667  1840 D audio_hw_primary: check_usecases_codec_backend:becf: check_usecases num.of Usecases to switch 0
12-17 17:33:30.231   667  1840 D hardware_info: hw_info_append_hw_type : device_name = speaker
12-17 17:33:30.231   667  1840 D msm8916_platform: platform_split_snd_device: snd_device(2) num devices(0) new_snd_devices(0)
12-17 17:33:30.231   667  1840 D audio_hw_primary: enable_snd_device: snd_device(2: speaker)
12-17 17:33:30.231   667  1840 I soundtrigger: audio_extn_sound_trigger_update_device_status: device 0x2 of type 0 for Event 1, with Raise=0
12-17 17:33:30.231   667  1840 D audio_route: Apply path: speaker
12-17 17:33:30.237   667  1840 D audio_hw_primary: audio_is_true_native_stream_active:napb: (0) (deep-buffer-playback)id (0) sr 48000 bw (16) device speaker
12-17 17:33:30.237   667  1840 D soundtrigger: audio_extn_sound_trigger_update_stream_status: uc_info->id 0 of type 0 for Event 3, with Raise=1
12-17 17:33:30.237   667  1840 I sound_trigger_platform: platform_stdev_check_and_update_concurrency: Received STREAM event, event type 3, usecase type -352857200
12-17 17:33:30.237   667  1840 D sound_trigger_platform: platform_stdev_check_and_update_concurrency: dedicated path 0, reset backend 1, tx 0, rx 1,concurrency session allowed
12-17 17:33:30.237   667  1840 D audio_hw_utils: audio_extn_utils_send_app_type_cfg: usecase->out_snd_device speaker
12-17 17:33:30.237   667  1840 D msm8916_platform: platform_split_snd_device: snd_device(2) num devices(0) new_snd_devices(0)
12-17 17:33:30.237   667  1840 D audio_hw_utils: audio_extn_btsco_get_sample_rate:Not a BT SCO device, need not update sampling rate
12-17 17:33:30.237   667  1840 I audio_hw_utils: send_app_type_cfg_for_device PLAYBACK app_type 69937, acdb_dev_id 15, sample_rate 48000, snd_device_be_idx 127
12-17 17:33:30.238   667  1840 D msm8916_platform: platform_split_snd_device: snd_device(2) num devices(1) new_snd_devices(0)
12-17 17:33:30.238   667  1840 D ACDB-LOADER: ACDB -> send_audio_cal, acdb_id = 15, path = 0, app id = 0x11131, sample rate = 48000
12-17 17:33:30.238   667  1840 D ACDB-LOADER: ACDB -> send_asm_topology
12-17 17:33:30.238   667  1840 D ACDB-LOADER: ACDB -> ACDB_CMD_GET_AUDPROC_STREAM_TOPOLOGY_ID
12-17 17:33:30.238   667  1840 D ACDB-LOADER: ACDB -> send_adm_topology
12-17 17:33:30.238   667  1840 D ACDB-LOADER: ACDB -> ACDB_CMD_GET_AUDPROC_COMMON_TOPOLOGY_ID
12-17 17:33:30.238   667  1840 D ACDB-LOADER: ACDB -> send_audtable
12-17 17:33:30.238   667  1840 D ACDB-LOADER: ACDB -> ACDB_CMD_GET_AUDPROC_COMMON_TABLE_SIZE
12-17 17:33:30.238   667  1840 D ACDB-LOADER: ACDB -> ACDB_CMD_GET_AUDPROC_COMMON_TABLE
12-17 17:33:30.238   667  1840 D ACDB-LOADER: ACDB -> AUDIO_SET_AUDPROC_CAL
12-17 17:33:30.238   667  1840 D ACDB-LOADER: ACDB -> send_audvoltable
12-17 17:33:30.238   667  1840 D ACDB-LOADER: ACDB -> ACDB_CMD_GET_AUDPROC_VOL_STEP_TABLE_SIZE
12-17 17:33:30.238   667  1840 D ACDB-LOADER: ACDB -> ACDB_CMD_GET_AUDPROC_GAIN_DEP_STEP_TABLE, vol index 0
12-17 17:33:30.238   667  1840 D ACDB-LOADER: ACDB -> AUDIO_SET_VOL_CAL cal type = 12
12-17 17:33:30.238   667  1840 D ACDB-LOADER: ACDB -> ACDB_CMD_GET_AUDPROC_STREAM_TABLE_SIZE
12-17 17:33:30.238   667  1840 D ACDB-LOADER: ACDB -> send_audstrmtable
12-17 17:33:30.238   667  1840 D ACDB-LOADER: ACDB -> ACDB_CMD_GET_AUDPROC_STREAM_TABLE_V2
12-17 17:33:30.238   667  1840 D ACDB-LOADER: ACDB -> audstrm_cal->cal_type.cal_data.cal_size = 16
12-17 17:33:30.238   667  1840 D ACDB-LOADER: ACDB -> send_afe_topology
12-17 17:33:30.238   667  1840 D ACDB-LOADER: ACDB -> ACDB_CMD_GET_AFE_TOPOLOGY_ID
12-17 17:33:30.238   667  1840 D ACDB-LOADER: ACDB -> GET_AFE_TOPOLOGY_ID for adcd_id 15, Topology Id 1025e
12-17 17:33:30.238   667  1840 D ACDB-LOADER: ACDB -> send_afe_cal
12-17 17:33:30.238   667  1840 D ACDB-LOADER: ACDB -> ACDB_CMD_GET_AFE_COMMON_TABLE_SIZE
12-17 17:33:30.238   667  1840 D ACDB-LOADER: ACDB -> ACDB_CMD_GET_AFE_COMMON_TABLE
12-17 17:33:30.238   667  1840 D ACDB-LOADER: ACDB -> AUDIO_SET_AFE_CAL
12-17 17:33:30.238   667  1840 D ACDB-LOADER: ACDB -> send_hw_delay : acdb_id = 15 path = 0
12-17 17:33:30.238   667  1840 D ACDB-LOADER: ACDB -> ACDB_AVSYNC_INFO: ACDB_CMD_GET_DEVICE_PROPERTY
12-17 17:33:30.238   667  1840 D msm8916_platform: platform_split_snd_device: snd_device(2) num devices(0) new_snd_devices(0)
12-17 17:33:30.238   667  1840 I msm8916_platform: platform_get_custom_mtmx_params: no matching param with id 0 ip_ch 2 op_ch 2 uc_id 0 snd_dev 2
12-17 17:33:30.238   667  1840 D audio_hw_primary: enable_audio_route: apply mixer and update path: deep-buffer-playback
12-17 17:33:30.238   667  1840 D audio_route: Apply path: deep-buffer-playback
12-17 17:33:30.238   667  1840 D audio_hw_primary: select_devices: done
12-17 17:33:30.240   667  1840 D msm8916_platform: platform_set_channel_map mixer_ctl_name:Playback Channel Map0
12-17 17:33:30.240   667  1840 D msm8916_platform: platform_set_channel_map: set mapping(1 2 0 0 0 0 0 0) for channel:2
12-17 17:33:30.246   894   894 I ConfigStore: android::hardware::configstore::V1_0::ISurfaceFlingerConfigs::hasHDRDisplay retrieved: 0
12-17 17:33:30.314   894   894 I chatty  : uid=1000(system) /system/bin/surfaceflinger identical 18 lines
12-17 17:33:30.314   894   894 I ConfigStore: android::hardware::configstore::V1_0::ISurfaceFlingerConfigs::hasHDRDisplay retrieved: 0
12-17 17:33:30.319   667  1840 D audio_hw_primary: start_output_stream: exit
12-17 17:33:30.319   705   832 D AudioFlinger: mixer(0xe5683340) throttle end: throttle time(40)
12-17 17:33:30.329   894   894 I ConfigStore: android::hardware::configstore::V1_0::ISurfaceFlingerConfigs::hasHDRDisplay retrieved: 0
12-17 17:33:30.347   894   894 I chatty  : uid=1000(system) /system/bin/surfaceflinger identical 6 lines
12-17 17:33:30.347   894   894 I ConfigStore: android::hardware::configstore::V1_0::ISurfaceFlingerConfigs::hasHDRDisplay retrieved: 0
12-17 17:33:30.428   677   677 W SDM     : HWPrimary::PopulateDisplayAttributes: Driver doesn't report panel physical width and height - defaulting to 320dpi
12-17 17:33:30.429   894   894 I ConfigStore: android::hardware::configstore::V1_0::ISurfaceFlingerConfigs::hasHDRDisplay retrieved: 0
12-17 17:33:30.230  1280  1838 I chatty  : uid=1000(system) Binder:1280_8 identical 1 line
12-17 17:33:30.456  1280  1838 D SuperPowerApp: 1041 not found
12-17 17:33:30.457  1280  2787 D SuperPowerApp: 1041 not found
12-17 17:33:30.430   894   894 I chatty  : uid=1000(system) /system/bin/surfaceflinger identical 2 lines
12-17 17:33:30.430   894   894 I ConfigStore: android::hardware::configstore::V1_0::ISurfaceFlingerConfigs::hasHDRDisplay retrieved: 0
12-17 17:33:30.479   677   677 W SDM     : HWPrimary::PopulateDisplayAttributes: Driver doesn't report panel physical width and height - defaulting to 320dpi
12-17 17:33:30.479   894   894 I ConfigStore: android::hardware::configstore::V1_0::ISurfaceFlingerConfigs::hasHDRDisplay retrieved: 0
12-17 17:33:30.497   894   894 I chatty  : uid=1000(system) /system/bin/surfaceflinger identical 6 lines
12-17 17:33:30.497   894   894 I ConfigStore: android::hardware::configstore::V1_0::ISurfaceFlingerConfigs::hasHDRDisplay retrieved: 0
12-17 17:33:31.377  1280  1368 D InputReader: cookPointerData send XY mXScale: 0.999479  mYScale: 0.999075 displayId: 0
12-17 17:33:31.377  1280  1368 D InputReader: cookPointerData send XY X: 426.777710  Y: 941.128601 displayId: 0
12-17 17:33:31.377  1280  1368 D InputDispatcher: xiangrong notifyMotion isFound 0 0
12-17 17:33:31.396   894   894 I ConfigStore: android::hardware::configstore::V1_0::ISurfaceFlingerConfigs::hasHDRDisplay retrieved: 0
12-17 17:33:31.463   894   894 I chatty  : uid=1000(system) /system/bin/surfaceflinger identical 18 lines
12-17 17:33:31.464   894   894 I ConfigStore: android::hardware::configstore::V1_0::ISurfaceFlingerConfigs::hasHDRDisplay retrieved: 0
12-17 17:33:31.465  1280  1368 D InputDispatcher: xiangrong notifyMotion isFound 0 0
12-17 17:33:31.467  1280  2787 D SuperPowerApp: 1041 not found
12-17 17:33:31.467  1280  1838 D SuperPowerApp: 1041 not found
12-17 17:33:31.479   894   894 I ConfigStore: android::hardware::configstore::V1_0::ISurfaceFlingerConfigs::hasHDRDisplay retrieved: 0
12-17 17:33:31.480   894   894 I chatty  : uid=1000(system) /system/bin/surfaceflinger identical 2 lines
12-17 17:33:31.481   894   894 I ConfigStore: android::hardware::configstore::V1_0::ISurfaceFlingerConfigs::hasHDRDisplay retrieved: 0
12-17 17:33:31.496   705   832 D AudioFlinger: mixer(0xe5683340) throttle end: throttle time(40)
12-17 17:33:31.530   894   894 I ConfigStore: android::hardware::configstore::V1_0::ISurfaceFlingerConfigs::hasHDRDisplay retrieved: 0
12-17 17:33:31.531   894   894 I chatty  : uid=1000(system) /system/bin/surfaceflinger identical 2 lines
12-17 17:33:31.532   894   894 I ConfigStore: android::hardware::configstore::V1_0::ISurfaceFlingerConfigs::hasHDRDisplay retrieved: 0
12-17 17:33:31.534   894   902 D SurfaceFlinger: duplicate layer name: changing io.ubt.alaeat.pos.t2.thespot/io.ubt.alaeat.pos.module_dine_in.acitivity.OrderTypeActivity to io.ubt.alaeat.pos.t2.thespot/io.ubt.alaeat.pos.module_dine_in.acitivity.OrderTypeActivity#1
12-17 17:33:31.547   894   894 I ConfigStore: android::hardware::configstore::V1_0::ISurfaceFlingerConfigs::hasHDRDisplay retrieved: 0
12-17 17:33:31.548   894   894 I chatty  : uid=1000(system) /system/bin/surfaceflinger identical 2 lines
12-17 17:33:31.548   894   894 I ConfigStore: android::hardware::configstore::V1_0::ISurfaceFlingerConfigs::hasHDRDisplay retrieved: 0
12-17 17:33:31.467  1280  1838 D SuperPowerApp: 1041 not found
12-17 17:33:31.561  1280  2787 I ActivityManager: START u0 {cmp=io.ubt.alaeat.pos.t2.thespot/io.ubt.alaeat.pos.module_dine_in.acitivity.PaymentActivity (has extras)} from uid 10107
12-17 17:33:31.561  1280  2787 I APP_LOCK: ===activity export: false ===
12-17 17:33:31.563   894   894 I ConfigStore: android::hardware::configstore::V1_0::ISurfaceFlingerConfigs::hasHDRDisplay retrieved: 0
12-17 17:33:31.564  1280  2787 D CompatibilityInfo: mCompatibilityFlags - 4
12-17 17:33:31.564  1280  2787 D CompatibilityInfo: applicationDensity - 230
12-17 17:33:31.564  1280  2787 D CompatibilityInfo: applicationScale - 1.0
12-17 17:33:31.564  1280  2787 D SuperAppUtils: setKioskMode: 0
12-17 17:33:31.565   894   894 I ConfigStore: android::hardware::configstore::V1_0::ISurfaceFlingerConfigs::hasHDRDisplay retrieved: 0
12-17 17:33:31.565  1280  2787 I APP_LOCK: io.ubt.alaeat.pos.t2.thespot is not locked
12-17 17:33:31.565  1280  2787 D ActivityTrigger: ActivityTrigger activityPauseTrigger 
12-17 17:33:31.565   894   894 I ConfigStore: android::hardware::configstore::V1_0::ISurfaceFlingerConfigs::hasHDRDisplay retrieved: 0
12-17 17:33:31.567  1280  1302 W BroadcastQueue: Background execution not allowed: receiving Intent { act=com.sunmi.starting_app flg=0x10 (has extras) } to woyou.market/store.helper.OpenAppReceiver
12-17 17:33:31.568  1280  1302 D ActivityManager: set woyou.aidlservice.jiuiv5 adj -900
12-17 17:33:31.565   894   894 I ConfigStore: android::hardware::configstore::V1_0::ISurfaceFlingerConfigs::hasHDRDisplay retrieved: 0
12-17 17:33:31.570   894  1910 D SurfaceFlinger: duplicate layer name: changing Surface(name=9beb6d7 io.ubt.alaeat.pos.t2.thespot/io.ubt.alaeat.pos.module_dine_in.acitivity.OrderTypeActivity)/@0xf206aad - animation-leash to Surface(name=9beb6d7 io.ubt.alaeat.pos.t2.thespot/io.ubt.alaeat.pos.module_dine_in.acitivity.OrderTypeActivity)/@0xf206aad - animation-leash#1
12-17 17:33:31.580   894   894 I ConfigStore: android::hardware::configstore::V1_0::ISurfaceFlingerConfigs::hasHDRDisplay retrieved: 0
12-17 17:33:31.582   894   894 I chatty  : uid=1000(system) /system/bin/surfaceflinger identical 3 lines
12-17 17:33:31.582   894   894 I ConfigStore: android::hardware::configstore::V1_0::ISurfaceFlingerConfigs::hasHDRDisplay retrieved: 0
12-17 17:33:31.592  1280  2787 D SuperAppUtils: setKioskMode: 0
12-17 17:33:31.593  1280  2787 D SuperAppUtils: setKioskMode: 0
12-17 17:33:31.593  1280  2787 I APP_LOCK: io.ubt.alaeat.pos.t2.thespot is not locked
12-17 17:33:31.595  1280  2787 D ActivityManager: set woyou.aidlservice.jiuiv5 adj -900
12-17 17:33:31.595  1280  2787 D CompatibilityInfo: mCompatibilityFlags - 4
12-17 17:33:31.595  1280  2787 D CompatibilityInfo: applicationDensity - 230
12-17 17:33:31.595  1280  2787 D CompatibilityInfo: applicationScale - 1.0
12-17 17:33:31.597   894   894 I ConfigStore: android::hardware::configstore::V1_0::ISurfaceFlingerConfigs::hasHDRDisplay retrieved: 0
12-17 17:33:31.599  1280  1302 D ActivityManager: set woyou.aidlservice.jiuiv5 adj -900
12-17 17:33:31.598   894   894 I chatty  : uid=1000(system) /system/bin/surfaceflinger identical 3 lines
12-17 17:33:31.598   894   894 I ConfigStore: android::hardware::configstore::V1_0::ISurfaceFlingerConfigs::hasHDRDisplay retrieved: 0
12-17 17:33:31.614   894   894 I ConfigStore: android::hardware::configstore::V1_0::ISurfaceFlingerConfigs::hasHDRDisplay retrieved: 0
12-17 17:33:31.632   894   894 I chatty  : uid=1000(system) /system/bin/surfaceflinger identical 8 lines
12-17 17:33:31.632   894   894 I ConfigStore: android::hardware::configstore::V1_0::ISurfaceFlingerConfigs::hasHDRDisplay retrieved: 0
12-17 17:33:31.640  2315  2315 D blog    : [ (LogUtil.kt:25)#Logd$default ] : 
12-17 17:33:31.647   894   894 I ConfigStore: android::hardware::configstore::V1_0::ISurfaceFlingerConfigs::hasHDRDisplay retrieved: 0
12-17 17:33:31.648   894   894 I chatty  : uid=1000(system) /system/bin/surfaceflinger identical 3 lines
12-17 17:33:31.648   894   894 I ConfigStore: android::hardware::configstore::V1_0::ISurfaceFlingerConfigs::hasHDRDisplay retrieved: 0
12-17 17:33:31.651  2315  2315 D AndroidAutoSize: io.ubt.alaeat.pos.module_dine_in.acitivity.PaymentActivity used the global configuration.
12-17 17:33:31.652  2315  2315 D AndroidAutoSize: The io.ubt.alaeat.pos.module_dine_in.acitivity.PaymentActivity has been adapted! 
12-17 17:33:31.652  2315  2315 D AndroidAutoSize: PaymentActivity Info: isBaseOnWidth = true, designWidthInDp = 960.000000, designWidthInSubunits = 960.000000, targetDensity = 2.000000, targetScaledDensity = 2.000000, targetDensityDpi = 320, targetXdpi = 2.000000, targetScreenWidthDp = 960, targetScreenHeightDp = 505
12-17 17:33:31.663   894   894 I ConfigStore: android::hardware::configstore::V1_0::ISurfaceFlingerConfigs::hasHDRDisplay retrieved: 0
12-17 17:33:31.696  1280  1838 D SuperPowerApp: 1041 not found
12-17 17:33:31.697  1280  2787 D SuperPowerApp: 1041 not found
12-17 17:33:31.765   894   894 I chatty  : uid=1000(system) /system/bin/surfaceflinger identical 32 lines
12-17 17:33:31.765   894   894 I ConfigStore: android::hardware::configstore::V1_0::ISurfaceFlingerConfigs::hasHDRDisplay retrieved: 0
12-17 17:33:31.780   894   894 I ConfigStore: android::hardware::configstore::V1_0::ISurfaceFlingerConfigs::hasHDRDisplay retrieved: 0
12-17 17:33:31.798   894   894 I chatty  : uid=1000(system) /system/bin/surfaceflinger identical 7 lines
12-17 17:33:31.813   894   894 I ConfigStore: android::hardware::configstore::V1_0::ISurfaceFlingerConfigs::hasHDRDisplay retrieved: 0
12-17 17:33:31.813   894   902 W SurfaceFlinger: Attempting to set client state on removed layer: io.ubt.alaeat.pos.t2.thespot/io.ubt.alaeat.pos.module_dine_in.acitivity.OrderTypeActivity#1
12-17 17:33:31.814   894   902 W SurfaceFlinger: Attempting to destroy on removed layer: io.ubt.alaeat.pos.t2.thespot/io.ubt.alaeat.pos.module_dine_in.acitivity.OrderTypeActivity#1
12-17 17:33:31.814   894   894 I ConfigStore: android::hardware::configstore::V1_0::ISurfaceFlingerConfigs::hasHDRDisplay retrieved: 0
12-17 17:33:31.815   894   894 I chatty  : uid=1000(system) /system/bin/surfaceflinger identical 1 line
12-17 17:33:31.815   894   894 I ConfigStore: android::hardware::configstore::V1_0::ISurfaceFlingerConfigs::hasHDRDisplay retrieved: 0
12-17 17:33:31.831   894   894 I ConfigStore: android::hardware::configstore::V1_0::ISurfaceFlingerConfigs::hasHDRDisplay retrieved: 0
12-17 17:33:31.832   894   894 I chatty  : uid=1000(system) /system/bin/surfaceflinger identical 2 lines
12-17 17:33:31.832   894   894 I ConfigStore: android::hardware::configstore::V1_0::ISurfaceFlingerConfigs::hasHDRDisplay retrieved: 0
12-17 17:33:31.847   894   894 I ConfigStore: android::hardware::configstore::V1_0::ISurfaceFlingerConfigs::hasHDRDisplay retrieved: 0
12-17 17:33:31.848   894   894 I chatty  : uid=1000(system) /system/bin/surfaceflinger identical 2 lines
12-17 17:33:31.848   894   894 I ConfigStore: android::hardware::configstore::V1_0::ISurfaceFlingerConfigs::hasHDRDisplay retrieved: 0
12-17 17:33:31.856  2315  2315 D blog    : [ (LogUtil.kt:25)#Logd$default ] : 0
12-17 17:33:31.856  2315  2315 D blog    : [ (LogUtil.kt:25)#Logd$default ] : 1
12-17 17:33:31.857  2315  2315 D blog    : [ (LogUtil.kt:25)#Logd$default ] : 2
12-17 17:33:31.864   894   894 I ConfigStore: android::hardware::configstore::V1_0::ISurfaceFlingerConfigs::hasHDRDisplay retrieved: 0
12-17 17:33:31.865   894   894 I chatty  : uid=1000(system) /system/bin/surfaceflinger identical 2 lines
12-17 17:33:31.865   894   894 I ConfigStore: android::hardware::configstore::V1_0::ISurfaceFlingerConfigs::hasHDRDisplay retrieved: 0
12-17 17:33:31.868   894  1211 D SurfaceFlinger: duplicate layer name: changing io.ubt.alaeat.pos.t2.thespot/io.ubt.alaeat.pos.module_dine_in.acitivity.PaymentActivity to io.ubt.alaeat.pos.t2.thespot/io.ubt.alaeat.pos.module_dine_in.acitivity.PaymentActivity#1
12-17 17:33:31.875  2315  2315 W Glide   : Load failed for  with size [500x500]
12-17 17:33:31.875  2315  2315 W Glide   : class com.bumptech.glide.load.engine.GlideException: Failed to load resource
12-17 17:33:31.881   894   894 I ConfigStore: android::hardware::configstore::V1_0::ISurfaceFlingerConfigs::hasHDRDisplay retrieved: 0
12-17 17:33:32.397   894   894 I chatty  : uid=1000(system) /system/bin/surfaceflinger identical 155 lines
12-17 17:33:32.397   894   894 I ConfigStore: android::hardware::configstore::V1_0::ISurfaceFlingerConfigs::hasHDRDisplay retrieved: 0
12-17 17:33:32.413   894   894 I ConfigStore: android::hardware::configstore::V1_0::ISurfaceFlingerConfigs::hasHDRDisplay retrieved: 0
12-17 17:33:32.414   894   894 I chatty  : uid=1000(system) /system/bin/surfaceflinger identical 3 lines
12-17 17:33:32.414   894   894 I ConfigStore: android::hardware::configstore::V1_0::ISurfaceFlingerConfigs::hasHDRDisplay retrieved: 0
12-17 17:33:32.424  2315  2315 D StripeTerminal: class=Terminal message=retrievePaymentIntent
12-17 17:33:32.425  2315  3595 D StripeTerminal: class=ApiClient message=retrievePaymentIntent
12-17 17:33:32.427  2315  3595 I StripeTerminal: class=RestClient message="url=https://api.stripe.com/v1/payment_intents/pi_3K7ozNHnmbEF7f1O1UMPbGh5 request={}"
12-17 17:33:32.428  1280  1838 D ActivityTrigger: ActivityTrigger activityStopTrigger 
12-17 17:33:32.430  1280  1838 D ActivityManager: set woyou.aidlservice.jiuiv5 adj -900
12-17 17:33:32.430   894   894 I ConfigStore: android::hardware::configstore::V1_0::ISurfaceFlingerConfigs::hasHDRDisplay retrieved: 0
12-17 17:33:32.432   894   894 I chatty  : uid=1000(system) /system/bin/surfaceflinger identical 3 lines
12-17 17:33:32.432   894   894 I ConfigStore: android::hardware::configstore::V1_0::ISurfaceFlingerConfigs::hasHDRDisplay retrieved: 0
12-17 17:33:32.447   894   894 I ConfigStore: android::hardware::configstore::V1_0::ISurfaceFlingerConfigs::hasHDRDisplay retrieved: 0
12-17 17:33:32.466  1280  2787 D ActivityManager: set woyou.aidlservice.jiuiv5 adj -900
12-17 17:33:32.648   894   894 I chatty  : uid=1000(system) /system/bin/surfaceflinger identical 59 lines
12-17 17:33:32.648   894   894 I ConfigStore: android::hardware::configstore::V1_0::ISurfaceFlingerConfigs::hasHDRDisplay retrieved: 0
12-17 17:33:32.663   894   902 W SurfaceFlinger: Attempting to set client state on removed layer: io.ubt.alaeat.pos.t2.thespot/io.ubt.alaeat.pos.module_dine_in.acitivity.PaymentActivity#1
12-17 17:33:32.663   894   902 W SurfaceFlinger: Attempting to destroy on removed layer: io.ubt.alaeat.pos.t2.thespot/io.ubt.alaeat.pos.module_dine_in.acitivity.PaymentActivity#1
12-17 17:33:32.663   894   894 I ConfigStore: android::hardware::configstore::V1_0::ISurfaceFlingerConfigs::hasHDRDisplay retrieved: 0
12-17 17:33:32.682   894   894 I chatty  : uid=1000(system) /system/bin/surfaceflinger identical 6 lines
12-17 17:33:32.682   894   894 I ConfigStore: android::hardware::configstore::V1_0::ISurfaceFlingerConfigs::hasHDRDisplay retrieved: 0
12-17 17:33:32.753  2315  3595 I RestResponse: REST response with code 200 received
12-17 17:33:32.753  2315  3595 I RestResponse: request-id: req_xV2Hwofgc79cxZ
12-17 17:33:32.755  2315  3595 I StripeTerminal: class=RestClient message="url=https://api.stripe.com/v1/payment_intents/pi_3K7ozNHnmbEF7f1O1UMPbGh5 status=OK headers={access-control-allow-credentials=true, access-control-allow-methods=GET, POST, HEAD, OPTIONS, DELETE, access-control-allow-origin=*, access-control-expose-headers=Request-Id, Stripe-Manage-Version, X-Stripe-External-Auth-Required, X-Stripe-Privileged-Session-Required, access-control-max-age=300, cache-control=no-cache, no-store, content-length=1496, content-type=application/json, date=Fri, 17 Dec 2021 22:33:22 GMT, idempotency-key=1639780412427STRM26138002626cAdNSft5, request-id=req_xV2Hwofgc79cxZ, server=nginx, strict-transport-security=max-age=31556926; includeSubDomains; preload, stripe-version=2019-02-19} response={"amount":"742","amountCapturable":"0","amountReceived":"0","applicationFeeAmount":"29","captureMethod":"manual","charges":{"hasMore":false,"totalCount":0},"clientSecret":"pi_3K7ozNHnmbEF7f1O1UMPbGh5_secret_wxmzwKzqcEs5zNV6cJ23mpV3c","created":"1639780401","currency":"usd","id":"pi_3K7ozNHnmbEF7f1O1UMPbGh5","livemode":true,"metadata":{"ORDER_ID":"656745800147324928","CHANNEL":"Counter POS","ORDER_CODE":"10248679","SHOP_ID":"635833762357293056","BUYER_ID":"GUEST"},"status":"requires_payment_method"}"
12-17 17:33:32.762   677   871 W SDM     : HWPrimary::PopulateDisplayAttributes: Driver doesn't report panel physical width and height - defaulting to 320dpi
12-17 17:33:32.763   894   894 I ConfigStore: android::hardware::configstore::V1_0::ISurfaceFlingerConfigs::hasHDRDisplay retrieved: 0
12-17 17:33:32.764   894   894 I chatty  : uid=1000(system) /system/bin/surfaceflinger identical 2 lines
12-17 17:33:32.764   894   894 I ConfigStore: android::hardware::configstore::V1_0::ISurfaceFlingerConfigs::hasHDRDisplay retrieved: 0
12-17 17:33:32.764  2315  3595 D StripeTerminal: class=Terminal message=collectPaymentMethod
12-17 17:33:32.765  2315  3595 D StripeTerminal: class=ProxyTerminalListener message=onPaymentStatusChange(WAITING_FOR_INPUT)
12-17 17:33:32.769  2315  3595 D StripeTerminal: class=BbposAdapter message=collectPaymentMethod amount="Amount(value=742, currencyCode=usd)" type=com.stripe.stripeterminal.internal.common.PaymentMethodCollectionType$Sale@6ec1b27
12-17 17:33:32.769  2315  3595 I StripeTerminal: class=TransactionManager message=startPaymentMethod
12-17 17:33:32.769  2315  3595 I StripeTerminal: class=TransactionStateMachine message="onStateChanged: EMPTY -> COLLECT: Payment method requested"
12-17 17:33:32.769  2315  3595 I BBPOSReaderController: enableDevice
12-17 17:33:32.770  2315  3595 D StripeTerminal: class=BBPOSDeviceControllerImpl message=startEmv
12-17 17:33:32.772  2315  3649 D BluetoothDevice: mAddress: CC:D3:1E:68:ED:B8
12-17 17:33:32.773  1418  2385 D BtGatt.GattService: writeCharacteristic() - address=CC:D3:1E:68:ED:B8
12-17 17:33:32.773   670   670 D vendor.qti.bluetooth@1.0-ibs_handler: SerialClockVote: vote for UART CLK ON
12-17 17:33:32.774   670   670 D vendor.qti.bluetooth@1.0-wake_lock: Acquire wakelock is acquired 
12-17 17:33:32.774   670   670 I vendor.qti.bluetooth@1.0-ibs_handler: DeviceWakeUp: Writing IBS_WAKE_IND
12-17 17:33:32.774   670  2270 I vendor.qti.bluetooth@1.0-ibs_handler: ProcessIbsCmd: Received IBS_WAKE_ACK: 0xFC
12-17 17:33:32.792   670  2270 I vendor.qti.bluetooth@1.0-ibs_handler: ProcessIbsCmd: Received IBS_WAKE_IND: 0xFD
12-17 17:33:32.792   670  2270 I vendor.qti.bluetooth@1.0-ibs_handler: ProcessIbsCmd: Writing IBS_WAKE_ACK
12-17 17:33:32.805  1418  1529 D BtGatt.GattService: onWriteCharacteristic() - address=CC:D3:1E:68:ED:B8, status=0
12-17 17:33:32.806  2315 11402 D BluetoothDevice: mAddress: CC:D3:1E:68:ED:B8
12-17 17:33:32.836  1418  2277 E bt_btif : bta_gattc_process_indicate, ignore HID ind/notificiation
12-17 17:33:32.836  1418  1529 D BtGatt.GattService: onNotify() - address=CC:D3:1E:68:ED:B8, handle=42, length=14
12-17 17:33:32.836  2315 11402 D BluetoothDevice: mAddress: CC:D3:1E:68:ED:B8
12-17 17:33:32.876   670  2270 I vendor.qti.bluetooth@1.0-ibs_handler: ProcessIbsCmd: Received IBS_SLEEP_IND: 0xFE
12-17 17:33:33.060   670  2270 I vendor.qti.bluetooth@1.0-ibs_handler: ProcessIbsCmd: Received IBS_WAKE_IND: 0xFD
12-17 17:33:33.060   670  2270 I vendor.qti.bluetooth@1.0-ibs_handler: ProcessIbsCmd: Writing IBS_WAKE_ACK
12-17 17:33:33.061  1418  2277 E bt_btif : bta_gattc_process_indicate, ignore HID ind/notificiation
12-17 17:33:33.061  1418  1529 D BtGatt.GattService: onNotify() - address=CC:D3:1E:68:ED:B8, handle=42, length=15
12-17 17:33:33.061  2315 11402 D BluetoothDevice: mAddress: CC:D3:1E:68:ED:B8
12-17 17:33:33.071  2315  3648 D BluetoothDevice: mAddress: CC:D3:1E:68:ED:B8
12-17 17:33:33.072  1418  2385 D BtGatt.GattService: writeCharacteristic() - address=CC:D3:1E:68:ED:B8
12-17 17:33:33.090  1418  1529 D BtGatt.GattService: onWriteCharacteristic() - address=CC:D3:1E:68:ED:B8, status=0
12-17 17:33:33.091  2315 11402 D BluetoothDevice: mAddress: CC:D3:1E:68:ED:B8
12-17 17:33:33.091  2315  2315 I StripeTerminal: class=BBPOSTransactionListener message="onRequestDisplayText PRESENT_CARD"
12-17 17:33:33.106  1418  2277 E bt_btif : bta_gattc_process_indicate, ignore HID ind/notificiation
12-17 17:33:33.106  1418  1529 D BtGatt.GattService: onNotify() - address=CC:D3:1E:68:ED:B8, handle=42, length=15
12-17 17:33:33.106  2315 11402 D BluetoothDevice: mAddress: CC:D3:1E:68:ED:B8
12-17 17:33:33.107  2315  3648 D BluetoothDevice: mAddress: CC:D3:1E:68:ED:B8
12-17 17:33:33.108  1418  2385 D BtGatt.GattService: writeCharacteristic() - address=CC:D3:1E:68:ED:B8
12-17 17:33:33.135  1418  1529 D BtGatt.GattService: onWriteCharacteristic() - address=CC:D3:1E:68:ED:B8, status=0
12-17 17:33:33.136  2315 11402 D BluetoothDevice: mAddress: CC:D3:1E:68:ED:B8
12-17 17:33:33.136  2315  2315 I StripeTerminal: class=BBPOSTransactionListener message="onWaitingForCard SWIPE_OR_INSERT_OR_TAP"
12-17 17:33:33.137  2315  2315 I StripeTerminal: class=ProxyReaderListener message="onRequestReaderInput(Swipe / Insert / Tap)"
12-17 17:33:33.141  2315  2315 I CombinedKernelInterface: reset
12-17 17:33:33.142  2315  2315 D blog    : [ (LogUtil.kt:25)#Logd$default ] : onPayCardInOrSwipeNumber:1
12-17 17:33:33.163   677   871 W SDM     : HWPrimary::PopulateDisplayAttributes: Driver doesn't report panel physical width and height - defaulting to 320dpi
12-17 17:33:33.164   894   894 I ConfigStore: android::hardware::configstore::V1_0::ISurfaceFlingerConfigs::hasHDRDisplay retrieved: 0
12-17 17:33:33.165   894   894 I chatty  : uid=1000(system) /system/bin/surfaceflinger identical 2 lines
12-17 17:33:33.165   894   894 I ConfigStore: android::hardware::configstore::V1_0::ISurfaceFlingerConfigs::hasHDRDisplay retrieved: 0
12-17 17:33:33.170   894   903 D SurfaceFlinger: duplicate layer name: changing Sys2038:io.ubt.alaeat.pos.t2.thespot/io.ubt.alaeat.pos.module_dine_in.acitivity.PaymentActivity to Sys2038:io.ubt.alaeat.pos.t2.thespot/io.ubt.alaeat.pos.module_dine_in.acitivity.PaymentActivity#1
12-17 17:33:33.175   670  2270 I vendor.qti.bluetooth@1.0-ibs_handler: ProcessIbsCmd: Received IBS_SLEEP_IND: 0xFE
12-17 17:33:33.180   894   894 I ConfigStore: android::hardware::configstore::V1_0::ISurfaceFlingerConfigs::hasHDRDisplay retrieved: 0
12-17 17:33:33.681   894   894 I chatty  : uid=1000(system) /system/bin/surfaceflinger identical 97 lines
12-17 17:33:33.681   894   894 I ConfigStore: android::hardware::configstore::V1_0::ISurfaceFlingerConfigs::hasHDRDisplay retrieved: 0
12-17 17:33:34.108   670  2280 I vendor.qti.bluetooth@1.0-ibs_handler: DeviceSleep: TX Awake, Sending SLEEP_IND
12-17 17:33:34.108   670  2280 D vendor.qti.bluetooth@1.0-ibs_handler: SerialClockVote: vote for UART CLK OFF
12-17 17:33:34.258   670  1845 D vendor.qti.bluetooth@1.0-wake_lock: Release wakelock is released 
12-17 17:33:34.556   667  3570 D audio_hw_primary: out_standby: enter: stream (0xec1fb800) usecase(0: deep-buffer-playback)
12-17 17:33:34.683 10080 10080 D improveTouch: [Main:158] Start touch daemon
12-17 17:33:34.684 10080 10080 E improveTouch: [ConfigManager:234] /sys/devices/soc0/chip_name doesn't exist
12-17 17:33:34.684 10080 10080 D improveTouch: [ConfigManager:501] loader file is available. loading it...
12-17 17:33:34.685 10080 10080 D improveTouch: [ConfigManager:405] no custom ID defined
12-17 17:33:34.685 10080 10080 D improveTouch: [ConfigManager:428] GetPktStatus: E
12-17 17:33:34.685 10080 10080 E improveTouch: [ConfigManager:444] can't open /data/vendor/hbtp/pkt_play
12-17 17:33:34.685 10080 10080 D improveTouch: [ConfigManager:448] GetPktStatus: X
12-17 17:33:34.685 10080 10080 I improveTouch: [ConfigManager:546] Data Dir = /data/vendor/hbtp
12-17 17:33:34.685 10080 10080 I improveTouch: [ConfigManager:547] Main Config Dir = /vendor/etc/hbtp
12-17 17:33:34.685 10080 10080 I improveTouch: [ConfigManager:551] ConfigFile = /vendor/etc/hbtp/hbtpcfg_sdm660_800s_qhd.dat
12-17 17:33:34.685 10080 10080 I improveTouch: [ConfigManager:554] UTFLib = libFastRPC_UTF_Forward_skel.so
12-17 17:33:34.685 10080 10080 I improveTouch: [ConfigManager:557] AFEFW = /vendor/etc/hbtp/qtc800s_dsp.bin
12-17 17:33:34.685 10080 10080 I improveTouch: [ConfigManager:560] DSP = adsp
12-17 17:33:34.685 10080 10080 D improveTouch: [TouchController:415] init: E
12-17 17:33:34.685 10080 10080 D improveTouch: [ConfigManager:583] start loading config
12-17 17:33:34.732 10080 10080 D improveTouch: [ConfigManager:675] finished loading config
12-17 17:33:34.733 10080 10080 D improveTouch: [TouchController:454] Power Control Config doesn't exist
12-17 17:33:34.733 10080 10080 D improveTouch: [TouchController:462] Power Sync Option doesn't exist
12-17 17:33:34.733 10080 10080 D improveTouch: [TouchController:464] PowerManager Option = 0
12-17 17:33:34.733 10080 10080 E improveTouch: [InputDevice:61] InputDevice: pixelX: min = 0, max = 1440 pixelY: min = 0, max = 2560
12-17 17:33:34.734 10080 10080 E improveTouch: [InputDevice:65] Unable to open /dev/hbtp_input
12-17 17:33:34.734 10080 10080 E improveTouch: [TouchController:490] Error initializing input device: Error opening file
12-17 17:33:34.734 10080 10080 D improveTouch: [TouchController:1136] CommandExecutor::exit: thread is running, kill it first
12-17 17:33:34.734 10080 10081 D improveTouch: [TouchController:1186] runLoop exits
12-17 17:33:34.734 10080 10080 E improveTouch: [TouchController:522] init failed, ret = 1073741825
12-17 17:33:34.734 10080 10080 E improveTouch: [TouchServer:59] fail to init TouchController: Error opening file
12-17 17:33:34.734 10080 10080 E improveTouch: [TouchServer:69] error happened, clean-up resource and exit
12-17 17:33:34.734 10080 10080 E improveTouch: [TouchServer:71] delete event monitor
12-17 17:33:34.734 10080 10080 E improveTouch: [TouchServer:75] delete controller
12-17 17:33:34.734 10080 10080 E improveTouch: [TouchServer:79] delete touch processor
12-17 17:33:34.734 10080 10080 D improveTouch: [DSPTouchProcessor:807] deInit: E
12-17 17:33:34.734 10080 10080 E improveTouch: [DSPTouchProcessor:823] deInit: invalid state (current = 0)
12-17 17:33:34.734 10080 10080 D improveTouch: [DSPTouchProcessor:827] deInit: X pa_utf_ret = 1, ret = 1073741835
12-17 17:33:34.734 10080 10080 E improveTouch: [TouchServer:83] delete event injector
12-17 17:33:34.734 10080 10080 E improveTouch: [TouchServer:87] delete config management
12-17 17:33:34.734 10080 10080 E improveTouch: [TouchServer:90] fail to start daemon
12-17 17:33:34.734 10080 10080 E improveTouch: [Main:169] fail to initiate touch server
12-17 17:33:34.768   667  3570 D audio_hw_primary: disable_audio_route: reset and update mixer path: deep-buffer-playback
12-17 17:33:34.768   667  3570 D soundtrigger: audio_extn_sound_trigger_update_stream_status: uc_info->id 0 of type 0 for Event 2, with Raise=1
12-17 17:33:34.769   667  3570 I sound_trigger_platform: platform_stdev_check_and_update_concurrency: Received STREAM event, event type 2, usecase type 0
12-17 17:33:34.769   667  3570 D sound_trigger_platform: platform_stdev_check_and_update_concurrency: dedicated path 0, reset backend 1, tx 0, rx 0,concurrency session allowed
12-17 17:33:34.769   667  3570 D msm8916_platform: platform_split_snd_device: snd_device(2) num devices(0) new_snd_devices(0)
12-17 17:33:34.769   667  3570 I msm8916_platform: platform_get_custom_mtmx_params: no matching param with id 0 ip_ch 2 op_ch 2 uc_id 0 snd_dev 2
12-17 17:33:34.769   667  3570 D hardware_info: hw_info_append_hw_type : device_name = speaker
12-17 17:33:34.769   667  3570 D audio_hw_primary: disable_snd_device: snd_device(2: speaker)
12-17 17:33:34.769   667  3570 D msm8916_platform: platform_split_snd_device: snd_device(2) num devices(0) new_snd_devices(0)
12-17 17:33:34.779   667  3570 I soundtrigger: audio_extn_sound_trigger_update_device_status: device 0x2 of type 0 for Event 0, with Raise=0
12-17 17:33:34.779   667  3570 D audio_hw_primary: out_standby: exit
12-17 17:33:34.779  1280  2787 D SuperPowerApp: 1041 not found
12-17 17:33:35.145   670  2270 I vendor.qti.bluetooth@1.0-ibs_handler: ProcessIbsCmd: Received IBS_WAKE_IND: 0xFD
12-17 17:33:35.145   670  2270 D vendor.qti.bluetooth@1.0-ibs_handler: SerialClockVote: vote for UART CLK ON
12-17 17:33:35.147   670  2270 D vendor.qti.bluetooth@1.0-wake_lock: Acquire wakelock is acquired 
12-17 17:33:35.147   670  2270 I vendor.qti.bluetooth@1.0-ibs_handler: ProcessIbsCmd: Writing IBS_WAKE_ACK
12-17 17:33:35.147  1418  2277 E bt_btif : bta_gattc_process_indicate, ignore HID ind/notificiation
12-17 17:33:35.147  1418  1529 D BtGatt.GattService: onNotify() - address=CC:D3:1E:68:ED:B8, handle=42, length=15
12-17 17:33:35.148  2315 11402 D BluetoothDevice: mAddress: CC:D3:1E:68:ED:B8
12-17 17:33:35.156  2315  3648 D BluetoothDevice: mAddress: CC:D3:1E:68:ED:B8
12-17 17:33:35.157  1418  2385 D BtGatt.GattService: writeCharacteristic() - address=CC:D3:1E:68:ED:B8
12-17 17:33:35.157   670   670 I vendor.qti.bluetooth@1.0-ibs_handler: DeviceWakeUp: Writing IBS_WAKE_IND
12-17 17:33:35.158   670  2270 I vendor.qti.bluetooth@1.0-ibs_handler: ProcessIbsCmd: Received IBS_WAKE_ACK: 0xFC
12-17 17:33:35.175  1418  1529 D BtGatt.GattService: onWriteCharacteristic() - address=CC:D3:1E:68:ED:B8, status=0
12-17 17:33:35.176  2315 11402 D BluetoothDevice: mAddress: CC:D3:1E:68:ED:B8
12-17 17:33:35.176  2315  2315 I StripeTerminal: class=BBPOSTransactionListener message="onRequestDisplayText PROCESSING"
12-17 17:33:35.177  2315  2315 I StripeTerminal: class=ProxyReaderListener message=onReportReaderEvent(CARD_INSERTED)
12-17 17:33:35.180  2315  2315 I CombinedKernelInterface: handleCardStatus CARD_PROCESSING
12-17 17:33:35.180  2315  2315 I StripeTerminal: class=TransactionManager message="handleCardStatus CARD_PROCESSING"
12-17 17:33:35.181  2315  2315 I StripeTerminal: class=TransactionStateMachine message="onStateChanged: COLLECT -> PAYMENT_PROCESSING: Contact"
12-17 17:33:35.181  2315  2315 D StripeTerminal: class=TransactionStateHandler message=PaymentProcessingHandler "Waiting for card to finish processing"
12-17 17:33:35.181  2315  3594 D StripeTerminal: class=TransactionStateHandler message=PaymentProcessingHandler "Waiting for card to finish processing"
12-17 17:33:35.215   670  2270 I vendor.qti.bluetooth@1.0-ibs_handler: ProcessIbsCmd: Received IBS_SLEEP_IND: 0xFE
12-17 17:33:36.158   670  2280 I vendor.qti.bluetooth@1.0-ibs_handler: DeviceSleep: TX Awake, Sending SLEEP_IND
12-17 17:33:36.158   670  2280 D vendor.qti.bluetooth@1.0-ibs_handler: SerialClockVote: vote for UART CLK OFF
12-17 17:33:36.300   670  2270 I vendor.qti.bluetooth@1.0-ibs_handler: ProcessIbsCmd: Received IBS_WAKE_IND: 0xFD
12-17 17:33:36.300   670  2270 D vendor.qti.bluetooth@1.0-ibs_handler: SerialClockVote: vote for UART CLK ON
12-17 17:33:36.302   670  2270 I vendor.qti.bluetooth@1.0-ibs_handler: ProcessIbsCmd: Writing IBS_WAKE_ACK
12-17 17:33:36.302  1418  2277 E bt_btif : bta_gattc_process_indicate, ignore HID ind/notificiation
12-17 17:33:36.302  1418  1529 D BtGatt.GattService: onNotify() - address=CC:D3:1E:68:ED:B8, handle=42, length=15
12-17 17:33:36.303  2315 11402 D BluetoothDevice: mAddress: CC:D3:1E:68:ED:B8
12-17 17:33:36.307  2315  3648 D BluetoothDevice: mAddress: CC:D3:1E:68:ED:B8
12-17 17:33:36.308  1418  2385 D BtGatt.GattService: writeCharacteristic() - address=CC:D3:1E:68:ED:B8
12-17 17:33:36.308   670   670 I vendor.qti.bluetooth@1.0-ibs_handler: DeviceWakeUp: Writing IBS_WAKE_IND
12-17 17:33:36.308   670  2270 I vendor.qti.bluetooth@1.0-ibs_handler: ProcessIbsCmd: Received IBS_WAKE_ACK: 0xFC
12-17 17:33:36.331  1418  1529 D BtGatt.GattService: onWriteCharacteristic() - address=CC:D3:1E:68:ED:B8, status=0
12-17 17:33:36.331  2315 11402 D BluetoothDevice: mAddress: CC:D3:1E:68:ED:B8
12-17 17:33:36.331  2315  2315 I StripeTerminal: class=BBPOSTransactionListener message="onRequestDisplayText REMOVE_CARD"
12-17 17:33:36.332  2315  2315 I StripeTerminal: class=ProxyReaderListener message="onRequestReaderDisplayMessage(Remove Card)"
12-17 17:33:36.363   894   894 I ConfigStore: android::hardware::configstore::V1_0::ISurfaceFlingerConfigs::hasHDRDisplay retrieved: 0
12-17 17:33:36.364   894   894 I chatty  : uid=1000(system) /system/bin/surfaceflinger identical 3 lines
12-17 17:33:36.364   894   894 I ConfigStore: android::hardware::configstore::V1_0::ISurfaceFlingerConfigs::hasHDRDisplay retrieved: 0
12-17 17:33:36.371   670  2270 I vendor.qti.bluetooth@1.0-ibs_handler: ProcessIbsCmd: Received IBS_SLEEP_IND: 0xFE
12-17 17:33:36.660   670  2270 I vendor.qti.bluetooth@1.0-ibs_handler: ProcessIbsCmd: Received IBS_WAKE_IND: 0xFD
12-17 17:33:36.660   670  2270 I vendor.qti.bluetooth@1.0-ibs_handler: ProcessIbsCmd: Writing IBS_WAKE_ACK
12-17 17:33:36.663  1418  2277 E bt_btif : bta_gattc_process_indicate, ignore HID ind/notificiation
12-17 17:33:36.664  1418  1529 D BtGatt.GattService: onNotify() - address=CC:D3:1E:68:ED:B8, handle=42, length=125
12-17 17:33:36.664  2315 11402 D BluetoothDevice: mAddress: CC:D3:1E:68:ED:B8
12-17 17:33:36.664  1418  2277 E bt_btif : bta_gattc_process_indicate, ignore HID ind/notificiation
12-17 17:33:36.664  1418  1529 D BtGatt.GattService: onNotify() - address=CC:D3:1E:68:ED:B8, handle=42, length=3
12-17 17:33:36.664  2315 11402 D BluetoothDevice: mAddress: CC:D3:1E:68:ED:B8
12-17 17:33:36.665  1418  2277 E bt_btif : bta_gattc_process_indicate, ignore HID ind/notificiation
12-17 17:33:36.665  1418  1529 D BtGatt.GattService: onNotify() - address=CC:D3:1E:68:ED:B8, handle=42, length=27
12-17 17:33:36.666  2315 11402 D BluetoothDevice: mAddress: CC:D3:1E:68:ED:B8
12-17 17:33:36.666  2315  3648 D BluetoothDevice: mAddress: CC:D3:1E:68:ED:B8
12-17 17:33:36.667  1418  2385 D BtGatt.GattService: writeCharacteristic() - address=CC:D3:1E:68:ED:B8
12-17 17:33:36.721  1418  1529 D BtGatt.GattService: onWriteCharacteristic() - address=CC:D3:1E:68:ED:B8, status=0
12-17 17:33:36.721  2315 11402 D BluetoothDevice: mAddress: CC:D3:1E:68:ED:B8
12-17 17:33:36.738  1418  2277 E bt_btif : bta_gattc_process_indicate, ignore HID ind/notificiation
12-17 17:33:36.739  1418  1529 D BtGatt.GattService: onNotify() - address=CC:D3:1E:68:ED:B8, handle=42, length=125
12-17 17:33:36.739  2315 11402 D BluetoothDevice: mAddress: CC:D3:1E:68:ED:B8
12-17 17:33:36.739  1418  2277 E bt_btif : bta_gattc_process_indicate, ignore HID ind/notificiation
12-17 17:33:36.739  1418  1529 D BtGatt.GattService: onNotify() - address=CC:D3:1E:68:ED:B8, handle=42, length=3
12-17 17:33:36.739  2315 11402 D BluetoothDevice: mAddress: CC:D3:1E:68:ED:B8
12-17 17:33:36.740  1418  2277 E bt_btif : bta_gattc_process_indicate, ignore HID ind/notificiation
12-17 17:33:36.740  1418  1529 D BtGatt.GattService: onNotify() - address=CC:D3:1E:68:ED:B8, handle=42, length=27
12-17 17:33:36.741  2315 11402 D BluetoothDevice: mAddress: CC:D3:1E:68:ED:B8
12-17 17:33:36.743  2315  3648 D BluetoothDevice: mAddress: CC:D3:1E:68:ED:B8
12-17 17:33:36.744  1418  2385 D BtGatt.GattService: writeCharacteristic() - address=CC:D3:1E:68:ED:B8
12-17 17:33:36.766  1418  1529 D BtGatt.GattService: onWriteCharacteristic() - address=CC:D3:1E:68:ED:B8, status=0
12-17 17:33:36.766  2315 11402 D BluetoothDevice: mAddress: CC:D3:1E:68:ED:B8
