12-29 18:20:42.674  1288  1411 D SuperPowerApp: 1041 not found
12-29 18:20:43.504  1288  2455 D SuperPowerApp: 1041 not found
12-29 18:20:43.504  1288  1361 D SuperPowerApp: 1041 not found
12-29 18:20:43.505  1288  2455 D SuperPowerApp: 1041 not found
12-29 18:20:43.505   664  1825 D audio_hw_primary: start_output_stream: enter: stream(0xea9c0000)usecase(0: deep-buffer-playback) devices(0x2)
12-29 18:20:43.505   689   730 E ANDR-PERF-MPCTL: Invalid profile no. 0, total profiles 0 only
12-29 18:20:43.505   664  1825 D audio_hw_primary: select_devices for use case (deep-buffer-playback)
12-29 18:20:43.505   664  1825 D audio_hw_primary: select_devices: out_snd_device(2: speaker) in_snd_device(0: )
12-29 18:20:43.505   664  1825 I msm8916_platform: platform_check_and_set_codec_backend_cfg:becf: afe: bitwidth 16, samplerate 48000 channels 2, backend_idx 0 usecase = 0 device (speaker)
12-29 18:20:43.505   664  1825 D msm8916_platform: platform_split_snd_device: snd_device(2) num devices(1) new_snd_devices(0)
12-29 18:20:43.505   664  1825 I msm8916_platform: platform_check_and_set_codec_backend_cfg: becf: new_snd_devices[0] is speaker
12-29 18:20:43.505   664  1825 I msm8916_platform: platform_check_codec_backend_cfg:becf: afe: Codec selected backend: 0 current bit width: 16 sample rate: 48000 channels: 2 usecase 0 device (speaker)
12-29 18:20:43.505   664  1825 D msm8916_platform: platform_check_codec_backend_cfg:becf: afe: playback on codec device not supporting native playback set default Sample Rate(48k)
12-29 18:20:43.505   664  1825 I msm8916_platform: platform_check_codec_backend_cfg:becf: afe: Codec selected backend: 0 updated bit width: 16 sample rate: 48000 channels: 2
12-29 18:20:43.505   664  1825 D audio_hw_primary: check_usecases_codec_backend:becf: force routing 0
12-29 18:20:43.505   664  1825 E msm8916_platform: platform_check_backends_match: Invalid snd_device = 
12-29 18:20:43.505   664  1825 D audio_hw_primary: check_usecases_codec_backend:becf: (63) check_usecases curr device: speaker, usecase device: backends match 0
12-29 18:20:43.505   664  1825 D audio_hw_primary: check_usecases_codec_backend:becf: check_usecases num.of Usecases to switch 0
12-29 18:20:43.505   664  1825 D hardware_info: hw_info_append_hw_type : device_name = speaker
12-29 18:20:43.505   664  1825 D msm8916_platform: platform_split_snd_device: snd_device(2) num devices(0) new_snd_devices(0)
12-29 18:20:43.505   664  1825 D audio_hw_primary: enable_snd_device: snd_device(2: speaker)
12-29 18:20:43.505   664  1825 I soundtrigger: audio_extn_sound_trigger_update_device_status: device 0x2 of type 0 for Event 1, with Raise=0
12-29 18:20:43.505   664  1825 D audio_route: Apply path: speaker
12-29 18:20:43.510   889   889 I ConfigStore: android::hardware::configstore::V1_0::ISurfaceFlingerConfigs::hasHDRDisplay retrieved: 0
12-29 18:20:43.511   889   889 I chatty  : uid=1000(system) /system/bin/surfaceflinger identical 1 line
12-29 18:20:43.511   889   889 I ConfigStore: android::hardware::configstore::V1_0::ISurfaceFlingerConfigs::hasHDRDisplay retrieved: 0
12-29 18:20:43.512   664  1825 D audio_hw_primary: audio_is_true_native_stream_active:napb: (0) (deep-buffer-playback)id (0) sr 48000 bw (16) device speaker
12-29 18:20:43.512   664  1825 D soundtrigger: audio_extn_sound_trigger_update_stream_status: uc_info->id 0 of type 0 for Event 3, with Raise=1
12-29 18:20:43.512   664  1825 I sound_trigger_platform: platform_stdev_check_and_update_concurrency: Received STREAM event, event type 3, usecase type -370674800
12-29 18:20:43.512   664  1825 D sound_trigger_platform: platform_stdev_check_and_update_concurrency: dedicated path 0, reset backend 1, tx 0, rx 1,concurrency session allowed
12-29 18:20:43.512   664  1825 D audio_hw_utils: audio_extn_utils_send_app_type_cfg: usecase->out_snd_device speaker
12-29 18:20:43.512   664  1825 D msm8916_platform: platform_split_snd_device: snd_device(2) num devices(0) new_snd_devices(0)
12-29 18:20:43.512   889   889 I ConfigStore: android::hardware::configstore::V1_0::ISurfaceFlingerConfigs::hasHDRDisplay retrieved: 0
12-29 18:20:43.512   664  1825 D audio_hw_utils: audio_extn_btsco_get_sample_rate:Not a BT SCO device, need not update sampling rate
12-29 18:20:43.512   664  1825 I audio_hw_utils: send_app_type_cfg_for_device PLAYBACK app_type 69937, acdb_dev_id 15, sample_rate 48000, snd_device_be_idx 127
12-29 18:20:43.513   664  1825 D msm8916_platform: platform_split_snd_device: snd_device(2) num devices(1) new_snd_devices(0)
12-29 18:20:43.513   664  1825 D ACDB-LOADER: ACDB -> send_audio_cal, acdb_id = 15, path = 0, app id = 0x11131, sample rate = 48000
12-29 18:20:43.513   664  1825 D ACDB-LOADER: ACDB -> send_asm_topology
12-29 18:20:43.513   664  1825 D ACDB-LOADER: ACDB -> ACDB_CMD_GET_AUDPROC_STREAM_TOPOLOGY_ID
12-29 18:20:43.513   664  1825 D ACDB-LOADER: ACDB -> send_adm_topology
12-29 18:20:43.513   664  1825 D ACDB-LOADER: ACDB -> ACDB_CMD_GET_AUDPROC_COMMON_TOPOLOGY_ID
12-29 18:20:43.513   664  1825 D ACDB-LOADER: ACDB -> send_audtable
12-29 18:20:43.513   664  1825 D ACDB-LOADER: ACDB -> ACDB_CMD_GET_AUDPROC_COMMON_TABLE_SIZE
12-29 18:20:43.513   664  1825 D ACDB-LOADER: ACDB -> ACDB_CMD_GET_AUDPROC_COMMON_TABLE
12-29 18:20:43.513   664  1825 D ACDB-LOADER: ACDB -> AUDIO_SET_AUDPROC_CAL
12-29 18:20:43.513   664  1825 D ACDB-LOADER: ACDB -> send_audvoltable
12-29 18:20:43.513   664  1825 D ACDB-LOADER: ACDB -> ACDB_CMD_GET_AUDPROC_VOL_STEP_TABLE_SIZE
12-29 18:20:43.513   664  1825 D ACDB-LOADER: ACDB -> ACDB_CMD_GET_AUDPROC_GAIN_DEP_STEP_TABLE, vol index 5
12-29 18:20:43.513   664  1825 D ACDB-LOADER: ACDB -> AUDIO_SET_VOL_CAL cal type = 12
12-29 18:20:43.513   664  1825 D ACDB-LOADER: ACDB -> ACDB_CMD_GET_AUDPROC_STREAM_TABLE_SIZE
12-29 18:20:43.513   664  1825 D ACDB-LOADER: ACDB -> send_audstrmtable
12-29 18:20:43.513   664  1825 D ACDB-LOADER: ACDB -> ACDB_CMD_GET_AUDPROC_STREAM_TABLE_V2
12-29 18:20:43.513   664  1825 D ACDB-LOADER: ACDB -> audstrm_cal->cal_type.cal_data.cal_size = 16
12-29 18:20:43.513   664  1825 D ACDB-LOADER: ACDB -> send_afe_topology
12-29 18:20:43.513   664  1825 D ACDB-LOADER: ACDB -> ACDB_CMD_GET_AFE_TOPOLOGY_ID
12-29 18:20:43.513   664  1825 D ACDB-LOADER: ACDB -> GET_AFE_TOPOLOGY_ID for adcd_id 15, Topology Id 1025e
12-29 18:20:43.513   664  1825 D ACDB-LOADER: ACDB -> send_afe_cal
12-29 18:20:43.513   664  1825 D ACDB-LOADER: ACDB -> ACDB_CMD_GET_AFE_COMMON_TABLE_SIZE
12-29 18:20:43.513   664  1825 D ACDB-LOADER: ACDB -> ACDB_CMD_GET_AFE_COMMON_TABLE
12-29 18:20:43.513   664  1825 D ACDB-LOADER: ACDB -> AUDIO_SET_AFE_CAL
12-29 18:20:43.513   664  1825 D ACDB-LOADER: ACDB -> send_hw_delay : acdb_id = 15 path = 0
12-29 18:20:43.513   664  1825 D ACDB-LOADER: ACDB -> ACDB_AVSYNC_INFO: ACDB_CMD_GET_DEVICE_PROPERTY
12-29 18:20:43.513   664  1825 D msm8916_platform: platform_split_snd_device: snd_device(2) num devices(0) new_snd_devices(0)
12-29 18:20:43.513   664  1825 I msm8916_platform: platform_get_custom_mtmx_params: no matching param with id 0 ip_ch 2 op_ch 2 uc_id 0 snd_dev 2
12-29 18:20:43.513   664  1825 D audio_hw_primary: enable_audio_route: apply mixer and update path: deep-buffer-playback
12-29 18:20:43.513   664  1825 D audio_route: Apply path: deep-buffer-playback
12-29 18:20:43.513   664  1825 D audio_hw_primary: select_devices: done
12-29 18:20:43.515   664  1825 D msm8916_platform: platform_set_channel_map mixer_ctl_name:Playback Channel Map0
12-29 18:20:43.515   664  1825 D msm8916_platform: platform_set_channel_map: set mapping(1 2 0 0 0 0 0 0) for channel:2
12-29 18:20:43.525   889   983 D SurfaceFlinger: duplicate layer name: changing io.ubt.alaeat.pos.t2.yomie/io.ubt.alaeat.pos.module_dine_in.acitivity.OrderTypeActivity to io.ubt.alaeat.pos.t2.yomie/io.ubt.alaeat.pos.module_dine_in.acitivity.OrderTypeActivity#1
12-29 18:20:43.528   889   889 I ConfigStore: android::hardware::configstore::V1_0::ISurfaceFlingerConfigs::hasHDRDisplay retrieved: 0
12-29 18:20:43.505  1288  2455 D SuperPowerApp: 1041 not found
12-29 18:20:43.560  1288  1311 D ActivityManager: set woyou.aidlservice.jiuiv5 adj -900
12-29 18:20:43.546   889   889 I chatty  : uid=1000(system) /system/bin/surfaceflinger identical 7 lines
12-29 18:20:43.561   889   889 I ConfigStore: android::hardware::configstore::V1_0::ISurfaceFlingerConfigs::hasHDRDisplay retrieved: 0
12-29 18:20:43.562  2430  2430 I com.sunmi.pushservice.q: [ (MqttLogger.java:31)#A ] alarm receive type: 2
12-29 18:20:43.562   889   889 I ConfigStore: android::hardware::configstore::V1_0::ISurfaceFlingerConfigs::hasHDRDisplay retrieved: 0
12-29 18:20:43.562  1288  1311 D ActivityManager: set woyou.aidlservice.jiuiv5 adj -900
12-29 18:20:43.565  1288  1361 D ActivityManager: set woyou.aidlservice.jiuiv5 adj -900
12-29 18:20:43.562   889   889 I chatty  : uid=1000(system) /system/bin/surfaceflinger identical 1 line
12-29 18:20:43.563   889   889 I ConfigStore: android::hardware::configstore::V1_0::ISurfaceFlingerConfigs::hasHDRDisplay retrieved: 0
12-29 18:20:43.566  2430  3681 I com.sunmi.pushservice.q: [ (MqttLogger.java:31)#A ] send ping req success 
12-29 18:20:43.578   889   889 I ConfigStore: android::hardware::configstore::V1_0::ISurfaceFlingerConfigs::hasHDRDisplay retrieved: 0
12-29 18:20:43.578   889   889 I ConfigStore: android::hardware::configstore::V1_0::ISurfaceFlingerConfigs::hasHDRDisplay retrieved: 0
12-29 18:20:43.566  1288  1361 D ActivityManager: set woyou.aidlservice.jiuiv5 adj -900
12-29 18:20:43.585  1288  2455 I ActivityManager: START u0 {cmp=io.ubt.alaeat.pos.t2.yomie/io.ubt.alaeat.pos.module_dine_in.acitivity.PaymentActivity (has extras)} from uid 10107
12-29 18:20:43.586  1288  2455 I APP_LOCK: ===activity export: false ===
12-29 18:20:43.588  1288  2455 D CompatibilityInfo: mCompatibilityFlags - 4
12-29 18:20:43.588  1288  2455 D CompatibilityInfo: applicationDensity - 230
12-29 18:20:43.588  1288  2455 D CompatibilityInfo: applicationScale - 1.0
12-29 18:20:43.588  1288  2455 D SuperAppUtils: setKioskMode: 0
12-29 18:20:43.589  1288  2455 I APP_LOCK: io.ubt.alaeat.pos.t2.yomie is not locked
12-29 18:20:43.589  1288  2455 D ActivityTrigger: ActivityTrigger activityPauseTrigger 
12-29 18:20:43.591  1288  1311 W BroadcastQueue: Background execution not allowed: receiving Intent { act=com.sunmi.starting_app flg=0x10 (has extras) } to woyou.market/store.helper.OpenAppReceiver
12-29 18:20:43.592  1288  1311 D ActivityManager: set woyou.aidlservice.jiuiv5 adj -900
12-29 18:20:43.593   664  1825 D audio_hw_primary: start_output_stream: exit
12-29 18:20:43.594   889  1263 D SurfaceFlinger: duplicate layer name: changing Surface(name=774591f io.ubt.alaeat.pos.t2.yomie/io.ubt.alaeat.pos.module_dine_in.acitivity.OrderTypeActivity)/@0x3cf4a35 - animation-leash to Surface(name=774591f io.ubt.alaeat.pos.t2.yomie/io.ubt.alaeat.pos.module_dine_in.acitivity.OrderTypeActivity)/@0x3cf4a35 - animation-leash#1
12-29 18:20:43.599   889   889 I ConfigStore: android::hardware::configstore::V1_0::ISurfaceFlingerConfigs::hasHDRDisplay retrieved: 0
12-29 18:20:43.600   889   889 I chatty  : uid=1000(system) /system/bin/surfaceflinger identical 3 lines
12-29 18:20:43.601   889   889 I ConfigStore: android::hardware::configstore::V1_0::ISurfaceFlingerConfigs::hasHDRDisplay retrieved: 0
12-29 18:20:43.603  1288  2455 D SuperAppUtils: setKioskMode: 0
12-29 18:20:43.603  1288  2455 D SuperAppUtils: setKioskMode: 0
12-29 18:20:43.604  1288  2455 I APP_LOCK: io.ubt.alaeat.pos.t2.yomie is not locked
12-29 18:20:43.605  1288  2455 D ActivityManager: set woyou.aidlservice.jiuiv5 adj -900
12-29 18:20:43.605  1288  2455 D CompatibilityInfo: mCompatibilityFlags - 4
12-29 18:20:43.605  1288  2455 D CompatibilityInfo: applicationDensity - 230
12-29 18:20:43.605  1288  2455 D CompatibilityInfo: applicationScale - 1.0
12-29 18:20:43.609  1288  1311 D ActivityManager: set woyou.aidlservice.jiuiv5 adj -900
12-29 18:20:43.612   889   889 I ConfigStore: android::hardware::configstore::V1_0::ISurfaceFlingerConfigs::hasHDRDisplay retrieved: 0
12-29 18:20:43.613   889   889 I chatty  : uid=1000(system) /system/bin/surfaceflinger identical 3 lines
12-29 18:20:43.613   889   889 I ConfigStore: android::hardware::configstore::V1_0::ISurfaceFlingerConfigs::hasHDRDisplay retrieved: 0
12-29 18:20:43.616  2290  2290 W ActivityThread: handleWindowVisibility: no activity for token android.os.BinderProxy@94b9f76
12-29 18:20:43.621  2290  2290 D AndroidAutoSize: io.ubt.alaeat.pos.module_dine_in.acitivity.PaymentActivity used the global configuration.
12-29 18:20:43.621  2290  2290 D AndroidAutoSize: The io.ubt.alaeat.pos.module_dine_in.acitivity.PaymentActivity has been adapted! 
12-29 18:20:43.621  2290  2290 D AndroidAutoSize: PaymentActivity Info: isBaseOnWidth = true, designWidthInDp = 960.000000, designWidthInSubunits = 960.000000, targetDensity = 2.000000, targetScaledDensity = 2.000000, targetDensityDpi = 320, targetXdpi = 2.000000, targetScreenWidthDp = 960, targetScreenHeightDp = 505
12-29 18:20:43.627   889   889 I ConfigStore: android::hardware::configstore::V1_0::ISurfaceFlingerConfigs::hasHDRDisplay retrieved: 0
12-29 18:20:43.645   889   889 I chatty  : uid=1000(system) /system/bin/surfaceflinger identical 7 lines
12-29 18:20:43.645   889   889 I ConfigStore: android::hardware::configstore::V1_0::ISurfaceFlingerConfigs::hasHDRDisplay retrieved: 0
12-29 18:20:43.645  2290  2290 D blog    : [ (LogUtil.kt:25)#Logd$default ] : 
12-29 18:20:43.646   889   889 I ConfigStore: android::hardware::configstore::V1_0::ISurfaceFlingerConfigs::hasHDRDisplay retrieved: 0
12-29 18:20:43.655  2290  2290 D AndroidAutoSize: io.ubt.alaeat.pos.module_dine_in.acitivity.PaymentActivity used the global configuration.
12-29 18:20:43.656  2290  2290 D AndroidAutoSize: The io.ubt.alaeat.pos.module_dine_in.acitivity.PaymentActivity has been adapted! 
12-29 18:20:43.656  2290  2290 D AndroidAutoSize: PaymentActivity Info: isBaseOnWidth = true, designWidthInDp = 960.000000, designWidthInSubunits = 960.000000, targetDensity = 2.000000, targetScaledDensity = 2.000000, targetDensityDpi = 320, targetXdpi = 2.000000, targetScreenWidthDp = 960, targetScreenHeightDp = 505
12-29 18:20:43.661   889   889 I ConfigStore: android::hardware::configstore::V1_0::ISurfaceFlingerConfigs::hasHDRDisplay retrieved: 0
12-29 18:20:43.731  1288  1361 D SuperPowerApp: 1041 not found
12-29 18:20:43.731  1288  2455 D SuperPowerApp: 1041 not found
12-29 18:20:43.728   889   889 I chatty  : uid=1000(system) /system/bin/surfaceflinger identical 23 lines
12-29 18:20:43.729   889   889 I ConfigStore: android::hardware::configstore::V1_0::ISurfaceFlingerConfigs::hasHDRDisplay retrieved: 0
12-29 18:20:43.744   889   889 I ConfigStore: android::hardware::configstore::V1_0::ISurfaceFlingerConfigs::hasHDRDisplay retrieved: 0
12-29 18:20:43.778   889   889 I chatty  : uid=1000(system) /system/bin/surfaceflinger identical 13 lines
12-29 18:20:43.779   889   889 I ConfigStore: android::hardware::configstore::V1_0::ISurfaceFlingerConfigs::hasHDRDisplay retrieved: 0
12-29 18:20:43.794   889   889 I ConfigStore: android::hardware::configstore::V1_0::ISurfaceFlingerConfigs::hasHDRDisplay retrieved: 0
12-29 18:20:43.795   889   889 I chatty  : uid=1000(system) /system/bin/surfaceflinger identical 2 lines
12-29 18:20:43.796   889   889 I ConfigStore: android::hardware::configstore::V1_0::ISurfaceFlingerConfigs::hasHDRDisplay retrieved: 0
12-29 18:20:43.804  2430  3681 I com.sunmi.pushservice.p: [ (MqttLogger.java:31)#A ] mqtt ping resp !
12-29 18:20:43.807  2430  3681 I com.sunmi.pushservice.q: [ (MqttLogger.java:31)#A ] add ping alarm 60
12-29 18:20:43.811   889   889 I ConfigStore: android::hardware::configstore::V1_0::ISurfaceFlingerConfigs::hasHDRDisplay retrieved: 0
12-29 18:20:43.812   889   889 I chatty  : uid=1000(system) /system/bin/surfaceflinger identical 2 lines
12-29 18:20:43.812   889   889 I ConfigStore: android::hardware::configstore::V1_0::ISurfaceFlingerConfigs::hasHDRDisplay retrieved: 0
12-29 18:20:43.817   889   983 D SurfaceFlinger: duplicate layer name: changing io.ubt.alaeat.pos.t2.yomie/io.ubt.alaeat.pos.module_dine_in.acitivity.PaymentActivity to io.ubt.alaeat.pos.t2.yomie/io.ubt.alaeat.pos.module_dine_in.acitivity.PaymentActivity#1
12-29 18:20:43.824  2290  2290 W Glide   : Load failed for  with size [500x500]
12-29 18:20:43.824  2290  2290 W Glide   : class com.bumptech.glide.load.engine.GlideException: Failed to load resource
12-29 18:20:43.828   889   889 I ConfigStore: android::hardware::configstore::V1_0::ISurfaceFlingerConfigs::hasHDRDisplay retrieved: 0
12-29 18:20:43.845   889   889 I chatty  : uid=1000(system) /system/bin/surfaceflinger identical 5 lines
12-29 18:20:43.846   889   889 I ConfigStore: android::hardware::configstore::V1_0::ISurfaceFlingerConfigs::hasHDRDisplay retrieved: 0
12-29 18:20:43.846   889  1263 W SurfaceFlinger: Attempting to set client state on removed layer: io.ubt.alaeat.pos.t2.yomie/io.ubt.alaeat.pos.module_dine_in.acitivity.OrderTypeActivity#1
12-29 18:20:43.846   889  1263 W SurfaceFlinger: Attempting to destroy on removed layer: io.ubt.alaeat.pos.t2.yomie/io.ubt.alaeat.pos.module_dine_in.acitivity.OrderTypeActivity#1
12-29 18:20:43.847   889   889 I ConfigStore: android::hardware::configstore::V1_0::ISurfaceFlingerConfigs::hasHDRDisplay retrieved: 0
12-29 18:20:44.594   889   889 I chatty  : uid=1000(system) /system/bin/surfaceflinger identical 222 lines
12-29 18:20:44.595   889   889 I ConfigStore: android::hardware::configstore::V1_0::ISurfaceFlingerConfigs::hasHDRDisplay retrieved: 0
12-29 18:20:44.598  1462  1481 I ndroid.systemu: Background concurrent copying GC freed 437987(15MB) AllocSpace objects, 0(0B) LOS objects, 50% free, 16MB/32MB, paused 62us total 118.492ms
12-29 18:20:44.610   889   889 I ConfigStore: android::hardware::configstore::V1_0::ISurfaceFlingerConfigs::hasHDRDisplay retrieved: 0
12-29 18:20:44.694   889   889 I chatty  : uid=1000(system) /system/bin/surfaceflinger identical 28 lines
12-29 18:20:44.695   889   889 I ConfigStore: android::hardware::configstore::V1_0::ISurfaceFlingerConfigs::hasHDRDisplay retrieved: 0
12-29 18:20:44.710   889   889 I ConfigStore: android::hardware::configstore::V1_0::ISurfaceFlingerConfigs::hasHDRDisplay retrieved: 0
12-29 18:20:44.711   889   889 I chatty  : uid=1000(system) /system/bin/surfaceflinger identical 3 lines
12-29 18:20:44.712   889   889 I ConfigStore: android::hardware::configstore::V1_0::ISurfaceFlingerConfigs::hasHDRDisplay retrieved: 0
12-29 18:20:44.713  2290  2290 D EventBus: No subscribers registered for event class io.ubt.alaeat.pos.module_dine_in.data.ReloadEvent
12-29 18:20:44.713  2290  2290 D EventBus: No subscribers registered for event class org.greenrobot.eventbus.NoSubscriberEvent
12-29 18:20:44.728   889   889 I ConfigStore: android::hardware::configstore::V1_0::ISurfaceFlingerConfigs::hasHDRDisplay retrieved: 0
12-29 18:20:44.728   889   889 I ConfigStore: android::hardware::configstore::V1_0::ISurfaceFlingerConfigs::hasHDRDisplay retrieved: 0
12-29 18:20:44.729   889   889 I chatty  : uid=1000(system) /system/bin/surfaceflinger identical 2 lines
12-29 18:20:44.730   889   889 I ConfigStore: android::hardware::configstore::V1_0::ISurfaceFlingerConfigs::hasHDRDisplay retrieved: 0
12-29 18:20:44.732  2290  2290 D StripeTerminal: class=Terminal message=retrievePaymentIntent
12-29 18:20:44.733  2290  3351 D StripeTerminal: class=ApiClient message=retrievePaymentIntent
12-29 18:20:44.735  2290  3351 I StripeTerminal: class=RestClient message="url=https://api.stripe.com/v1/payment_intents/pi_3KCBRnHnmbEF7f1O0s4JmlBI request={}"
12-29 18:20:44.736  1288  1361 D ActivityTrigger: ActivityTrigger activityStopTrigger 
12-29 18:20:44.737  1288  1361 D ActivityManager: set woyou.aidlservice.jiuiv5 adj -900
12-29 18:20:44.744   889   889 I ConfigStore: android::hardware::configstore::V1_0::ISurfaceFlingerConfigs::hasHDRDisplay retrieved: 0
12-29 18:20:44.750  1288  2455 D ActivityManager: set woyou.aidlservice.jiuiv5 adj -900
12-29 18:20:44.745   889   889 I chatty  : uid=1000(system) /system/bin/surfaceflinger identical 3 lines
12-29 18:20:44.746   889   889 I ConfigStore: android::hardware::configstore::V1_0::ISurfaceFlingerConfigs::hasHDRDisplay retrieved: 0
12-29 18:20:44.762   889   889 I ConfigStore: android::hardware::configstore::V1_0::ISurfaceFlingerConfigs::hasHDRDisplay retrieved: 0
12-29 18:20:44.944   889   889 I chatty  : uid=1000(system) /system/bin/surfaceflinger identical 54 lines
12-29 18:20:44.945   889   889 I ConfigStore: android::hardware::configstore::V1_0::ISurfaceFlingerConfigs::hasHDRDisplay retrieved: 0
12-29 18:20:44.955  2290  3351 I RestResponse: REST response with code 200 received
12-29 18:20:44.955  2290  3351 I RestResponse: request-id: req_ttjX45NUex6U9A
12-29 18:20:44.957  2290  3351 I StripeTerminal: class=RestClient message="url=https://api.stripe.com/v1/payment_intents/pi_3KCBRnHnmbEF7f1O0s4JmlBI status=OK headers={access-control-allow-credentials=true, access-control-allow-methods=GET, POST, HEAD, OPTIONS, DELETE, access-control-allow-origin=*, access-control-expose-headers=Request-Id, Stripe-Manage-Version, X-Stripe-External-Auth-Required, X-Stripe-Privileged-Session-Required, access-control-max-age=300, cache-control=no-cache, no-store, content-length=1497, content-type=application/json, date=Wed, 29 Dec 2021 23:20:43 GMT, idempotency-key=1640820044735STRM261380026251blIDmz9, request-id=req_ttjX45NUex6U9A, server=nginx, strict-transport-security=max-age=31556926; includeSubDomains; preload, stripe-version=2019-02-19} response={"amount":"2067","amountCapturable":"0","amountReceived":"0","applicationFeeAmount":"64","captureMethod":"manual","charges":{"hasMore":false,"totalCount":0},"clientSecret":"pi_3KCBRnHnmbEF7f1O0s4JmlBI_secret_Q6qLCkWY51AkegLEi6iOMPwXU","created":"1640820043","currency":"usd","id":"pi_3KCBRnHnmbEF7f1O0s4JmlBI","livemode":true,"metadata":{"ORDER_ID":"661106372242493440","CHANNEL":"Counter POS","ORDER_CODE":"10272481","SHOP_ID":"653658833708826112","BUYER_ID":"GUEST"},"status":"requires_payment_method"}"
12-29 18:20:44.960   889  1263 W SurfaceFlinger: Attempting to set client state on removed layer: io.ubt.alaeat.pos.t2.yomie/io.ubt.alaeat.pos.module_dine_in.acitivity.PaymentActivity#1
12-29 18:20:44.960   889  1263 W SurfaceFlinger: Attempting to destroy on removed layer: io.ubt.alaeat.pos.t2.yomie/io.ubt.alaeat.pos.module_dine_in.acitivity.PaymentActivity#1
12-29 18:20:44.961   889   889 I ConfigStore: android::hardware::configstore::V1_0::ISurfaceFlingerConfigs::hasHDRDisplay retrieved: 0
12-29 18:20:44.961   889   889 I chatty  : uid=1000(system) /system/bin/surfaceflinger identical 2 lines
12-29 18:20:44.962   889   889 I ConfigStore: android::hardware::configstore::V1_0::ISurfaceFlingerConfigs::hasHDRDisplay retrieved: 0
12-29 18:20:44.966  2290  3351 D StripeTerminal: class=Terminal message=collectPaymentMethod
12-29 18:20:44.967  2290  3351 D StripeTerminal: class=ProxyTerminalListener message=onPaymentStatusChange(WAITING_FOR_INPUT)
12-29 18:20:44.970  2290  3351 D StripeTerminal: class=BbposAdapter message=collectPaymentMethod amount="Amount(value=2067, currencyCode=usd)" type=com.stripe.stripeterminal.internal.common.PaymentMethodCollectionType$Sale@ebd3e22
12-29 18:20:44.970  2290  3351 I StripeTerminal: class=TransactionManager message=startPaymentMethod
12-29 18:20:44.971  2290  3351 I StripeTerminal: class=TransactionStateMachine message="onStateChanged: EMPTY -> COLLECT: Payment method requested"
12-29 18:20:44.971  2290  3351 I BBPOSReaderController: enableDevice
12-29 18:20:44.972  2290  3351 D StripeTerminal: class=BBPOSDeviceControllerImpl message=startEmv
12-29 18:20:44.973  2290  3405 D BluetoothDevice: mAddress: CC:D3:1E:68:ED:B3
12-29 18:20:44.974  1429  1440 D BtGatt.GattService: writeCharacteristic() - address=CC:D3:1E:68:ED:B3
12-29 18:20:44.974   667   667 D vendor.qti.bluetooth@1.0-ibs_handler: SerialClockVote: vote for UART CLK ON
12-29 18:20:44.975   667   667 D vendor.qti.bluetooth@1.0-wake_lock: Acquire wakelock is acquired 
12-29 18:20:44.975   667   667 I vendor.qti.bluetooth@1.0-ibs_handler: DeviceWakeUp: Writing IBS_WAKE_IND
12-29 18:20:44.978   889   889 I ConfigStore: android::hardware::configstore::V1_0::ISurfaceFlingerConfigs::hasHDRDisplay retrieved: 0
12-29 18:20:44.978   667  2329 I vendor.qti.bluetooth@1.0-ibs_handler: ProcessIbsCmd: Received IBS_WAKE_ACK: 0xFC
12-29 18:20:44.978   889   889 I ConfigStore: android::hardware::configstore::V1_0::ISurfaceFlingerConfigs::hasHDRDisplay retrieved: 0
12-29 18:20:44.978   889   889 I chatty  : uid=1000(system) /system/bin/surfaceflinger identical 1 line
12-29 18:20:44.979   889   889 I ConfigStore: android::hardware::configstore::V1_0::ISurfaceFlingerConfigs::hasHDRDisplay retrieved: 0
12-29 18:20:44.989   667  2329 I vendor.qti.bluetooth@1.0-ibs_handler: ProcessIbsCmd: Received IBS_WAKE_IND: 0xFD
12-29 18:20:44.989   667  2329 I vendor.qti.bluetooth@1.0-ibs_handler: ProcessIbsCmd: Writing IBS_WAKE_ACK
12-29 18:20:45.002  1429  1489 D BtGatt.GattService: onWriteCharacteristic() - address=CC:D3:1E:68:ED:B3, status=0
12-29 18:20:45.003  2290  3409 D BluetoothDevice: mAddress: CC:D3:1E:68:ED:B3
12-29 18:20:45.033  1429  2332 E bt_btif : bta_gattc_process_indicate, ignore HID ind/notificiation
12-29 18:20:45.033  1429  1489 D BtGatt.GattService: onNotify() - address=CC:D3:1E:68:ED:B3, handle=42, length=14
12-29 18:20:45.033  2290  3409 D BluetoothDevice: mAddress: CC:D3:1E:68:ED:B3
12-29 18:20:45.059   674   674 W SDM     : HWPrimary::PopulateDisplayAttributes: Driver doesn't report panel physical width and height - defaulting to 320dpi
12-29 18:20:45.060   889   889 I ConfigStore: android::hardware::configstore::V1_0::ISurfaceFlingerConfigs::hasHDRDisplay retrieved: 0
12-29 18:20:45.060   889   889 I chatty  : uid=1000(system) /system/bin/surfaceflinger identical 2 lines
12-29 18:20:45.061   889   889 I ConfigStore: android::hardware::configstore::V1_0::ISurfaceFlingerConfigs::hasHDRDisplay retrieved: 0
12-29 18:20:45.072   667  2329 I vendor.qti.bluetooth@1.0-ibs_handler: ProcessIbsCmd: Received IBS_SLEEP_IND: 0xFE
12-29 18:20:45.257   667  2329 I vendor.qti.bluetooth@1.0-ibs_handler: ProcessIbsCmd: Received IBS_WAKE_IND: 0xFD
12-29 18:20:45.257   667  2329 I vendor.qti.bluetooth@1.0-ibs_handler: ProcessIbsCmd: Writing IBS_WAKE_ACK
12-29 18:20:45.258  1429  2332 E bt_btif : bta_gattc_process_indicate, ignore HID ind/notificiation
12-29 18:20:45.258  1429  1489 D BtGatt.GattService: onNotify() - address=CC:D3:1E:68:ED:B3, handle=42, length=15
12-29 18:20:45.258  2290  3409 D BluetoothDevice: mAddress: CC:D3:1E:68:ED:B3
12-29 18:20:45.266  2290  3404 D BluetoothDevice: mAddress: CC:D3:1E:68:ED:B3
12-29 18:20:45.267  1429  1440 D BtGatt.GattService: writeCharacteristic() - address=CC:D3:1E:68:ED:B3
12-29 18:20:45.287  1429  1489 D BtGatt.GattService: onWriteCharacteristic() - address=CC:D3:1E:68:ED:B3, status=0
12-29 18:20:45.288  2290  3409 D BluetoothDevice: mAddress: CC:D3:1E:68:ED:B3
12-29 18:20:45.288  2290  2290 I StripeTerminal: class=BBPOSTransactionListener message="onRequestDisplayText PRESENT_CARD"
12-29 18:20:45.303  1429  2332 E bt_btif : bta_gattc_process_indicate, ignore HID ind/notificiation
12-29 18:20:45.303  1429  1489 D BtGatt.GattService: onNotify() - address=CC:D3:1E:68:ED:B3, handle=42, length=15
12-29 18:20:45.303  2290  3409 D BluetoothDevice: mAddress: CC:D3:1E:68:ED:B3
12-29 18:20:45.304  2290  3404 D BluetoothDevice: mAddress: CC:D3:1E:68:ED:B3
12-29 18:20:45.304  1429  1440 D BtGatt.GattService: writeCharacteristic() - address=CC:D3:1E:68:ED:B3
12-29 18:20:45.332  1429  1489 D BtGatt.GattService: onWriteCharacteristic() - address=CC:D3:1E:68:ED:B3, status=0
12-29 18:20:45.333  2290  3409 D BluetoothDevice: mAddress: CC:D3:1E:68:ED:B3
12-29 18:20:45.333  2290  2290 I StripeTerminal: class=BBPOSTransactionListener message="onWaitingForCard SWIPE_OR_INSERT_OR_TAP"
12-29 18:20:45.333  2290  2290 I StripeTerminal: class=ProxyReaderListener message="onRequestReaderInput(Swipe / Insert / Tap)"
12-29 18:20:45.338  2290  2290 I CombinedKernelInterface: reset
12-29 18:20:45.355   889  1727 D SurfaceFlinger: duplicate layer name: changing Sys2038:io.ubt.alaeat.pos.t2.yomie/io.ubt.alaeat.pos.module_dine_in.acitivity.PaymentActivity to Sys2038:io.ubt.alaeat.pos.t2.yomie/io.ubt.alaeat.pos.module_dine_in.acitivity.PaymentActivity#1
12-29 18:20:45.360   674   674 W SDM     : HWPrimary::PopulateDisplayAttributes: Driver doesn't report panel physical width and height - defaulting to 320dpi
12-29 18:20:45.361   889   889 I ConfigStore: android::hardware::configstore::V1_0::ISurfaceFlingerConfigs::hasHDRDisplay retrieved: 0
12-29 18:20:45.362   889   889 I chatty  : uid=1000(system) /system/bin/surfaceflinger identical 2 lines
12-29 18:20:45.362   889   889 I ConfigStore: android::hardware::configstore::V1_0::ISurfaceFlingerConfigs::hasHDRDisplay retrieved: 0
12-29 18:20:45.372   667  2329 I vendor.qti.bluetooth@1.0-ibs_handler: ProcessIbsCmd: Received IBS_SLEEP_IND: 0xFE
12-29 18:20:45.378   889   889 I ConfigStore: android::hardware::configstore::V1_0::ISurfaceFlingerConfigs::hasHDRDisplay retrieved: 0
12-29 18:20:45.477   889   889 I chatty  : uid=1000(system) /system/bin/surfaceflinger identical 32 lines
12-29 18:20:45.478   889   889 I ConfigStore: android::hardware::configstore::V1_0::ISurfaceFlingerConfigs::hasHDRDisplay retrieved: 0
12-29 18:20:45.478  1288  1393 D calculateSignalLevel: wifi-level: -45
12-29 18:20:45.478   889   889 I ConfigStore: android::hardware::configstore::V1_0::ISurfaceFlingerConfigs::hasHDRDisplay retrieved: 0
12-29 18:20:45.661   889   889 I chatty  : uid=1000(system) /system/bin/surfaceflinger identical 54 lines
12-29 18:20:45.661   889   889 I ConfigStore: android::hardware::configstore::V1_0::ISurfaceFlingerConfigs::hasHDRDisplay retrieved: 0
12-29 18:20:46.305   667  2335 I vendor.qti.bluetooth@1.0-ibs_handler: DeviceSleep: TX Awake, Sending SLEEP_IND
12-29 18:20:46.305   667  2335 D vendor.qti.bluetooth@1.0-ibs_handler: SerialClockVote: vote for UART CLK OFF
12-29 18:20:46.455   667  1832 D vendor.qti.bluetooth@1.0-wake_lock: Release wakelock is released 
12-29 18:20:46.510   889   889 I ConfigStore: android::hardware::configstore::V1_0::ISurfaceFlingerConfigs::hasHDRDisplay retrieved: 0
12-29 18:20:46.511   889   889 I chatty  : uid=1000(system) /system/bin/surfaceflinger identical 3 lines
12-29 18:20:46.512   889   889 I ConfigStore: android::hardware::configstore::V1_0::ISurfaceFlingerConfigs::hasHDRDisplay retrieved: 0
12-29 18:20:46.631   664  1410 D audio_hw_primary: out_standby: enter: stream (0xea9c0000) usecase(0: deep-buffer-playback)
12-29 18:20:46.843   664  1410 D audio_hw_primary: disable_audio_route: reset and update mixer path: deep-buffer-playback
12-29 18:20:46.844   664  1410 D soundtrigger: audio_extn_sound_trigger_update_stream_status: uc_info->id 0 of type 0 for Event 2, with Raise=1
12-29 18:20:46.844   664  1410 I sound_trigger_platform: platform_stdev_check_and_update_concurrency: Received STREAM event, event type 2, usecase type 0
12-29 18:20:46.844   664  1410 D sound_trigger_platform: platform_stdev_check_and_update_concurrency: dedicated path 0, reset backend 1, tx 0, rx 0,concurrency session allowed
12-29 18:20:46.844   664  1410 D msm8916_platform: platform_split_snd_device: snd_device(2) num devices(0) new_snd_devices(0)
12-29 18:20:46.844   664  1410 I msm8916_platform: platform_get_custom_mtmx_params: no matching param with id 0 ip_ch 2 op_ch 2 uc_id 0 snd_dev 2
12-29 18:20:46.844   664  1410 D hardware_info: hw_info_append_hw_type : device_name = speaker
12-29 18:20:46.844   664  1410 D audio_hw_primary: disable_snd_device: snd_device(2: speaker)
12-29 18:20:46.844   664  1410 D msm8916_platform: platform_split_snd_device: snd_device(2) num devices(0) new_snd_devices(0)
12-29 18:20:46.854   664  1410 I soundtrigger: audio_extn_sound_trigger_update_device_status: device 0x2 of type 0 for Event 0, with Raise=0
12-29 18:20:46.854   664  1410 D audio_hw_primary: out_standby: exit
12-29 18:20:46.854  1288  1361 D SuperPowerApp: 1041 not found
12-29 18:20:47.818 19066 19066 D improveTouch: [Main:158] Start touch daemon
12-29 18:20:47.819 19066 19066 E improveTouch: [ConfigManager:234] /sys/devices/soc0/chip_name doesn't exist
12-29 18:20:47.819 19066 19066 D improveTouch: [ConfigManager:501] loader file is available. loading it...
12-29 18:20:47.820 19066 19066 D improveTouch: [ConfigManager:405] no custom ID defined
12-29 18:20:47.820 19066 19066 D improveTouch: [ConfigManager:428] GetPktStatus: E
12-29 18:20:47.820 19066 19066 E improveTouch: [ConfigManager:444] can't open /data/vendor/hbtp/pkt_play
12-29 18:20:47.820 19066 19066 D improveTouch: [ConfigManager:448] GetPktStatus: X
12-29 18:20:47.820 19066 19066 I improveTouch: [ConfigManager:546] Data Dir = /data/vendor/hbtp
12-29 18:20:47.820 19066 19066 I improveTouch: [ConfigManager:547] Main Config Dir = /vendor/etc/hbtp
12-29 18:20:47.820 19066 19066 I improveTouch: [ConfigManager:551] ConfigFile = /vendor/etc/hbtp/hbtpcfg_sdm660_800s_qhd.dat
12-29 18:20:47.820 19066 19066 I improveTouch: [ConfigManager:554] UTFLib = libFastRPC_UTF_Forward_skel.so
12-29 18:20:47.820 19066 19066 I improveTouch: [ConfigManager:557] AFEFW = /vendor/etc/hbtp/qtc800s_dsp.bin
12-29 18:20:47.820 19066 19066 I improveTouch: [ConfigManager:560] DSP = adsp
12-29 18:20:47.820 19066 19066 D improveTouch: [TouchController:415] init: E
12-29 18:20:47.820 19066 19066 D improveTouch: [ConfigManager:583] start loading config
12-29 18:20:47.869 19066 19066 D improveTouch: [ConfigManager:675] finished loading config
12-29 18:20:47.870 19066 19066 D improveTouch: [TouchController:454] Power Control Config doesn't exist
12-29 18:20:47.870 19066 19066 D improveTouch: [TouchController:462] Power Sync Option doesn't exist
12-29 18:20:47.870 19066 19066 D improveTouch: [TouchController:464] PowerManager Option = 0
12-29 18:20:47.870 19066 19066 E improveTouch: [InputDevice:61] InputDevice: pixelX: min = 0, max = 1440 pixelY: min = 0, max = 2560
12-29 18:20:47.870 19066 19066 E improveTouch: [InputDevice:65] Unable to open /dev/hbtp_input
12-29 18:20:47.870 19066 19066 E improveTouch: [TouchController:490] Error initializing input device: Error opening file
12-29 18:20:47.870 19066 19066 D improveTouch: [TouchController:1136] CommandExecutor::exit: thread is running, kill it first
12-29 18:20:47.870 19066 19067 D improveTouch: [TouchController:1186] runLoop exits
12-29 18:20:47.870 19066 19066 E improveTouch: [TouchController:522] init failed, ret = 1073741825
12-29 18:20:47.870 19066 19066 E improveTouch: [TouchServer:59] fail to init TouchController: Error opening file
12-29 18:20:47.870 19066 19066 E improveTouch: [TouchServer:69] error happened, clean-up resource and exit
12-29 18:20:47.870 19066 19066 E improveTouch: [TouchServer:71] delete event monitor
12-29 18:20:47.870 19066 19066 E improveTouch: [TouchServer:75] delete controller
12-29 18:20:47.870 19066 19066 E improveTouch: [TouchServer:79] delete touch processor
12-29 18:20:47.870 19066 19066 D improveTouch: [DSPTouchProcessor:807] deInit: E
12-29 18:20:47.870 19066 19066 E improveTouch: [DSPTouchProcessor:823] deInit: invalid state (current = 0)
12-29 18:20:47.870 19066 19066 D improveTouch: [DSPTouchProcessor:827] deInit: X pa_utf_ret = 1, ret = 1073741835
12-29 18:20:47.870 19066 19066 E improveTouch: [TouchServer:83] delete event injector
12-29 18:20:47.870 19066 19066 E improveTouch: [TouchServer:87] delete config management
12-29 18:20:47.870 19066 19066 E improveTouch: [TouchServer:90] fail to start daemon
12-29 18:20:47.870 19066 19066 E improveTouch: [Main:169] fail to initiate touch server
12-29 18:20:48.489  1288  1393 D calculateSignalLevel: wifi-level: -43
12-29 18:20:50.527   889   889 I ConfigStore: android::hardware::configstore::V1_0::ISurfaceFlingerConfigs::hasHDRDisplay retrieved: 0
12-29 18:20:50.528   889   889 I chatty  : uid=1000(system) /system/bin/surfaceflinger identical 3 lines
12-29 18:20:50.528   889   889 I ConfigStore: android::hardware::configstore::V1_0::ISurfaceFlingerConfigs::hasHDRDisplay retrieved: 0
12-29 18:20:51.493  1288  1393 D calculateSignalLevel: wifi-level: -43
12-29 18:20:51.527   889   889 I ConfigStore: android::hardware::configstore::V1_0::ISurfaceFlingerConfigs::hasHDRDisplay retrieved: 0
12-29 18:20:51.528   889   889 I chatty  : uid=1000(system) /system/bin/surfaceflinger identical 3 lines
12-29 18:20:51.528   889   889 I ConfigStore: android::hardware::configstore::V1_0::ISurfaceFlingerConfigs::hasHDRDisplay retrieved: 0
12-29 18:20:52.824 19073 19073 D improveTouch: [Main:158] Start touch daemon
12-29 18:20:52.825 19073 19073 E improveTouch: [ConfigManager:234] /sys/devices/soc0/chip_name doesn't exist
12-29 18:20:52.825 19073 19073 D improveTouch: [ConfigManager:501] loader file is available. loading it...
12-29 18:20:52.826 19073 19073 D improveTouch: [ConfigManager:405] no custom ID defined
12-29 18:20:52.826 19073 19073 D improveTouch: [ConfigManager:428] GetPktStatus: E
12-29 18:20:52.826 19073 19073 E improveTouch: [ConfigManager:444] can't open /data/vendor/hbtp/pkt_play
12-29 18:20:52.826 19073 19073 D improveTouch: [ConfigManager:448] GetPktStatus: X
12-29 18:20:52.826 19073 19073 I improveTouch: [ConfigManager:546] Data Dir = /data/vendor/hbtp
12-29 18:20:52.826 19073 19073 I improveTouch: [ConfigManager:547] Main Config Dir = /vendor/etc/hbtp
12-29 18:20:52.826 19073 19073 I improveTouch: [ConfigManager:551] ConfigFile = /vendor/etc/hbtp/hbtpcfg_sdm660_800s_qhd.dat
12-29 18:20:52.826 19073 19073 I improveTouch: [ConfigManager:554] UTFLib = libFastRPC_UTF_Forward_skel.so
12-29 18:20:52.826 19073 19073 I improveTouch: [ConfigManager:557] AFEFW = /vendor/etc/hbtp/qtc800s_dsp.bin
12-29 18:20:52.826 19073 19073 I improveTouch: [ConfigManager:560] DSP = adsp
12-29 18:20:52.826 19073 19073 D improveTouch: [TouchController:415] init: E
12-29 18:20:52.826 19073 19073 D improveTouch: [ConfigManager:583] start loading config
12-29 18:20:52.872 19073 19073 D improveTouch: [ConfigManager:675] finished loading config
12-29 18:20:52.874 19073 19073 D improveTouch: [TouchController:454] Power Control Config doesn't exist
12-29 18:20:52.874 19073 19073 D improveTouch: [TouchController:462] Power Sync Option doesn't exist
12-29 18:20:52.874 19073 19073 D improveTouch: [TouchController:464] PowerManager Option = 0
12-29 18:20:52.874 19073 19073 E improveTouch: [InputDevice:61] InputDevice: pixelX: min = 0, max = 1440 pixelY: min = 0, max = 2560
12-29 18:20:52.874 19073 19073 E improveTouch: [InputDevice:65] Unable to open /dev/hbtp_input
12-29 18:20:52.874 19073 19073 E improveTouch: [TouchController:490] Error initializing input device: Error opening file
12-29 18:20:52.874 19073 19073 D improveTouch: [TouchController:1136] CommandExecutor::exit: thread is running, kill it first
12-29 18:20:52.874 19073 19074 D improveTouch: [TouchController:1186] runLoop exits
12-29 18:20:52.874 19073 19073 E improveTouch: [TouchController:522] init failed, ret = 1073741825
12-29 18:20:52.874 19073 19073 E improveTouch: [TouchServer:59] fail to init TouchController: Error opening file
12-29 18:20:52.874 19073 19073 E improveTouch: [TouchServer:69] error happened, clean-up resource and exit
12-29 18:20:52.874 19073 19073 E improveTouch: [TouchServer:71] delete event monitor
12-29 18:20:52.874 19073 19073 E improveTouch: [TouchServer:75] delete controller
12-29 18:20:52.874 19073 19073 E improveTouch: [TouchServer:79] delete touch processor
12-29 18:20:52.874 19073 19073 D improveTouch: [DSPTouchProcessor:807] deInit: E
12-29 18:20:52.874 19073 19073 E improveTouch: [DSPTouchProcessor:823] deInit: invalid state (current = 0)
12-29 18:20:52.874 19073 19073 D improveTouch: [DSPTouchProcessor:827] deInit: X pa_utf_ret = 1, ret = 1073741835
12-29 18:20:52.874 19073 19073 E improveTouch: [TouchServer:83] delete event injector
12-29 18:20:52.874 19073 19073 E improveTouch: [TouchServer:87] delete config management
12-29 18:20:52.874 19073 19073 E improveTouch: [TouchServer:90] fail to start daemon
12-29 18:20:52.874 19073 19073 E improveTouch: [Main:169] fail to initiate touch server
12-29 18:20:53.614  1288  1310 D ActivityManager: set woyou.aidlservice.jiuiv5 adj -900
12-29 18:20:54.504  1288  1393 D calculateSignalLevel: wifi-level: -43
12-29 18:20:54.527   889   889 I ConfigStore: android::hardware::configstore::V1_0::ISurfaceFlingerConfigs::hasHDRDisplay retrieved: 0
12-29 18:20:55.545   889   889 I chatty  : uid=1000(system) /system/bin/surfaceflinger identical 8 lines
12-29 18:20:55.545   889   889 I ConfigStore: android::hardware::configstore::V1_0::ISurfaceFlingerConfigs::hasHDRDisplay retrieved: 0
12-29 18:20:57.515  1288  1393 D calculateSignalLevel: wifi-level: -43
12-29 18:20:57.827 19081 19081 D improveTouch: [Main:158] Start touch daemon
12-29 18:20:57.828 19081 19081 E improveTouch: [ConfigManager:234] /sys/devices/soc0/chip_name doesn't exist
12-29 18:20:57.828 19081 19081 D improveTouch: [ConfigManager:501] loader file is available. loading it...
12-29 18:20:57.829 19081 19081 D improveTouch: [ConfigManager:405] no custom ID defined
12-29 18:20:57.829 19081 19081 D improveTouch: [ConfigManager:428] GetPktStatus: E
12-29 18:20:57.829 19081 19081 E improveTouch: [ConfigManager:444] can't open /data/vendor/hbtp/pkt_play
12-29 18:20:57.829 19081 19081 D improveTouch: [ConfigManager:448] GetPktStatus: X
12-29 18:20:57.829 19081 19081 I improveTouch: [ConfigManager:546] Data Dir = /data/vendor/hbtp
12-29 18:20:57.829 19081 19081 I improveTouch: [ConfigManager:547] Main Config Dir = /vendor/etc/hbtp
12-29 18:20:57.829 19081 19081 I improveTouch: [ConfigManager:551] ConfigFile = /vendor/etc/hbtp/hbtpcfg_sdm660_800s_qhd.dat
12-29 18:20:57.829 19081 19081 I improveTouch: [ConfigManager:554] UTFLib = libFastRPC_UTF_Forward_skel.so
12-29 18:20:57.829 19081 19081 I improveTouch: [ConfigManager:557] AFEFW = /vendor/etc/hbtp/qtc800s_dsp.bin
12-29 18:20:57.829 19081 19081 I improveTouch: [ConfigManager:560] DSP = adsp
12-29 18:20:57.829 19081 19081 D improveTouch: [TouchController:415] init: E
12-29 18:20:57.829 19081 19081 D improveTouch: [ConfigManager:583] start loading config
12-29 18:20:57.879 19081 19081 D improveTouch: [ConfigManager:675] finished loading config
12-29 18:20:57.880 19081 19081 D improveTouch: [TouchController:454] Power Control Config doesn't exist
12-29 18:20:57.880 19081 19081 D improveTouch: [TouchController:462] Power Sync Option doesn't exist
12-29 18:20:57.880 19081 19081 D improveTouch: [TouchController:464] PowerManager Option = 0
12-29 18:20:57.880 19081 19081 E improveTouch: [InputDevice:61] InputDevice: pixelX: min = 0, max = 1440 pixelY: min = 0, max = 2560
12-29 18:20:57.880 19081 19081 E improveTouch: [InputDevice:65] Unable to open /dev/hbtp_input
12-29 18:20:57.880 19081 19081 E improveTouch: [TouchController:490] Error initializing input device: Error opening file
12-29 18:20:57.880 19081 19081 D improveTouch: [TouchController:1136] CommandExecutor::exit: thread is running, kill it first
12-29 18:20:57.880 19081 19082 D improveTouch: [TouchController:1186] runLoop exits
12-29 18:20:57.880 19081 19081 E improveTouch: [TouchController:522] init failed, ret = 1073741825
12-29 18:20:57.880 19081 19081 E improveTouch: [TouchServer:59] fail to init TouchController: Error opening file
12-29 18:20:57.880 19081 19081 E improveTouch: [TouchServer:69] error happened, clean-up resource and exit
12-29 18:20:57.880 19081 19081 E improveTouch: [TouchServer:71] delete event monitor
12-29 18:20:57.880 19081 19081 E improveTouch: [TouchServer:75] delete controller
12-29 18:20:57.880 19081 19081 E improveTouch: [TouchServer:79] delete touch processor
12-29 18:20:57.880 19081 19081 D improveTouch: [DSPTouchProcessor:807] deInit: E
12-29 18:20:57.880 19081 19081 E improveTouch: [DSPTouchProcessor:823] deInit: invalid state (current = 0)
12-29 18:20:57.880 19081 19081 D improveTouch: [DSPTouchProcessor:827] deInit: X pa_utf_ret = 1, ret = 1073741835
12-29 18:20:57.880 19081 19081 E improveTouch: [TouchServer:83] delete event injector
12-29 18:20:57.880 19081 19081 E improveTouch: [TouchServer:87] delete config management
12-29 18:20:57.880 19081 19081 E improveTouch: [TouchServer:90] fail to start daemon
12-29 18:20:57.880 19081 19081 E improveTouch: [Main:169] fail to initiate touch server
12-29 18:20:58.423  1288  1311 D ActivityManager: set woyou.aidlservice.jiuiv5 adj -900
12-29 18:20:58.423  1288  1311 D CompatibilityInfo: mCompatibilityFlags - 4
12-29 18:20:58.424  1288  1311 D CompatibilityInfo: applicationDensity - 230
12-29 18:20:58.424  1288  1311 D CompatibilityInfo: applicationScale - 1.0
12-29 18:20:58.426  1288  2455 D ActivityManager: set woyou.aidlservice.jiuiv5 adj -900
12-29 18:21:00.000  1462  1462 D KeyguardUpdateMonitor: received broadcast android.intent.action.TIME_TICK
12-29 18:21:00.000  1462  1462 D KeyguardUpdateMonitor: handleTimeUpdate
12-29 18:20:58.426  1288  2455 D ActivityManager: set woyou.aidlservice.jiuiv5 adj -900
12-29 18:21:00.001  1288  1288 D ActivityManager: set woyou.aidlservice.jiuiv5 adj -900
12-29 18:21:00.001  1288  2004 D ActivityManager: set woyou.aidlservice.jiuiv5 adj -900
12-29 18:21:00.060   889   889 I ConfigStore: android::hardware::configstore::V1_0::ISurfaceFlingerConfigs::hasHDRDisplay retrieved: 0
12-29 18:21:00.078   889   889 I chatty  : uid=1000(system) /system/bin/surfaceflinger identical 8 lines
12-29 18:21:00.078   889   889 I ConfigStore: android::hardware::configstore::V1_0::ISurfaceFlingerConfigs::hasHDRDisplay retrieved: 0
12-29 18:21:00.526  1288  1393 D calculateSignalLevel: wifi-level: -41
12-29 18:21:00.560   889   889 I ConfigStore: android::hardware::configstore::V1_0::ISurfaceFlingerConfigs::hasHDRDisplay retrieved: 0
12-29 18:21:01.561   889   889 I chatty  : uid=1000(system) /system/bin/surfaceflinger identical 8 lines
12-29 18:21:01.561   889   889 I ConfigStore: android::hardware::configstore::V1_0::ISurfaceFlingerConfigs::hasHDRDisplay retrieved: 0
12-29 18:21:02.831 19088 19088 D improveTouch: [Main:158] Start touch daemon
12-29 18:21:02.832 19088 19088 E improveTouch: [ConfigManager:234] /sys/devices/soc0/chip_name doesn't exist
12-29 18:21:02.832 19088 19088 D improveTouch: [ConfigManager:501] loader file is available. loading it...
12-29 18:21:02.833 19088 19088 D improveTouch: [ConfigManager:405] no custom ID defined
12-29 18:21:02.833 19088 19088 D improveTouch: [ConfigManager:428] GetPktStatus: E
12-29 18:21:02.833 19088 19088 E improveTouch: [ConfigManager:444] can't open /data/vendor/hbtp/pkt_play
12-29 18:21:02.833 19088 19088 D improveTouch: [ConfigManager:448] GetPktStatus: X
12-29 18:21:02.833 19088 19088 I improveTouch: [ConfigManager:546] Data Dir = /data/vendor/hbtp
12-29 18:21:02.833 19088 19088 I improveTouch: [ConfigManager:547] Main Config Dir = /vendor/etc/hbtp
12-29 18:21:02.833 19088 19088 I improveTouch: [ConfigManager:551] ConfigFile = /vendor/etc/hbtp/hbtpcfg_sdm660_800s_qhd.dat
12-29 18:21:02.833 19088 19088 I improveTouch: [ConfigManager:554] UTFLib = libFastRPC_UTF_Forward_skel.so
12-29 18:21:02.833 19088 19088 I improveTouch: [ConfigManager:557] AFEFW = /vendor/etc/hbtp/qtc800s_dsp.bin
12-29 18:21:02.833 19088 19088 I improveTouch: [ConfigManager:560] DSP = adsp
12-29 18:21:02.833 19088 19088 D improveTouch: [TouchController:415] init: E
12-29 18:21:02.833 19088 19088 D improveTouch: [ConfigManager:583] start loading config
12-29 18:21:02.879 19088 19088 D improveTouch: [ConfigManager:675] finished loading config
12-29 18:21:02.880 19088 19088 D improveTouch: [TouchController:454] Power Control Config doesn't exist
12-29 18:21:02.880 19088 19088 D improveTouch: [TouchController:462] Power Sync Option doesn't exist
12-29 18:21:02.880 19088 19088 D improveTouch: [TouchController:464] PowerManager Option = 0
12-29 18:21:02.880 19088 19088 E improveTouch: [InputDevice:61] InputDevice: pixelX: min = 0, max = 1440 pixelY: min = 0, max = 2560
12-29 18:21:02.880 19088 19088 E improveTouch: [InputDevice:65] Unable to open /dev/hbtp_input
12-29 18:21:02.880 19088 19088 E improveTouch: [TouchController:490] Error initializing input device: Error opening file
12-29 18:21:02.880 19088 19088 D improveTouch: [TouchController:1136] CommandExecutor::exit: thread is running, kill it first
12-29 18:21:02.881 19088 19089 D improveTouch: [TouchController:1186] runLoop exits
12-29 18:21:02.881 19088 19088 E improveTouch: [TouchController:522] init failed, ret = 1073741825
12-29 18:21:02.881 19088 19088 E improveTouch: [TouchServer:59] fail to init TouchController: Error opening file
12-29 18:21:02.881 19088 19088 E improveTouch: [TouchServer:69] error happened, clean-up resource and exit
12-29 18:21:02.881 19088 19088 E improveTouch: [TouchServer:71] delete event monitor
12-29 18:21:02.881 19088 19088 E improveTouch: [TouchServer:75] delete controller
12-29 18:21:02.881 19088 19088 E improveTouch: [TouchServer:79] delete touch processor
12-29 18:21:02.881 19088 19088 D improveTouch: [DSPTouchProcessor:807] deInit: E
12-29 18:21:02.881 19088 19088 E improveTouch: [DSPTouchProcessor:823] deInit: invalid state (current = 0)
12-29 18:21:02.881 19088 19088 D improveTouch: [DSPTouchProcessor:827] deInit: X pa_utf_ret = 1, ret = 1073741835
12-29 18:21:02.881 19088 19088 E improveTouch: [TouchServer:83] delete event injector
12-29 18:21:02.881 19088 19088 E improveTouch: [TouchServer:87] delete config management
12-29 18:21:02.881 19088 19088 E improveTouch: [TouchServer:90] fail to start daemon
12-29 18:21:02.881 19088 19088 E improveTouch: [Main:169] fail to initiate touch server
12-29 18:21:03.542  1288  1393 D calculateSignalLevel: wifi-level: -41
12-29 18:21:00.034  1288  2004 I chatty  : uid=1000(system) Binder:1288_8 identical 16 lines
