12-29 18:22:17.948 19193 19193 D improveTouch: [TouchController:462] Power Sync Option doesn't exist
12-29 18:22:17.948 19193 19193 D improveTouch: [TouchController:464] PowerManager Option = 0
12-29 18:22:17.948 19193 19193 E improveTouch: [InputDevice:61] InputDevice: pixelX: min = 0, max = 1440 pixelY: min = 0, max = 2560
12-29 18:22:17.948 19193 19193 E improveTouch: [InputDevice:65] Unable to open /dev/hbtp_input
12-29 18:22:17.948 19193 19193 E improveTouch: [TouchController:490] Error initializing input device: Error opening file
12-29 18:22:17.948 19193 19193 D improveTouch: [TouchController:1136] CommandExecutor::exit: thread is running, kill it first
12-29 18:22:17.948 19193 19194 D improveTouch: [TouchController:1186] runLoop exits
12-29 18:22:17.948 19193 19193 E improveTouch: [TouchController:522] init failed, ret = 1073741825
12-29 18:22:17.948 19193 19193 E improveTouch: [TouchServer:59] fail to init TouchController: Error opening file
12-29 18:22:17.948 19193 19193 E improveTouch: [TouchServer:69] error happened, clean-up resource and exit
12-29 18:22:17.948 19193 19193 E improveTouch: [TouchServer:71] delete event monitor
12-29 18:22:17.948 19193 19193 E improveTouch: [TouchServer:75] delete controller
12-29 18:22:17.948 19193 19193 E improveTouch: [TouchServer:79] delete touch processor
12-29 18:22:17.948 19193 19193 D improveTouch: [DSPTouchProcessor:807] deInit: E
12-29 18:22:17.948 19193 19193 E improveTouch: [DSPTouchProcessor:823] deInit: invalid state (current = 0)
12-29 18:22:17.948 19193 19193 D improveTouch: [DSPTouchProcessor:827] deInit: X pa_utf_ret = 1, ret = 1073741835
12-29 18:22:17.948 19193 19193 E improveTouch: [TouchServer:83] delete event injector
12-29 18:22:17.948 19193 19193 E improveTouch: [TouchServer:87] delete config management
12-29 18:22:17.948 19193 19193 E improveTouch: [TouchServer:90] fail to start daemon
12-29 18:22:17.948 19193 19193 E improveTouch: [Main:169] fail to initiate touch server
12-29 18:22:18.851  1288  1393 D calculateSignalLevel: wifi-level: -42
12-29 18:22:21.882  1288  1393 D calculateSignalLevel: wifi-level: -42
12-29 18:22:22.905 19200 19200 D improveTouch: [Main:158] Start touch daemon
12-29 18:22:22.906 19200 19200 E improveTouch: [ConfigManager:234] /sys/devices/soc0/chip_name doesn't exist
12-29 18:22:22.906 19200 19200 D improveTouch: [ConfigManager:501] loader file is available. loading it...
12-29 18:22:22.907 19200 19200 D improveTouch: [ConfigManager:405] no custom ID defined
12-29 18:22:22.907 19200 19200 D improveTouch: [ConfigManager:428] GetPktStatus: E
12-29 18:22:22.907 19200 19200 E improveTouch: [ConfigManager:444] can't open /data/vendor/hbtp/pkt_play
12-29 18:22:22.907 19200 19200 D improveTouch: [ConfigManager:448] GetPktStatus: X
12-29 18:22:22.907 19200 19200 I improveTouch: [ConfigManager:546] Data Dir = /data/vendor/hbtp
12-29 18:22:22.907 19200 19200 I improveTouch: [ConfigManager:547] Main Config Dir = /vendor/etc/hbtp
12-29 18:22:22.907 19200 19200 I improveTouch: [ConfigManager:551] ConfigFile = /vendor/etc/hbtp/hbtpcfg_sdm660_800s_qhd.dat
12-29 18:22:22.907 19200 19200 I improveTouch: [ConfigManager:554] UTFLib = libFastRPC_UTF_Forward_skel.so
12-29 18:22:22.907 19200 19200 I improveTouch: [ConfigManager:557] AFEFW = /vendor/etc/hbtp/qtc800s_dsp.bin
12-29 18:22:22.907 19200 19200 I improveTouch: [ConfigManager:560] DSP = adsp
12-29 18:22:22.907 19200 19200 D improveTouch: [TouchController:415] init: E
12-29 18:22:22.907 19200 19200 D improveTouch: [ConfigManager:583] start loading config
12-29 18:22:22.952 19200 19200 D improveTouch: [ConfigManager:675] finished loading config
12-29 18:22:22.953 19200 19200 D improveTouch: [TouchController:454] Power Control Config doesn't exist
12-29 18:22:22.953 19200 19200 D improveTouch: [TouchController:462] Power Sync Option doesn't exist
12-29 18:22:22.953 19200 19200 D improveTouch: [TouchController:464] PowerManager Option = 0
12-29 18:22:22.953 19200 19200 E improveTouch: [InputDevice:61] InputDevice: pixelX: min = 0, max = 1440 pixelY: min = 0, max = 2560
12-29 18:22:22.953 19200 19200 E improveTouch: [InputDevice:65] Unable to open /dev/hbtp_input
12-29 18:22:22.953 19200 19200 E improveTouch: [TouchController:490] Error initializing input device: Error opening file
12-29 18:22:22.953 19200 19200 D improveTouch: [TouchController:1136] CommandExecutor::exit: thread is running, kill it first
12-29 18:22:22.953 19200 19201 D improveTouch: [TouchController:1186] runLoop exits
12-29 18:22:22.953 19200 19200 E improveTouch: [TouchController:522] init failed, ret = 1073741825
12-29 18:22:22.953 19200 19200 E improveTouch: [TouchServer:59] fail to init TouchController: Error opening file
12-29 18:22:22.953 19200 19200 E improveTouch: [TouchServer:69] error happened, clean-up resource and exit
12-29 18:22:22.953 19200 19200 E improveTouch: [TouchServer:71] delete event monitor
12-29 18:22:22.953 19200 19200 E improveTouch: [TouchServer:75] delete controller
12-29 18:22:22.953 19200 19200 E improveTouch: [TouchServer:79] delete touch processor
12-29 18:22:22.953 19200 19200 D improveTouch: [DSPTouchProcessor:807] deInit: E
12-29 18:22:22.953 19200 19200 E improveTouch: [DSPTouchProcessor:823] deInit: invalid state (current = 0)
12-29 18:22:22.953 19200 19200 D improveTouch: [DSPTouchProcessor:827] deInit: X pa_utf_ret = 1, ret = 1073741835
12-29 18:22:22.953 19200 19200 E improveTouch: [TouchServer:83] delete event injector
12-29 18:22:22.953 19200 19200 E improveTouch: [TouchServer:87] delete config management
12-29 18:22:22.954 19200 19200 E improveTouch: [TouchServer:90] fail to start daemon
12-29 18:22:22.954 19200 19200 E improveTouch: [Main:169] fail to initiate touch server
12-29 18:22:23.910   889   889 I ConfigStore: android::hardware::configstore::V1_0::ISurfaceFlingerConfigs::hasHDRDisplay retrieved: 0
12-29 18:22:23.912   889   889 I chatty  : uid=1000(system) /system/bin/surfaceflinger identical 3 lines
12-29 18:22:23.912   889   889 I ConfigStore: android::hardware::configstore::V1_0::ISurfaceFlingerConfigs::hasHDRDisplay retrieved: 0
12-29 18:22:24.893  1288  1393 D calculateSignalLevel: wifi-level: -42
12-29 18:22:24.927   889   889 I ConfigStore: android::hardware::configstore::V1_0::ISurfaceFlingerConfigs::hasHDRDisplay retrieved: 0
12-29 18:22:24.928   889   889 I chatty  : uid=1000(system) /system/bin/surfaceflinger identical 3 lines
12-29 18:22:24.928   889   889 I ConfigStore: android::hardware::configstore::V1_0::ISurfaceFlingerConfigs::hasHDRDisplay retrieved: 0
12-29 18:22:27.911 19207 19207 D improveTouch: [Main:158] Start touch daemon
12-29 18:22:27.911 19207 19207 E improveTouch: [ConfigManager:234] /sys/devices/soc0/chip_name doesn't exist
12-29 18:22:27.912 19207 19207 D improveTouch: [ConfigManager:501] loader file is available. loading it...
12-29 18:22:27.912 19207 19207 D improveTouch: [ConfigManager:405] no custom ID defined
12-29 18:22:27.913 19207 19207 D improveTouch: [ConfigManager:428] GetPktStatus: E
12-29 18:22:27.913 19207 19207 E improveTouch: [ConfigManager:444] can't open /data/vendor/hbtp/pkt_play
12-29 18:22:27.913 19207 19207 D improveTouch: [ConfigManager:448] GetPktStatus: X
12-29 18:22:27.913 19207 19207 I improveTouch: [ConfigManager:546] Data Dir = /data/vendor/hbtp
12-29 18:22:27.913 19207 19207 I improveTouch: [ConfigManager:547] Main Config Dir = /vendor/etc/hbtp
12-29 18:22:27.913 19207 19207 I improveTouch: [ConfigManager:551] ConfigFile = /vendor/etc/hbtp/hbtpcfg_sdm660_800s_qhd.dat
12-29 18:22:27.913 19207 19207 I improveTouch: [ConfigManager:554] UTFLib = libFastRPC_UTF_Forward_skel.so
12-29 18:22:27.913 19207 19207 I improveTouch: [ConfigManager:557] AFEFW = /vendor/etc/hbtp/qtc800s_dsp.bin
12-29 18:22:27.913 19207 19207 I improveTouch: [ConfigManager:560] DSP = adsp
12-29 18:22:27.913 19207 19207 D improveTouch: [TouchController:415] init: E
12-29 18:22:27.913 19207 19207 D improveTouch: [ConfigManager:583] start loading config
12-29 18:22:27.924  1288  1393 D calculateSignalLevel: wifi-level: -43
12-29 18:22:27.958 19207 19207 D improveTouch: [ConfigManager:675] finished loading config
12-29 18:22:27.959 19207 19207 D improveTouch: [TouchController:454] Power Control Config doesn't exist
12-29 18:22:27.959 19207 19207 D improveTouch: [TouchController:462] Power Sync Option doesn't exist
12-29 18:22:27.959 19207 19207 D improveTouch: [TouchController:464] PowerManager Option = 0
12-29 18:22:27.959 19207 19207 E improveTouch: [InputDevice:61] InputDevice: pixelX: min = 0, max = 1440 pixelY: min = 0, max = 2560
12-29 18:22:27.959 19207 19207 E improveTouch: [InputDevice:65] Unable to open /dev/hbtp_input
12-29 18:22:27.959 19207 19207 E improveTouch: [TouchController:490] Error initializing input device: Error opening file
12-29 18:22:27.959 19207 19207 D improveTouch: [TouchController:1136] CommandExecutor::exit: thread is running, kill it first
12-29 18:22:27.959 19207 19208 D improveTouch: [TouchController:1186] runLoop exits
12-29 18:22:27.959 19207 19207 E improveTouch: [TouchController:522] init failed, ret = 1073741825
12-29 18:22:27.959 19207 19207 E improveTouch: [TouchServer:59] fail to init TouchController: Error opening file
12-29 18:22:27.959 19207 19207 E improveTouch: [TouchServer:69] error happened, clean-up resource and exit
12-29 18:22:27.959 19207 19207 E improveTouch: [TouchServer:71] delete event monitor
12-29 18:22:27.959 19207 19207 E improveTouch: [TouchServer:75] delete controller
12-29 18:22:27.959 19207 19207 E improveTouch: [TouchServer:79] delete touch processor
12-29 18:22:27.959 19207 19207 D improveTouch: [DSPTouchProcessor:807] deInit: E
12-29 18:22:27.959 19207 19207 E improveTouch: [DSPTouchProcessor:823] deInit: invalid state (current = 0)
12-29 18:22:27.959 19207 19207 D improveTouch: [DSPTouchProcessor:827] deInit: X pa_utf_ret = 1, ret = 1073741835
12-29 18:22:27.959 19207 19207 E improveTouch: [TouchServer:83] delete event injector
12-29 18:22:27.959 19207 19207 E improveTouch: [TouchServer:87] delete config management
12-29 18:22:27.959 19207 19207 E improveTouch: [TouchServer:90] fail to start daemon
12-29 18:22:27.959 19207 19207 E improveTouch: [Main:169] fail to initiate touch server
12-29 18:22:27.961  1288  1311 D ActivityManager: set woyou.aidlservice.jiuiv5 adj -900
12-29 18:22:27.961  1288  1311 D CompatibilityInfo: mCompatibilityFlags - 4
12-29 18:22:27.961  1288  1311 D CompatibilityInfo: applicationDensity - 230
12-29 18:22:27.961  1288  1311 D CompatibilityInfo: applicationScale - 1.0
12-29 18:22:27.963  1288  2455 D CompatibilityInfo: mCompatibilityFlags - 4
12-29 18:22:27.963  1288  2455 D CompatibilityInfo: applicationDensity - 230
12-29 18:22:27.963  1288  2455 D CompatibilityInfo: applicationScale - 1.0
12-29 18:22:27.964  1288  2455 D ActivityManager: set woyou.aidlservice.jiuiv5 adj -900
12-29 18:22:28.960   889   889 I ConfigStore: android::hardware::configstore::V1_0::ISurfaceFlingerConfigs::hasHDRDisplay retrieved: 0
12-29 18:22:28.962   889   889 I chatty  : uid=1000(system) /system/bin/surfaceflinger identical 3 lines
12-29 18:22:28.962   889   889 I ConfigStore: android::hardware::configstore::V1_0::ISurfaceFlingerConfigs::hasHDRDisplay retrieved: 0
12-29 18:22:30.419  1288  2004 D WificondControl: Scan result ready event
12-29 18:22:30.419  1035  1541 I LOWI-8.6.0.33: [LOWI-Scan] lowi_close_record:Scan done in 30811692ms, 11 APs in scan results
12-29 18:22:30.419  1035  1077 I LOWI-8.6.0.33: [LOWIUtils] responseToOutPostcard - TO: XT-CS, FROM:   LOWI-SERVER, RESP:  LOWI_ASYNC_DISCOVERY_SCAN_RESULTS
12-29 18:22:30.420  1035  1077 I LOWI-8.6.0.33: [LOWIUtils] responseToOutPostcard - TO: GTP-FDAL, FROM:   LOWI-SERVER, RESP:  LOWI_ASYNC_DISCOVERY_SCAN_RESULTS
12-29 18:22:30.420  1038  1105 W XTCC-6.2.0.6: [WifiScanner] WiFi scan result : [11] AP's, async result: 1
12-29 18:22:30.935  1288  1393 D calculateSignalLevel: wifi-level: -41
12-29 18:22:32.916 19217 19217 D improveTouch: [Main:158] Start touch daemon
12-29 18:22:32.916 19217 19217 E improveTouch: [ConfigManager:234] /sys/devices/soc0/chip_name doesn't exist
12-29 18:22:32.916 19217 19217 D improveTouch: [ConfigManager:501] loader file is available. loading it...
12-29 18:22:32.917 19217 19217 D improveTouch: [ConfigManager:405] no custom ID defined
12-29 18:22:32.917 19217 19217 D improveTouch: [ConfigManager:428] GetPktStatus: E
12-29 18:22:32.917 19217 19217 E improveTouch: [ConfigManager:444] can't open /data/vendor/hbtp/pkt_play
12-29 18:22:32.917 19217 19217 D improveTouch: [ConfigManager:448] GetPktStatus: X
12-29 18:22:32.917 19217 19217 I improveTouch: [ConfigManager:546] Data Dir = /data/vendor/hbtp
12-29 18:22:32.917 19217 19217 I improveTouch: [ConfigManager:547] Main Config Dir = /vendor/etc/hbtp
12-29 18:22:32.917 19217 19217 I improveTouch: [ConfigManager:551] ConfigFile = /vendor/etc/hbtp/hbtpcfg_sdm660_800s_qhd.dat
12-29 18:22:32.917 19217 19217 I improveTouch: [ConfigManager:554] UTFLib = libFastRPC_UTF_Forward_skel.so
12-29 18:22:32.917 19217 19217 I improveTouch: [ConfigManager:557] AFEFW = /vendor/etc/hbtp/qtc800s_dsp.bin
12-29 18:22:32.917 19217 19217 I improveTouch: [ConfigManager:560] DSP = adsp
12-29 18:22:32.917 19217 19217 D improveTouch: [TouchController:415] init: E
12-29 18:22:32.917 19217 19217 D improveTouch: [ConfigManager:583] start loading config
12-29 18:22:32.963 19217 19217 D improveTouch: [ConfigManager:675] finished loading config
12-29 18:22:32.964 19217 19217 D improveTouch: [TouchController:454] Power Control Config doesn't exist
12-29 18:22:32.964 19217 19217 D improveTouch: [TouchController:462] Power Sync Option doesn't exist
12-29 18:22:32.964 19217 19217 D improveTouch: [TouchController:464] PowerManager Option = 0
12-29 18:22:32.964 19217 19217 E improveTouch: [InputDevice:61] InputDevice: pixelX: min = 0, max = 1440 pixelY: min = 0, max = 2560
12-29 18:22:32.964 19217 19217 E improveTouch: [InputDevice:65] Unable to open /dev/hbtp_input
12-29 18:22:32.964 19217 19217 E improveTouch: [TouchController:490] Error initializing input device: Error opening file
12-29 18:22:32.964 19217 19217 D improveTouch: [TouchController:1136] CommandExecutor::exit: thread is running, kill it first
12-29 18:22:32.964 19217 19218 D improveTouch: [TouchController:1186] runLoop exits
12-29 18:22:32.964 19217 19217 E improveTouch: [TouchController:522] init failed, ret = 1073741825
12-29 18:22:32.965 19217 19217 E improveTouch: [TouchServer:59] fail to init TouchController: Error opening file
12-29 18:22:32.965 19217 19217 E improveTouch: [TouchServer:69] error happened, clean-up resource and exit
12-29 18:22:32.965 19217 19217 E improveTouch: [TouchServer:71] delete event monitor
12-29 18:22:32.965 19217 19217 E improveTouch: [TouchServer:75] delete controller
12-29 18:22:32.965 19217 19217 E improveTouch: [TouchServer:79] delete touch processor
12-29 18:22:32.965 19217 19217 D improveTouch: [DSPTouchProcessor:807] deInit: E
12-29 18:22:32.965 19217 19217 E improveTouch: [DSPTouchProcessor:823] deInit: invalid state (current = 0)
12-29 18:22:32.965 19217 19217 D improveTouch: [DSPTouchProcessor:827] deInit: X pa_utf_ret = 1, ret = 1073741835
12-29 18:22:32.965 19217 19217 E improveTouch: [TouchServer:83] delete event injector
12-29 18:22:32.965 19217 19217 E improveTouch: [TouchServer:87] delete config management
12-29 18:22:32.965 19217 19217 E improveTouch: [TouchServer:90] fail to start daemon
12-29 18:22:32.965 19217 19217 E improveTouch: [Main:169] fail to initiate touch server
12-29 18:22:33.035  2290  2290 I GPrinter: GPrinterReceiver Action:io.ubt.alaeat.pos.t2.yomieaction_connect_state, data:{"interfaceContent":"192.168.0.200","id":"656333807804395008","state":1152}
12-29 18:22:33.939  1288  1393 D calculateSignalLevel: wifi-level: -42
12-29 18:22:34.039  2290  2290 I GPrinter: HomeActivity mHandler msg.what:1203, data:{"interfaceContent":"192.168.0.200","id":"656333807804395008","state":1152}
12-29 18:22:27.974  1288  2455 I chatty  : uid=1000(system) Binder:1288_9 identical 1 line
12-29 18:22:27.975  1288  2455 D ActivityManager: set woyou.aidlservice.jiuiv5 adj -900
12-29 18:22:34.444  1288  1460 D UsbHostManager: Removed device at /dev/bus/usb/001/007: WISEPAD 3
12-29 18:22:34.479  1288  1460 I UsbAlsaManager: USB Audio Device Removed: null
12-29 18:22:34.481  2290  2290 I GPrinter: GPrinterReceiver Action:android.hardware.usb.action.USB_DEVICE_DETACHED, data:{"device":{"configurationCount":1,"deviceClass":0,"deviceId":1007,"deviceName":"/dev/bus/usb/001/007","deviceProtocol":0,"deviceSubclass":0,"interfaceCount":1,"manufacturerName":"BBPOS LIMITED","productId":257,"productName":"WISEPAD 3","vendorId":5538,"version":"0.02"}}
12-29 18:22:34.491  1288  1313 I ActivityManager: Start proc 19225:com.android.mtp/u0a21 for broadcast com.android.mtp/.UsbIntentReceiver
12-29 18:22:34.493 19225 19225 E com.android.mt: Not starting debugger since process cannot load the jdwp agent.
12-29 18:22:34.499  1288  1361 D CompatibilityInfo: mCompatibilityFlags - 4
12-29 18:22:34.499  1288  1361 D CompatibilityInfo: applicationDensity - 230
12-29 18:22:34.499  1288  1361 D CompatibilityInfo: applicationScale - 1.0
12-29 18:22:34.500  1288  1361 D ActivityManager: set woyou.aidlservice.jiuiv5 adj -900
12-29 18:22:34.501  1288  1361 D CompatibilityInfo: mCompatibilityFlags - 4
12-29 18:22:34.501  1288  1361 D CompatibilityInfo: applicationDensity - 230
12-29 18:22:34.501  1288  1361 D CompatibilityInfo: applicationScale - 1.0
12-29 18:22:34.511 19225 19225 I com.android.mt: The ClassLoaderContext is a special shared library.
12-29 18:22:34.522 19225 19225 I Perf    : Connecting to perf service.
12-29 18:22:34.547  1288  1361 D CompatibilityInfo: mCompatibilityFlags - 4
12-29 18:22:34.547  1288  1361 D CompatibilityInfo: applicationDensity - 230
12-29 18:22:34.547  1288  1361 D CompatibilityInfo: applicationScale - 1.0
12-29 18:22:34.549  1288  1361 I chatty  : uid=1000(system) Binder:1288_4 identical 3 lines
12-29 18:22:34.551  1288  1361 D ActivityManager: set woyou.aidlservice.jiuiv5 adj -900
12-29 18:22:34.551  1288  1361 I ActivityManager: Killing 3989:com.qualcomm.timeservice/u0a105 (adj 906): empty for 30705s
12-29 18:22:34.552  1288  1314 W libprocessgroup: kill(-3989, 9) failed: No such process
12-29 18:22:34.562   903   903 I Zygote  : Process 3989 exited due to signal (9)
12-29 18:22:34.564  1288  1361 D ActivityManager: set woyou.aidlservice.jiuiv5 adj -900
12-29 18:22:34.573  1288  1314 W libprocessgroup: kill(-3989, 9) failed: No such process
12-29 18:22:34.573  1288  1314 I libprocessgroup: Successfully killed process cgroup uid 10105 pid 3989 in 21ms
12-29 18:22:34.977   889   889 I ConfigStore: android::hardware::configstore::V1_0::ISurfaceFlingerConfigs::hasHDRDisplay retrieved: 0
12-29 18:22:34.978   889   889 I chatty  : uid=1000(system) /system/bin/surfaceflinger identical 3 lines
12-29 18:22:34.979   889   889 I ConfigStore: android::hardware::configstore::V1_0::ISurfaceFlingerConfigs::hasHDRDisplay retrieved: 0
12-29 18:22:35.486  2290  2290 I GPrinter: HomeActivity mHandler msg.what:0, data:{}
12-29 18:22:36.950  1288  1393 D calculateSignalLevel: wifi-level: -42
12-29 18:22:37.922 19246 19246 D improveTouch: [Main:158] Start touch daemon
12-29 18:22:37.922 19246 19246 E improveTouch: [ConfigManager:234] /sys/devices/soc0/chip_name doesn't exist
12-29 18:22:37.923 19246 19246 D improveTouch: [ConfigManager:501] loader file is available. loading it...
12-29 18:22:37.924 19246 19246 D improveTouch: [ConfigManager:405] no custom ID defined
12-29 18:22:37.924 19246 19246 D improveTouch: [ConfigManager:428] GetPktStatus: E
12-29 18:22:37.924 19246 19246 E improveTouch: [ConfigManager:444] can't open /data/vendor/hbtp/pkt_play
12-29 18:22:37.924 19246 19246 D improveTouch: [ConfigManager:448] GetPktStatus: X
12-29 18:22:37.924 19246 19246 I improveTouch: [ConfigManager:546] Data Dir = /data/vendor/hbtp
12-29 18:22:37.924 19246 19246 I improveTouch: [ConfigManager:547] Main Config Dir = /vendor/etc/hbtp
12-29 18:22:37.924 19246 19246 I improveTouch: [ConfigManager:551] ConfigFile = /vendor/etc/hbtp/hbtpcfg_sdm660_800s_qhd.dat
12-29 18:22:37.924 19246 19246 I improveTouch: [ConfigManager:554] UTFLib = libFastRPC_UTF_Forward_skel.so
12-29 18:22:37.924 19246 19246 I improveTouch: [ConfigManager:557] AFEFW = /vendor/etc/hbtp/qtc800s_dsp.bin
12-29 18:22:37.924 19246 19246 I improveTouch: [ConfigManager:560] DSP = adsp
12-29 18:22:37.924 19246 19246 D improveTouch: [TouchController:415] init: E
12-29 18:22:37.924 19246 19246 D improveTouch: [ConfigManager:583] start loading config
12-29 18:22:37.971 19246 19246 D improveTouch: [ConfigManager:675] finished loading config
12-29 18:22:37.972 19246 19246 D improveTouch: [TouchController:454] Power Control Config doesn't exist
12-29 18:22:37.972 19246 19246 D improveTouch: [TouchController:462] Power Sync Option doesn't exist
12-29 18:22:37.972 19246 19246 D improveTouch: [TouchController:464] PowerManager Option = 0
12-29 18:22:37.972 19246 19246 E improveTouch: [InputDevice:61] InputDevice: pixelX: min = 0, max = 1440 pixelY: min = 0, max = 2560
12-29 18:22:37.972 19246 19246 E improveTouch: [InputDevice:65] Unable to open /dev/hbtp_input
12-29 18:22:37.972 19246 19246 E improveTouch: [TouchController:490] Error initializing input device: Error opening file
12-29 18:22:37.972 19246 19246 D improveTouch: [TouchController:1136] CommandExecutor::exit: thread is running, kill it first
12-29 18:22:37.973 19246 19247 D improveTouch: [TouchController:1186] runLoop exits
12-29 18:22:37.973 19246 19246 E improveTouch: [TouchController:522] init failed, ret = 1073741825
12-29 18:22:37.973 19246 19246 E improveTouch: [TouchServer:59] fail to init TouchController: Error opening file
12-29 18:22:37.973 19246 19246 E improveTouch: [TouchServer:69] error happened, clean-up resource and exit
12-29 18:22:37.973 19246 19246 E improveTouch: [TouchServer:71] delete event monitor
12-29 18:22:37.973 19246 19246 E improveTouch: [TouchServer:75] delete controller
12-29 18:22:37.973 19246 19246 E improveTouch: [TouchServer:79] delete touch processor
12-29 18:22:37.973 19246 19246 D improveTouch: [DSPTouchProcessor:807] deInit: E
12-29 18:22:37.973 19246 19246 E improveTouch: [DSPTouchProcessor:823] deInit: invalid state (current = 0)
12-29 18:22:37.973 19246 19246 D improveTouch: [DSPTouchProcessor:827] deInit: X pa_utf_ret = 1, ret = 1073741835
12-29 18:22:37.973 19246 19246 E improveTouch: [TouchServer:83] delete event injector
12-29 18:22:37.973 19246 19246 E improveTouch: [TouchServer:87] delete config management
12-29 18:22:37.973 19246 19246 E improveTouch: [TouchServer:90] fail to start daemon
12-29 18:22:37.973 19246 19246 E improveTouch: [Main:169] fail to initiate touch server
12-29 18:22:39.347  1288  1460 D UsbHostManager: USB device attached: vidpid 15a2:0101 mfg/product/ver/serial BBPOS LIMITED/WISEPAD 3/0.02/null hasAudio/HID/Storage: false/true/false
12-29 18:22:39.350  1288  1460 D UsbDeviceDescriptor:   1 configs
12-29 18:22:39.350  1288  1460 D UsbHostManager: Added device UsbDevice[mName=/dev/bus/usb/001/009,mVendorId=5538,mProductId=257,mClass=0,mSubclass=0,mProtocol=0,mManufacturerName=BBPOS LIMITED,mProductName=WISEPAD 3,mVersion=0.02,mSerialNumber=null,mConfigurations=[
12-29 18:22:39.350  1288  1460 D UsbHostManager: UsbConfiguration[mId=1,mName=null,mAttributes=224,mMaxPower=50,mInterfaces=[
12-29 18:22:39.350  1288  1460 D UsbHostManager: UsbInterface[mId=0,mAlternateSetting=0,mName=null,mClass=3,mSubclass=0,mProtocol=0,mEndpoints=[
12-29 18:22:39.350  1288  1460 D UsbHostManager: UsbEndpoint[mAddress=129,mAttributes=3,mMaxPacketSize=8,mInterval=1]
12-29 18:22:39.350  1288  1460 D UsbHostManager: UsbEndpoint[mAddress=1,mAttributes=3,mMaxPacketSize=8,mInterval=1]]]]
12-29 18:22:39.352  1288  1311 D ActivityManager: set woyou.aidlservice.jiuiv5 adj -900
12-29 18:22:39.352  1288  1311 D CompatibilityInfo: mCompatibilityFlags - 14
12-29 18:22:39.352  1288  1311 D CompatibilityInfo: applicationDensity - 230
12-29 18:22:39.352  1288  1311 D CompatibilityInfo: applicationScale - 1.0
12-29 18:22:39.356  1288  2455 D CompatibilityInfo: mCompatibilityFlags - 4
12-29 18:22:39.356  1288  2455 D CompatibilityInfo: applicationDensity - 230
12-29 18:22:39.356  1288  2455 D CompatibilityInfo: applicationScale - 1.0
12-29 18:22:39.357  1288  2455 D ActivityManager: set woyou.aidlservice.jiuiv5 adj -900
12-29 18:22:39.359  1288  2455 I chatty  : uid=1000(system) Binder:1288_9 identical 1 line
12-29 18:22:39.361  1288  2455 D ActivityManager: set woyou.aidlservice.jiuiv5 adj -900
12-29 18:22:39.365  1288  1411 D ActivityManager: set woyou.aidlservice.jiuiv5 adj -900
12-29 18:22:39.367  2118  2118 D OpenGLRenderer: Skia GL Pipeline
12-29 18:22:39.378   889   889 I ConfigStore: android::hardware::configstore::V1_0::ISurfaceFlingerConfigs::hasHDRDisplay retrieved: 0
12-29 18:22:39.429   889   889 I chatty  : uid=1000(system) /system/bin/surfaceflinger identical 13 lines
12-29 18:22:39.429   889   889 I ConfigStore: android::hardware::configstore::V1_0::ISurfaceFlingerConfigs::hasHDRDisplay retrieved: 0
12-29 18:22:39.430  2118 19250 I Adreno  : QUALCOMM build                   : 8012e3b, I900d63d595
12-29 18:22:39.430  2118 19250 I Adreno  : Build Date                       : 05/03/19
12-29 18:22:39.430  2118 19250 I Adreno  : OpenGL ES Shader Compiler Version: EV031.25.03.04
12-29 18:22:39.430  2118 19250 I Adreno  : Local Branch                     : mybranche96d7324-b2b9-f1df-8628-1458d0b52ae8
12-29 18:22:39.430  2118 19250 I Adreno  : Remote Branch                    : quic/gfx-adreno.lnx.1.0.r48-rel
12-29 18:22:39.430  2118 19250 I Adreno  : Remote Branch                    : NONE
12-29 18:22:39.430  2118 19250 I Adreno  : Reconstruct Branch               : NOTHING
12-29 18:22:39.430  2118 19250 I Adreno  : Build Config                     : S L 6.0.7 AArch64
12-29 18:22:39.433  2118 19250 I Adreno  : PFP: 0x005ff112, ME: 0x005ff066
12-29 18:22:39.437   595   595 W hwservicemanager: getTransport: Cannot find entry vendor.display.config@1.7::IDisplayConfig/default in either framework or device manifest.
12-29 18:22:39.437  2118 19250 I ConfigStore: android::hardware::configstore::V1_0::ISurfaceFlingerConfigs::hasWideColorDisplay retrieved: 0
12-29 18:22:39.437   595   595 W hwservicemanager: getTransport: Cannot find entry vendor.display.config@1.7::IDisplayConfig/default in either framework or device manifest.
12-29 18:22:39.437  2118 19250 I ConfigStore: android::hardware::configstore::V1_0::ISurfaceFlingerConfigs::hasHDRDisplay retrieved: 0
12-29 18:22:39.438  2118 19250 I OpenGLRenderer: Initialized EGL, version 1.4
12-29 18:22:39.438  2118 19250 D OpenGLRenderer: Swap behavior 2
12-29 18:22:39.444   889   889 I ConfigStore: android::hardware::configstore::V1_0::ISurfaceFlingerConfigs::hasHDRDisplay retrieved: 0
12-29 18:22:39.529   889   889 I chatty  : uid=1000(system) /system/bin/surfaceflinger identical 31 lines
12-29 18:22:39.529   889   889 I ConfigStore: android::hardware::configstore::V1_0::ISurfaceFlingerConfigs::hasHDRDisplay retrieved: 0
12-29 18:22:39.542 19225 19238 I com.android.mt: Waiting for a blocking GC ProfileSaver
12-29 18:22:39.545   889   889 I ConfigStore: android::hardware::configstore::V1_0::ISurfaceFlingerConfigs::hasHDRDisplay retrieved: 0
12-29 18:22:39.546   889   889 I chatty  : uid=1000(system) /system/bin/surfaceflinger identical 4 lines
12-29 18:22:39.546   889   889 I ConfigStore: android::hardware::configstore::V1_0::ISurfaceFlingerConfigs::hasHDRDisplay retrieved: 0
12-29 18:22:39.554 19225 19238 I com.android.mt: WaitForGcToComplete blocked ProfileSaver on HeapTrim for 11.758ms
12-29 18:22:39.561   889   889 I ConfigStore: android::hardware::configstore::V1_0::ISurfaceFlingerConfigs::hasHDRDisplay retrieved: 0
12-29 18:22:39.946   889   889 I chatty  : uid=1000(system) /system/bin/surfaceflinger identical 143 lines
12-29 18:22:39.961   889   889 I ConfigStore: android::hardware::configstore::V1_0::ISurfaceFlingerConfigs::hasHDRDisplay retrieved: 0
12-29 18:22:39.961  1288  1393 D calculateSignalLevel: wifi-level: -44
12-29 18:22:39.961   889   889 I ConfigStore: android::hardware::configstore::V1_0::ISurfaceFlingerConfigs::hasHDRDisplay retrieved: 0
12-29 18:22:41.371  1288  1288 D ActivityManager: set woyou.aidlservice.jiuiv5 adj -900
12-29 18:22:41.372  1288  1411 W NotificationService: Toast already killed. pkg=com.sunmi.scanner callback=android.app.ITransientNotification$Stub$Proxy@b2edb1d
12-29 18:22:41.895   889   889 I chatty  : uid=1000(system) /system/bin/surfaceflinger identical 198 lines
12-29 18:22:41.895   889   889 I ConfigStore: android::hardware::configstore::V1_0::ISurfaceFlingerConfigs::hasHDRDisplay retrieved: 0
12-29 18:22:41.896   889  1727 W SurfaceFlinger: Attempting to destroy on removed layer: a2f9bcf Toast#0
12-29 18:22:41.896   889   889 I ConfigStore: android::hardware::configstore::V1_0::ISurfaceFlingerConfigs::hasHDRDisplay retrieved: 0
12-29 18:22:42.921  1288  1319 W WindowManager: Unable to start animation, surface is null or no children.
12-29 18:22:41.913   889   889 I chatty  : uid=1000(system) /system/bin/surfaceflinger identical 5 lines
12-29 18:22:41.913   889   889 I ConfigStore: android::hardware::configstore::V1_0::ISurfaceFlingerConfigs::hasHDRDisplay retrieved: 0
12-29 18:22:42.925 19254 19254 D improveTouch: [Main:158] Start touch daemon
12-29 18:22:42.925 19254 19254 E improveTouch: [ConfigManager:234] /sys/devices/soc0/chip_name doesn't exist
12-29 18:22:42.925 19254 19254 D improveTouch: [ConfigManager:501] loader file is available. loading it...
12-29 18:22:42.926 19254 19254 D improveTouch: [ConfigManager:405] no custom ID defined
12-29 18:22:42.926 19254 19254 D improveTouch: [ConfigManager:428] GetPktStatus: E
12-29 18:22:42.926 19254 19254 E improveTouch: [ConfigManager:444] can't open /data/vendor/hbtp/pkt_play
12-29 18:22:42.926 19254 19254 D improveTouch: [ConfigManager:448] GetPktStatus: X
12-29 18:22:42.926 19254 19254 I improveTouch: [ConfigManager:546] Data Dir = /data/vendor/hbtp
12-29 18:22:42.926 19254 19254 I improveTouch: [ConfigManager:547] Main Config Dir = /vendor/etc/hbtp
12-29 18:22:42.926 19254 19254 I improveTouch: [ConfigManager:551] ConfigFile = /vendor/etc/hbtp/hbtpcfg_sdm660_800s_qhd.dat
12-29 18:22:42.926 19254 19254 I improveTouch: [ConfigManager:554] UTFLib = libFastRPC_UTF_Forward_skel.so
12-29 18:22:42.926 19254 19254 I improveTouch: [ConfigManager:557] AFEFW = /vendor/etc/hbtp/qtc800s_dsp.bin
12-29 18:22:42.926 19254 19254 I improveTouch: [ConfigManager:560] DSP = adsp
12-29 18:22:42.927 19254 19254 D improveTouch: [TouchController:415] init: E
12-29 18:22:42.927 19254 19254 D improveTouch: [ConfigManager:583] start loading config
12-29 18:22:42.975 19254 19254 D improveTouch: [ConfigManager:675] finished loading config
12-29 18:22:42.976 19254 19254 D improveTouch: [TouchController:454] Power Control Config doesn't exist
12-29 18:22:42.976 19254 19254 D improveTouch: [TouchController:462] Power Sync Option doesn't exist
12-29 18:22:42.976 19254 19254 D improveTouch: [TouchController:464] PowerManager Option = 0
12-29 18:22:42.976 19254 19254 E improveTouch: [InputDevice:61] InputDevice: pixelX: min = 0, max = 1440 pixelY: min = 0, max = 2560
12-29 18:22:42.976 19254 19254 E improveTouch: [InputDevice:65] Unable to open /dev/hbtp_input
12-29 18:22:42.976 19254 19254 E improveTouch: [TouchController:490] Error initializing input device: Error opening file
12-29 18:22:42.976 19254 19254 D improveTouch: [TouchController:1136] CommandExecutor::exit: thread is running, kill it first
12-29 18:22:42.976 19254 19255 D improveTouch: [TouchController:1186] runLoop exits
12-29 18:22:42.977 19254 19254 E improveTouch: [TouchController:522] init failed, ret = 1073741825
12-29 18:22:42.977 19254 19254 E improveTouch: [TouchServer:59] fail to init TouchController: Error opening file
12-29 18:22:42.977 19254 19254 E improveTouch: [TouchServer:69] error happened, clean-up resource and exit
12-29 18:22:42.977 19254 19254 E improveTouch: [TouchServer:71] delete event monitor
12-29 18:22:42.977 19254 19254 E improveTouch: [TouchServer:75] delete controller
12-29 18:22:42.977 19254 19254 E improveTouch: [TouchServer:79] delete touch processor
12-29 18:22:42.977 19254 19254 D improveTouch: [DSPTouchProcessor:807] deInit: E
12-29 18:22:42.977 19254 19254 E improveTouch: [DSPTouchProcessor:823] deInit: invalid state (current = 0)
12-29 18:22:42.977 19254 19254 D improveTouch: [DSPTouchProcessor:827] deInit: X pa_utf_ret = 1, ret = 1073741835
12-29 18:22:42.977 19254 19254 E improveTouch: [TouchServer:83] delete event injector
12-29 18:22:42.977 19254 19254 E improveTouch: [TouchServer:87] delete config management
12-29 18:22:42.977 19254 19254 E improveTouch: [TouchServer:90] fail to start daemon
12-29 18:22:42.977 19254 19254 E improveTouch: [Main:169] fail to initiate touch server
12-29 18:22:42.977  1288  1393 D calculateSignalLevel: wifi-level: -44
12-29 18:22:44.704  1288  1311 D ActivityManager: set woyou.aidlservice.jiuiv5 adj -900
12-29 18:22:44.705  2430  2430 I com.sunmi.pushservice.q: [ (MqttLogger.java:31)#A ] alarm receive type: 2
12-29 18:22:44.705  1288  1311 D ActivityManager: set woyou.aidlservice.jiuiv5 adj -900
12-29 18:22:44.708  1288  1411 D ActivityManager: set woyou.aidlservice.jiuiv5 adj -900
12-29 18:22:44.709  2430  3681 I com.sunmi.pushservice.q: [ (MqttLogger.java:31)#A ] send ping req success 
12-29 18:22:44.948  2430  3681 I com.sunmi.pushservice.p: [ (MqttLogger.java:31)#A ] mqtt ping resp !
12-29 18:22:44.950  2430  3681 I com.sunmi.pushservice.q: [ (MqttLogger.java:31)#A ] add ping alarm 60
12-29 18:22:45.010   889   889 I ConfigStore: android::hardware::configstore::V1_0::ISurfaceFlingerConfigs::hasHDRDisplay retrieved: 0
12-29 18:22:45.011   889   889 I chatty  : uid=1000(system) /system/bin/surfaceflinger identical 3 lines
12-29 18:22:45.012   889   889 I ConfigStore: android::hardware::configstore::V1_0::ISurfaceFlingerConfigs::hasHDRDisplay retrieved: 0
12-29 18:22:45.330  1288  1379 D InputReader: cookPointerData send XY mXScale: 0.999479  mYScale: 0.999075 displayId: 0
12-29 18:22:45.330  1288  1379 D InputReader: cookPointerData send XY X: 781.592896  Y: 820.240540 displayId: 0
12-29 18:22:45.330  1288  1379 D InputDispatcher: xiangrong notifyMotion isFound 0 0
12-29 18:22:45.349  1288  1379 D InputDispatcher: xiangrong notifyMotion isFound 0 0
12-29 18:22:45.426   674   674 W SDM     : HWPrimary::PopulateDisplayAttributes: Driver doesn't report panel physical width and height - defaulting to 320dpi
12-29 18:22:45.427   889   889 I ConfigStore: android::hardware::configstore::V1_0::ISurfaceFlingerConfigs::hasHDRDisplay retrieved: 0
12-29 18:22:45.428   889   889 I chatty  : uid=1000(system) /system/bin/surfaceflinger identical 3 lines
12-29 18:22:45.428   889   889 I ConfigStore: android::hardware::configstore::V1_0::ISurfaceFlingerConfigs::hasHDRDisplay retrieved: 0
12-29 18:22:45.988  1288  1393 D calculateSignalLevel: wifi-level: -43
12-29 18:22:46.009   674   674 W SDM     : HWPrimary::PopulateDisplayAttributes: Driver doesn't report panel physical width and height - defaulting to 320dpi
12-29 18:22:46.010   889   889 I ConfigStore: android::hardware::configstore::V1_0::ISurfaceFlingerConfigs::hasHDRDisplay retrieved: 0
12-29 18:22:46.011   889   889 I chatty  : uid=1000(system) /system/bin/surfaceflinger identical 3 lines
12-29 18:22:46.012   889   889 I ConfigStore: android::hardware::configstore::V1_0::ISurfaceFlingerConfigs::hasHDRDisplay retrieved: 0
12-29 18:22:46.553  1288  1379 D InputReader: cookPointerData send XY mXScale: 0.999479  mYScale: 0.999075 displayId: 0
12-29 18:22:46.553  1288  1379 D InputReader: cookPointerData send XY X: 1087.433594  Y: 976.096191 displayId: 0
12-29 18:22:46.553  1288  1379 D InputDispatcher: xiangrong notifyMotion isFound 0 0
12-29 18:22:46.566  1288  1379 D InputDispatcher: xiangrong notifyMotion isFound 0 0
12-29 18:22:44.709  1288  1411 D ActivityManager: set woyou.aidlservice.jiuiv5 adj -900
12-29 18:22:46.568  1288  1411 D SuperPowerApp: 1041 not found
12-29 18:22:46.568  1288  2455 D SuperPowerApp: 1041 not found
12-29 18:22:46.568  1288  1411 D SuperPowerApp: 1041 not found
12-29 18:22:46.569   664  1825 D audio_hw_primary: start_output_stream: enter: stream(0xea9c0000)usecase(0: deep-buffer-playback) devices(0x2)
12-29 18:22:46.569   689   730 E ANDR-PERF-MPCTL: Invalid profile no. 0, total profiles 0 only
12-29 18:22:46.569   664  1825 D audio_hw_primary: select_devices for use case (deep-buffer-playback)
12-29 18:22:46.569   664  1825 D audio_hw_primary: select_devices: out_snd_device(2: speaker) in_snd_device(0: )
12-29 18:22:46.569   664  1825 I msm8916_platform: platform_check_and_set_codec_backend_cfg:becf: afe: bitwidth 16, samplerate 48000 channels 2, backend_idx 0 usecase = 0 device (speaker)
12-29 18:22:46.569   664  1825 D msm8916_platform: platform_split_snd_device: snd_device(2) num devices(1) new_snd_devices(0)
12-29 18:22:46.569   664  1825 I msm8916_platform: platform_check_and_set_codec_backend_cfg: becf: new_snd_devices[0] is speaker
12-29 18:22:46.569   664  1825 I msm8916_platform: platform_check_codec_backend_cfg:becf: afe: Codec selected backend: 0 current bit width: 16 sample rate: 48000 channels: 2 usecase 0 device (speaker)
12-29 18:22:46.569   664  1825 D msm8916_platform: platform_check_codec_backend_cfg:becf: afe: playback on codec device not supporting native playback set default Sample Rate(48k)
12-29 18:22:46.569   664  1825 I msm8916_platform: platform_check_codec_backend_cfg:becf: afe: Codec selected backend: 0 updated bit width: 16 sample rate: 48000 channels: 2
12-29 18:22:46.569   664  1825 D audio_hw_primary: check_usecases_codec_backend:becf: force routing 0
12-29 18:22:46.569   664  1825 E msm8916_platform: platform_check_backends_match: Invalid snd_device = 
12-29 18:22:46.569   664  1825 D audio_hw_primary: check_usecases_codec_backend:becf: (63) check_usecases curr device: speaker, usecase device: backends match 0
12-29 18:22:46.569   664  1825 D audio_hw_primary: check_usecases_codec_backend:becf: check_usecases num.of Usecases to switch 0
12-29 18:22:46.569   664  1825 D hardware_info: hw_info_append_hw_type : device_name = speaker
12-29 18:22:46.569   664  1825 D msm8916_platform: platform_split_snd_device: snd_device(2) num devices(0) new_snd_devices(0)
12-29 18:22:46.569   664  1825 D audio_hw_primary: enable_snd_device: snd_device(2: speaker)
12-29 18:22:46.569   664  1825 I soundtrigger: audio_extn_sound_trigger_update_device_status: device 0x2 of type 0 for Event 1, with Raise=0
12-29 18:22:46.569   664  1825 D audio_route: Apply path: speaker
12-29 18:22:46.576   664  1825 D audio_hw_primary: audio_is_true_native_stream_active:napb: (0) (deep-buffer-playback)id (0) sr 48000 bw (16) device speaker
12-29 18:22:46.576   664  1825 D soundtrigger: audio_extn_sound_trigger_update_stream_status: uc_info->id 0 of type 0 for Event 3, with Raise=1
12-29 18:22:46.576   664  1825 I sound_trigger_platform: platform_stdev_check_and_update_concurrency: Received STREAM event, event type 3, usecase type -370674800
12-29 18:22:46.576   664  1825 D sound_trigger_platform: platform_stdev_check_and_update_concurrency: dedicated path 0, reset backend 1, tx 0, rx 1,concurrency session allowed
12-29 18:22:46.576   664  1825 D audio_hw_utils: audio_extn_utils_send_app_type_cfg: usecase->out_snd_device speaker
12-29 18:22:46.576   664  1825 D msm8916_platform: platform_split_snd_device: snd_device(2) num devices(0) new_snd_devices(0)
12-29 18:22:46.577   664  1825 D audio_hw_utils: audio_extn_btsco_get_sample_rate:Not a BT SCO device, need not update sampling rate
12-29 18:22:46.577   664  1825 I audio_hw_utils: send_app_type_cfg_for_device PLAYBACK app_type 69937, acdb_dev_id 15, sample_rate 48000, snd_device_be_idx 127
12-29 18:22:46.577   664  1825 D msm8916_platform: platform_split_snd_device: snd_device(2) num devices(1) new_snd_devices(0)
12-29 18:22:46.577   664  1825 D ACDB-LOADER: ACDB -> send_audio_cal, acdb_id = 15, path = 0, app id = 0x11131, sample rate = 48000
12-29 18:22:46.577   664  1825 D ACDB-LOADER: ACDB -> send_asm_topology
12-29 18:22:46.577   664  1825 D ACDB-LOADER: ACDB -> ACDB_CMD_GET_AUDPROC_STREAM_TOPOLOGY_ID
12-29 18:22:46.577   664  1825 D ACDB-LOADER: ACDB -> send_adm_topology
12-29 18:22:46.577   664  1825 D ACDB-LOADER: ACDB -> ACDB_CMD_GET_AUDPROC_COMMON_TOPOLOGY_ID
12-29 18:22:46.577   664  1825 D ACDB-LOADER: ACDB -> send_audtable
12-29 18:22:46.577   664  1825 D ACDB-LOADER: ACDB -> ACDB_CMD_GET_AUDPROC_COMMON_TABLE_SIZE
12-29 18:22:46.577   664  1825 D ACDB-LOADER: ACDB -> ACDB_CMD_GET_AUDPROC_COMMON_TABLE
12-29 18:22:46.577   664  1825 D ACDB-LOADER: ACDB -> AUDIO_SET_AUDPROC_CAL
12-29 18:22:46.577   664  1825 D ACDB-LOADER: ACDB -> send_audvoltable
12-29 18:22:46.577   664  1825 D ACDB-LOADER: ACDB -> ACDB_CMD_GET_AUDPROC_VOL_STEP_TABLE_SIZE
12-29 18:22:46.577   664  1825 D ACDB-LOADER: ACDB -> ACDB_CMD_GET_AUDPROC_GAIN_DEP_STEP_TABLE, vol index 5
12-29 18:22:46.577   664  1825 D ACDB-LOADER: ACDB -> AUDIO_SET_VOL_CAL cal type = 12
12-29 18:22:46.577   664  1825 D ACDB-LOADER: ACDB -> ACDB_CMD_GET_AUDPROC_STREAM_TABLE_SIZE
12-29 18:22:46.577   664  1825 D ACDB-LOADER: ACDB -> send_audstrmtable
12-29 18:22:46.577   664  1825 D ACDB-LOADER: ACDB -> ACDB_CMD_GET_AUDPROC_STREAM_TABLE_V2
12-29 18:22:46.577   664  1825 D ACDB-LOADER: ACDB -> audstrm_cal->cal_type.cal_data.cal_size = 16
12-29 18:22:46.577   664  1825 D ACDB-LOADER: ACDB -> send_afe_topology
12-29 18:22:46.577   664  1825 D ACDB-LOADER: ACDB -> ACDB_CMD_GET_AFE_TOPOLOGY_ID
12-29 18:22:46.577   664  1825 D ACDB-LOADER: ACDB -> GET_AFE_TOPOLOGY_ID for adcd_id 15, Topology Id 1025e
12-29 18:22:46.577   664  1825 D ACDB-LOADER: ACDB -> send_afe_cal
12-29 18:22:46.577   664  1825 D ACDB-LOADER: ACDB -> ACDB_CMD_GET_AFE_COMMON_TABLE_SIZE
12-29 18:22:46.577   664  1825 D ACDB-LOADER: ACDB -> ACDB_CMD_GET_AFE_COMMON_TABLE
12-29 18:22:46.577   664  1825 D ACDB-LOADER: ACDB -> AUDIO_SET_AFE_CAL
12-29 18:22:46.577   664  1825 D ACDB-LOADER: ACDB -> send_hw_delay : acdb_id = 15 path = 0
12-29 18:22:46.577   664  1825 D ACDB-LOADER: ACDB -> ACDB_AVSYNC_INFO: ACDB_CMD_GET_DEVICE_PROPERTY
12-29 18:22:46.577   664  1825 D msm8916_platform: platform_split_snd_device: snd_device(2) num devices(0) new_snd_devices(0)
12-29 18:22:46.577   664  1825 I msm8916_platform: platform_get_custom_mtmx_params: no matching param with id 0 ip_ch 2 op_ch 2 uc_id 0 snd_dev 2
12-29 18:22:46.577   664  1825 D audio_hw_primary: enable_audio_route: apply mixer and update path: deep-buffer-playback
12-29 18:22:46.577   664  1825 D audio_route: Apply path: deep-buffer-playback
12-29 18:22:46.578   664  1825 D audio_hw_primary: select_devices: done
12-29 18:22:46.579   664  1825 D msm8916_platform: platform_set_channel_map mixer_ctl_name:Playback Channel Map0
12-29 18:22:46.579   664  1825 D msm8916_platform: platform_set_channel_map: set mapping(1 2 0 0 0 0 0 0) for channel:2
12-29 18:22:46.582  2290  2290 I StripeTerminal: class=TransactionManager message=endTransaction
12-29 18:22:46.583  2290  2290 I StripeTerminal: class=TransactionStateMachine message="onStateChanged: COLLECT -> CANCELLED: null"
12-29 18:22:46.583  2290  2290 I CombinedKernelInterface: cancel
12-29 18:22:46.583  2290  2290 I BBPOSReaderController: disableDevice CARD_NOT_WORKING
12-29 18:22:46.583  2290  2290 D StripeTerminal: class=BBPOSDeviceControllerImpl message=cancelCheckCard
12-29 18:22:46.584  2290  2290 I StripeTerminal: class=TransactionStateMachine message="onStateChanged: CANCELLED -> EMPTY: Transaction cancelled"
12-29 18:22:46.584  2290  3405 D BluetoothDevice: mAddress: CC:D3:1E:68:ED:B3
12-29 18:22:46.584  2290  2290 D StripeTerminal: class=ProxyTerminalListener message=onPaymentStatusChange(READY)
12-29 18:22:46.584  1429  1440 D BtGatt.GattService: writeCharacteristic() - address=CC:D3:1E:68:ED:B3
12-29 18:22:46.585   667   667 D vendor.qti.bluetooth@1.0-ibs_handler: SerialClockVote: vote for UART CLK ON
12-29 18:22:46.586   667   667 D vendor.qti.bluetooth@1.0-wake_lock: Acquire wakelock is acquired 
12-29 18:22:46.586   667   667 I vendor.qti.bluetooth@1.0-ibs_handler: DeviceWakeUp: Writing IBS_WAKE_IND
12-29 18:22:46.589   667  2329 I vendor.qti.bluetooth@1.0-ibs_handler: ProcessIbsCmd: Received IBS_WAKE_ACK: 0xFC
12-29 18:22:46.593  2290  2290 D StripeTerminal: class=Terminal message=cancelPaymentIntent
12-29 18:22:46.599   889  1263 W SurfaceFlinger: Attempting to destroy on removed layer: 59d03cd Sys2038:io.ubt.alaeat.pos.t2.yomie/io.ubt.alaeat.pos.module_dine_in.acitivity.PaymentActivity#0
12-29 18:22:46.610  2290  2290 W Glide   : Load failed for  with size [500x500]
12-29 18:22:46.610  2290  2290 W Glide   : class com.bumptech.glide.load.engine.GlideException: Failed to load resource
12-29 18:22:46.612   889   889 I ConfigStore: android::hardware::configstore::V1_0::ISurfaceFlingerConfigs::hasHDRDisplay retrieved: 0
12-29 18:22:46.627   889   889 I chatty  : uid=1000(system) /system/bin/surfaceflinger identical 6 lines
12-29 18:22:46.628   889   889 I ConfigStore: android::hardware::configstore::V1_0::ISurfaceFlingerConfigs::hasHDRDisplay retrieved: 0
12-29 18:22:46.658   664  1825 D audio_hw_primary: start_output_stream: exit
12-29 18:22:46.658   702   856 D AudioFlinger: mixer(0xe4c83340) throttle end: throttle time(40)
12-29 18:22:46.709   674   674 W SDM     : HWPrimary::PopulateDisplayAttributes: Driver doesn't report panel physical width and height - defaulting to 320dpi
12-29 18:22:46.710   889   889 I ConfigStore: android::hardware::configstore::V1_0::ISurfaceFlingerConfigs::hasHDRDisplay retrieved: 0
12-29 18:22:46.568  1288  1411 I chatty  : uid=1000(system) Binder:1288_5 identical 1 line
12-29 18:22:46.796  1288  1411 D SuperPowerApp: 1041 not found
12-29 18:22:46.796  1288  2004 D SuperPowerApp: 1041 not found
12-29 18:22:46.711   889   889 I chatty  : uid=1000(system) /system/bin/surfaceflinger identical 2 lines
12-29 18:22:46.711   889   889 I ConfigStore: android::hardware::configstore::V1_0::ISurfaceFlingerConfigs::hasHDRDisplay retrieved: 0
12-29 18:22:47.589   667  2335 I vendor.qti.bluetooth@1.0-ibs_handler: DeviceSleep: TX Awake, Sending SLEEP_IND
12-29 18:22:47.589   667  2335 D vendor.qti.bluetooth@1.0-ibs_handler: SerialClockVote: vote for UART CLK OFF
12-29 18:22:47.739   667  1832 D vendor.qti.bluetooth@1.0-wake_lock: Release wakelock is released 
12-29 18:22:47.931 19262 19262 D improveTouch: [Main:158] Start touch daemon
12-29 18:22:47.931 19262 19262 E improveTouch: [ConfigManager:234] /sys/devices/soc0/chip_name doesn't exist
12-29 18:22:47.932 19262 19262 D improveTouch: [ConfigManager:501] loader file is available. loading it...
12-29 18:22:47.932 19262 19262 D improveTouch: [ConfigManager:405] no custom ID defined
12-29 18:22:47.933 19262 19262 D improveTouch: [ConfigManager:428] GetPktStatus: E
12-29 18:22:47.933 19262 19262 E improveTouch: [ConfigManager:444] can't open /data/vendor/hbtp/pkt_play
12-29 18:22:47.933 19262 19262 D improveTouch: [ConfigManager:448] GetPktStatus: X
12-29 18:22:47.933 19262 19262 I improveTouch: [ConfigManager:546] Data Dir = /data/vendor/hbtp
12-29 18:22:47.933 19262 19262 I improveTouch: [ConfigManager:547] Main Config Dir = /vendor/etc/hbtp
12-29 18:22:47.933 19262 19262 I improveTouch: [ConfigManager:551] ConfigFile = /vendor/etc/hbtp/hbtpcfg_sdm660_800s_qhd.dat
12-29 18:22:47.933 19262 19262 I improveTouch: [ConfigManager:554] UTFLib = libFastRPC_UTF_Forward_skel.so
12-29 18:22:47.933 19262 19262 I improveTouch: [ConfigManager:557] AFEFW = /vendor/etc/hbtp/qtc800s_dsp.bin
12-29 18:22:47.933 19262 19262 I improveTouch: [ConfigManager:560] DSP = adsp
12-29 18:22:47.933 19262 19262 D improveTouch: [TouchController:415] init: E
12-29 18:22:47.933 19262 19262 D improveTouch: [ConfigManager:583] start loading config
12-29 18:22:47.979 19262 19262 D improveTouch: [ConfigManager:675] finished loading config
12-29 18:22:47.980 19262 19262 D improveTouch: [TouchController:454] Power Control Config doesn't exist
12-29 18:22:47.980 19262 19262 D improveTouch: [TouchController:462] Power Sync Option doesn't exist
12-29 18:22:47.980 19262 19262 D improveTouch: [TouchController:464] PowerManager Option = 0
12-29 18:22:47.980 19262 19262 E improveTouch: [InputDevice:61] InputDevice: pixelX: min = 0, max = 1440 pixelY: min = 0, max = 2560
12-29 18:22:47.980 19262 19262 E improveTouch: [InputDevice:65] Unable to open /dev/hbtp_input
12-29 18:22:47.980 19262 19262 E improveTouch: [TouchController:490] Error initializing input device: Error opening file
12-29 18:22:47.980 19262 19262 D improveTouch: [TouchController:1136] CommandExecutor::exit: thread is running, kill it first
12-29 18:22:47.980 19262 19263 D improveTouch: [TouchController:1186] runLoop exits
12-29 18:22:47.980 19262 19262 E improveTouch: [TouchController:522] init failed, ret = 1073741825
12-29 18:22:47.980 19262 19262 E improveTouch: [TouchServer:59] fail to init TouchController: Error opening file
12-29 18:22:47.980 19262 19262 E improveTouch: [TouchServer:69] error happened, clean-up resource and exit
12-29 18:22:47.980 19262 19262 E improveTouch: [TouchServer:71] delete event monitor
12-29 18:22:47.980 19262 19262 E improveTouch: [TouchServer:75] delete controller
12-29 18:22:47.980 19262 19262 E improveTouch: [TouchServer:79] delete touch processor
12-29 18:22:47.980 19262 19262 D improveTouch: [DSPTouchProcessor:807] deInit: E
12-29 18:22:47.980 19262 19262 E improveTouch: [DSPTouchProcessor:823] deInit: invalid state (current = 0)
12-29 18:22:47.980 19262 19262 D improveTouch: [DSPTouchProcessor:827] deInit: X pa_utf_ret = 1, ret = 1073741835
12-29 18:22:47.980 19262 19262 E improveTouch: [TouchServer:83] delete event injector
