12-17 17:38:11.409   670  2270 I vendor.qti.bluetooth@1.0-ibs_handler: ProcessIbsCmd: Writing IBS_WAKE_ACK
12-17 17:38:11.414   894   894 I ConfigStore: android::hardware::configstore::V1_0::ISurfaceFlingerConfigs::hasHDRDisplay retrieved: 0
12-17 17:38:11.416   894   894 I chatty  : uid=1000(system) /system/bin/surfaceflinger identical 4 lines
12-17 17:38:11.430   894   894 I ConfigStore: android::hardware::configstore::V1_0::ISurfaceFlingerConfigs::hasHDRDisplay retrieved: 0
12-17 17:38:11.431   705   832 D AudioFlinger: mixer(0xe5683340) throttle end: throttle time(40)
12-17 17:38:11.431   894   894 I ConfigStore: android::hardware::configstore::V1_0::ISurfaceFlingerConfigs::hasHDRDisplay retrieved: 0
12-17 17:38:11.448   894   894 I chatty  : uid=1000(system) /system/bin/surfaceflinger identical 7 lines
12-17 17:38:11.448   894   894 I ConfigStore: android::hardware::configstore::V1_0::ISurfaceFlingerConfigs::hasHDRDisplay retrieved: 0
12-17 17:38:11.458   670  2270 I vendor.qti.bluetooth@1.0-ibs_handler: ProcessIbsCmd: Received IBS_SLEEP_IND: 0xFE
12-17 17:38:11.464   894   894 I ConfigStore: android::hardware::configstore::V1_0::ISurfaceFlingerConfigs::hasHDRDisplay retrieved: 0
12-17 17:38:11.465   894   894 I chatty  : uid=1000(system) /system/bin/surfaceflinger identical 1 line
12-17 17:38:11.465   894   894 I ConfigStore: android::hardware::configstore::V1_0::ISurfaceFlingerConfigs::hasHDRDisplay retrieved: 0
12-17 17:38:11.465   670  2270 I vendor.qti.bluetooth@1.0-ibs_handler: ProcessIbsCmd: Received IBS_WAKE_IND: 0xFD
12-17 17:38:11.465   670  2270 I vendor.qti.bluetooth@1.0-ibs_handler: ProcessIbsCmd: Writing IBS_WAKE_ACK
12-17 17:38:11.465   894   894 I ConfigStore: android::hardware::configstore::V1_0::ISurfaceFlingerConfigs::hasHDRDisplay retrieved: 0
12-17 17:38:11.465   894   894 I chatty  : uid=1000(system) /system/bin/surfaceflinger identical 1 line
12-17 17:38:11.466   894   894 I ConfigStore: android::hardware::configstore::V1_0::ISurfaceFlingerConfigs::hasHDRDisplay retrieved: 0
12-17 17:38:11.467  1418  1529 D BluetoothDevice: mAddress: CC:D3:1E:68:ED:B8
12-17 17:38:11.467  1418  1529 W BluetoothRemoteDevices: Skip name update for CC:D3:1E:68:ED:B8
12-17 17:38:11.467  1418  1529 W BluetoothRemoteDevices: Skip class update for CC:D3:1E:68:ED:B8
12-17 17:38:11.467  1418  1529 D BtGatt.GattService: onScanResult() - eventType=0x1b, addressType=0, address=CC:D3:1E:68:ED:B8, primaryPhy=1, secondaryPhy=0, advertisingSid=0xff, txPower=127, rssi=-62, periodicAdvInt=0x0
12-17 17:38:11.480   894   894 I ConfigStore: android::hardware::configstore::V1_0::ISurfaceFlingerConfigs::hasHDRDisplay retrieved: 0
12-17 17:38:11.481  1418  1431 D BluetoothDevice: mAddress: CC:D3:1E:68:ED:B8
12-17 17:38:11.481  1418  1431 D BluetoothDevice: mAddress: CC:D3:1E:68:ED:B8
12-17 17:38:11.481   894   894 I ConfigStore: android::hardware::configstore::V1_0::ISurfaceFlingerConfigs::hasHDRDisplay retrieved: 0
12-17 17:38:11.482   894   894 I ConfigStore: android::hardware::configstore::V1_0::ISurfaceFlingerConfigs::hasHDRDisplay retrieved: 0
12-17 17:38:11.482  1418  1431 D BluetoothDevice: mAddress: CC:D3:1E:68:ED:B8
12-17 17:38:11.482  1418  1431 D BluetoothDevice: mAddress: CC:D3:1E:68:ED:B8
12-17 17:38:11.482   894   894 I ConfigStore: android::hardware::configstore::V1_0::ISurfaceFlingerConfigs::hasHDRDisplay retrieved: 0
12-17 17:38:11.482   894   894 I chatty  : uid=1000(system) /system/bin/surfaceflinger identical 1 line
12-17 17:38:11.482   894   894 I ConfigStore: android::hardware::configstore::V1_0::ISurfaceFlingerConfigs::hasHDRDisplay retrieved: 0
12-17 17:38:11.483  1418  1431 D BluetoothDevice: mAddress: CC:D3:1E:68:ED:B8
12-17 17:38:11.492  1418  1431 I chatty  : uid=1002(bluetooth) Binder:1418_3 identical 22 lines
12-17 17:38:11.492  1418  1431 D BluetoothDevice: mAddress: CC:D3:1E:68:ED:B8
12-17 17:38:11.493  2315  3594 D StripeTerminal: class=ConnectionTokenManager message=refreshToken
12-17 17:38:11.497   894   894 I ConfigStore: android::hardware::configstore::V1_0::ISurfaceFlingerConfigs::hasHDRDisplay retrieved: 0
12-17 17:38:11.499   894   894 I chatty  : uid=1000(system) /system/bin/surfaceflinger identical 4 lines
12-17 17:38:11.499   894   894 I ConfigStore: android::hardware::configstore::V1_0::ISurfaceFlingerConfigs::hasHDRDisplay retrieved: 0
12-17 17:38:11.506   670  2270 I vendor.qti.bluetooth@1.0-ibs_handler: ProcessIbsCmd: Received IBS_SLEEP_IND: 0xFE
12-17 17:38:11.514   894   894 I ConfigStore: android::hardware::configstore::V1_0::ISurfaceFlingerConfigs::hasHDRDisplay retrieved: 0
12-17 17:38:11.515   894   894 I chatty  : uid=1000(system) /system/bin/surfaceflinger identical 1 line
12-17 17:38:11.515   894   894 I ConfigStore: android::hardware::configstore::V1_0::ISurfaceFlingerConfigs::hasHDRDisplay retrieved: 0
12-17 17:38:11.515   894   902 W SurfaceFlinger: Attempting to destroy on removed layer: 4486d0e Toast#0
12-17 17:38:11.516   894   894 I ConfigStore: android::hardware::configstore::V1_0::ISurfaceFlingerConfigs::hasHDRDisplay retrieved: 0
12-17 17:38:11.615   894   894 I chatty  : uid=1000(system) /system/bin/surfaceflinger identical 30 lines
12-17 17:38:11.616   894   894 I ConfigStore: android::hardware::configstore::V1_0::ISurfaceFlingerConfigs::hasHDRDisplay retrieved: 0
12-17 17:38:11.622   670  2270 I vendor.qti.bluetooth@1.0-ibs_handler: ProcessIbsCmd: Received IBS_WAKE_IND: 0xFD
12-17 17:38:11.622   670  2270 I vendor.qti.bluetooth@1.0-ibs_handler: ProcessIbsCmd: Writing IBS_WAKE_ACK
12-17 17:38:11.623  1418  1529 D BtGatt.GattService: onScanResult() - eventType=0x1b, addressType=0, address=CC:D3:1E:68:ED:B8, primaryPhy=1, secondaryPhy=0, advertisingSid=0xff, txPower=127, rssi=-64, periodicAdvInt=0x0
12-17 17:38:11.629  1418  1431 D BluetoothDevice: mAddress: CC:D3:1E:68:ED:B8
12-17 17:38:11.629  1418  1431 D BluetoothDevice: mAddress: CC:D3:1E:68:ED:B8
12-17 17:38:11.630   894   894 I ConfigStore: android::hardware::configstore::V1_0::ISurfaceFlingerConfigs::hasHDRDisplay retrieved: 0
12-17 17:38:11.631  1418  1431 D BluetoothDevice: mAddress: CC:D3:1E:68:ED:B8
12-17 17:38:11.631  1418  1431 D BluetoothDevice: mAddress: CC:D3:1E:68:ED:B8
12-17 17:38:11.631   894   894 I ConfigStore: android::hardware::configstore::V1_0::ISurfaceFlingerConfigs::hasHDRDisplay retrieved: 0
12-17 17:38:11.392  1280  2416 I chatty  : uid=1000(system) Binder:1280_E identical 1 line
12-17 17:38:11.632  1280  2416 D SuperPowerApp: 1041 not found
12-17 17:38:11.632  1280  2787 D SuperPowerApp: 1041 not found
12-17 17:38:11.632   894   894 I ConfigStore: android::hardware::configstore::V1_0::ISurfaceFlingerConfigs::hasHDRDisplay retrieved: 0
12-17 17:38:11.632  1418  1431 D BluetoothDevice: mAddress: CC:D3:1E:68:ED:B8
12-17 17:38:11.632  1418  1431 D BluetoothDevice: mAddress: CC:D3:1E:68:ED:B8
12-17 17:38:11.632   894   894 I ConfigStore: android::hardware::configstore::V1_0::ISurfaceFlingerConfigs::hasHDRDisplay retrieved: 0
12-17 17:38:11.632   894   894 I ConfigStore: android::hardware::configstore::V1_0::ISurfaceFlingerConfigs::hasHDRDisplay retrieved: 0
12-17 17:38:11.633  1418  1431 D BluetoothDevice: mAddress: CC:D3:1E:68:ED:B8
12-17 17:38:11.637  1418  1431 I chatty  : uid=1002(bluetooth) Binder:1418_3 identical 10 lines
12-17 17:38:11.637  1418  1431 D BluetoothDevice: mAddress: CC:D3:1E:68:ED:B8
12-17 17:38:11.647   894   894 I ConfigStore: android::hardware::configstore::V1_0::ISurfaceFlingerConfigs::hasHDRDisplay retrieved: 0
12-17 17:38:11.648   894   894 I chatty  : uid=1000(system) /system/bin/surfaceflinger identical 3 lines
12-17 17:38:11.649   894   894 I ConfigStore: android::hardware::configstore::V1_0::ISurfaceFlingerConfigs::hasHDRDisplay retrieved: 0
12-17 17:38:11.662   670  2270 I vendor.qti.bluetooth@1.0-ibs_handler: ProcessIbsCmd: Received IBS_SLEEP_IND: 0xFE
12-17 17:38:11.664   894   894 I ConfigStore: android::hardware::configstore::V1_0::ISurfaceFlingerConfigs::hasHDRDisplay retrieved: 0
12-17 17:38:11.764   894   894 I chatty  : uid=1000(system) /system/bin/surfaceflinger identical 33 lines
12-17 17:38:11.764   894   894 I ConfigStore: android::hardware::configstore::V1_0::ISurfaceFlingerConfigs::hasHDRDisplay retrieved: 0
12-17 17:38:11.779   670  2270 I vendor.qti.bluetooth@1.0-ibs_handler: ProcessIbsCmd: Received IBS_WAKE_IND: 0xFD
12-17 17:38:11.779   670  2270 I vendor.qti.bluetooth@1.0-ibs_handler: ProcessIbsCmd: Writing IBS_WAKE_ACK
12-17 17:38:11.779   894   894 I ConfigStore: android::hardware::configstore::V1_0::ISurfaceFlingerConfigs::hasHDRDisplay retrieved: 0
12-17 17:38:11.780  1418  1529 D BtGatt.GattService: onScanResult() - eventType=0x1b, addressType=0, address=CC:D3:1E:68:ED:B8, primaryPhy=1, secondaryPhy=0, advertisingSid=0xff, txPower=127, rssi=-64, periodicAdvInt=0x0
12-17 17:38:11.780   894   894 I ConfigStore: android::hardware::configstore::V1_0::ISurfaceFlingerConfigs::hasHDRDisplay retrieved: 0
12-17 17:38:11.781   894   894 I chatty  : uid=1000(system) /system/bin/surfaceflinger identical 3 lines
12-17 17:38:11.796   894   894 I ConfigStore: android::hardware::configstore::V1_0::ISurfaceFlingerConfigs::hasHDRDisplay retrieved: 0
12-17 17:38:11.796  1418  1431 D BluetoothDevice: mAddress: CC:D3:1E:68:ED:B8
12-17 17:38:11.796  1418  1431 D BluetoothDevice: mAddress: CC:D3:1E:68:ED:B8
12-17 17:38:11.797   894   894 I ConfigStore: android::hardware::configstore::V1_0::ISurfaceFlingerConfigs::hasHDRDisplay retrieved: 0
12-17 17:38:11.797   894   894 I chatty  : uid=1000(system) /system/bin/surfaceflinger identical 1 line
12-17 17:38:11.798   894   894 I ConfigStore: android::hardware::configstore::V1_0::ISurfaceFlingerConfigs::hasHDRDisplay retrieved: 0
12-17 17:38:11.798  1418  1431 D BluetoothDevice: mAddress: CC:D3:1E:68:ED:B8
12-17 17:38:11.798  1418  1431 D BluetoothDevice: mAddress: CC:D3:1E:68:ED:B8
12-17 17:38:11.798   894   894 I ConfigStore: android::hardware::configstore::V1_0::ISurfaceFlingerConfigs::hasHDRDisplay retrieved: 0
12-17 17:38:11.799  1418  1431 D BluetoothDevice: mAddress: CC:D3:1E:68:ED:B8
12-17 17:38:11.802  1418  1431 I chatty  : uid=1002(bluetooth) Binder:1418_3 identical 10 lines
12-17 17:38:11.802  1418  1431 D BluetoothDevice: mAddress: CC:D3:1E:68:ED:B8
12-17 17:38:11.803  1418  2385 D BluetoothDevice: mAddress: CC:D3:1E:68:ED:B8
12-17 17:38:11.803  1418  2385 D BluetoothDevice: mAddress: CC:D3:1E:68:ED:B8
12-17 17:38:11.813   894   894 I ConfigStore: android::hardware::configstore::V1_0::ISurfaceFlingerConfigs::hasHDRDisplay retrieved: 0
12-17 17:38:11.814   894   894 I chatty  : uid=1000(system) /system/bin/surfaceflinger identical 3 lines
12-17 17:38:11.814   894   894 I ConfigStore: android::hardware::configstore::V1_0::ISurfaceFlingerConfigs::hasHDRDisplay retrieved: 0
12-17 17:38:11.820   670  2270 I vendor.qti.bluetooth@1.0-ibs_handler: ProcessIbsCmd: Received IBS_SLEEP_IND: 0xFE
12-17 17:38:11.829   894   894 I ConfigStore: android::hardware::configstore::V1_0::ISurfaceFlingerConfigs::hasHDRDisplay retrieved: 0
12-17 17:38:11.831   894   894 I chatty  : uid=1000(system) /system/bin/surfaceflinger identical 3 lines
12-17 17:38:11.831   894   894 I ConfigStore: android::hardware::configstore::V1_0::ISurfaceFlingerConfigs::hasHDRDisplay retrieved: 0
12-17 17:38:11.846  2315  2315 D StripeTerminal: class=ConnectionTokenManager message=fetchConnectionToken.onSuccess
12-17 17:38:11.846   894   894 I ConfigStore: android::hardware::configstore::V1_0::ISurfaceFlingerConfigs::hasHDRDisplay retrieved: 0
12-17 17:38:11.846  2315  3594 D StripeTerminal: class=ApiClient message=discoverLocations
12-17 17:38:11.847   894   894 I ConfigStore: android::hardware::configstore::V1_0::ISurfaceFlingerConfigs::hasHDRDisplay retrieved: 0
12-17 17:38:11.847   894   894 I chatty  : uid=1000(system) /system/bin/surfaceflinger identical 2 lines
12-17 17:38:11.848   894   894 I ConfigStore: android::hardware::configstore::V1_0::ISurfaceFlingerConfigs::hasHDRDisplay retrieved: 0
12-17 17:38:11.849  2315  3594 I StripeTerminal: class=RestClient message="url=https://api.stripe.com//v1/terminal/readers/discover request={"readers":["STRM26138002626"]}"
12-17 17:38:11.863   894   894 I ConfigStore: android::hardware::configstore::V1_0::ISurfaceFlingerConfigs::hasHDRDisplay retrieved: 0
12-17 17:38:11.931   894   894 I chatty  : uid=1000(system) /system/bin/surfaceflinger identical 23 lines
12-17 17:38:11.931   894   894 I ConfigStore: android::hardware::configstore::V1_0::ISurfaceFlingerConfigs::hasHDRDisplay retrieved: 0
12-17 17:38:11.938   670  2270 I vendor.qti.bluetooth@1.0-ibs_handler: ProcessIbsCmd: Received IBS_WAKE_IND: 0xFD
12-17 17:38:11.938   670  2270 I vendor.qti.bluetooth@1.0-ibs_handler: ProcessIbsCmd: Writing IBS_WAKE_ACK
12-17 17:38:11.939  1418  1529 D BtGatt.GattService: onScanResult() - eventType=0x1b, addressType=0, address=CC:D3:1E:68:ED:B8, primaryPhy=1, secondaryPhy=0, advertisingSid=0xff, txPower=127, rssi=-64, periodicAdvInt=0x0
12-17 17:38:11.946   894   894 I ConfigStore: android::hardware::configstore::V1_0::ISurfaceFlingerConfigs::hasHDRDisplay retrieved: 0
12-17 17:38:11.946  1418  2385 D BluetoothDevice: mAddress: CC:D3:1E:68:ED:B8
12-17 17:38:11.946  1418  2385 D BluetoothDevice: mAddress: CC:D3:1E:68:ED:B8
12-17 17:38:11.947   894   894 I ConfigStore: android::hardware::configstore::V1_0::ISurfaceFlingerConfigs::hasHDRDisplay retrieved: 0
12-17 17:38:11.947   894   894 I ConfigStore: android::hardware::configstore::V1_0::ISurfaceFlingerConfigs::hasHDRDisplay retrieved: 0
12-17 17:38:11.947  1418  2385 D BluetoothDevice: mAddress: CC:D3:1E:68:ED:B8
12-17 17:38:11.947  1418  2385 D BluetoothDevice: mAddress: CC:D3:1E:68:ED:B8
12-17 17:38:11.947   894   894 I ConfigStore: android::hardware::configstore::V1_0::ISurfaceFlingerConfigs::hasHDRDisplay retrieved: 0
12-17 17:38:11.947   894   894 I ConfigStore: android::hardware::configstore::V1_0::ISurfaceFlingerConfigs::hasHDRDisplay retrieved: 0
12-17 17:38:11.948  1418  2385 D BluetoothDevice: mAddress: CC:D3:1E:68:ED:B8
12-17 17:38:11.949  1418  2385 I chatty  : uid=1002(bluetooth) Binder:1418_5 identical 2 lines
12-17 17:38:11.949  1418  2385 D BluetoothDevice: mAddress: CC:D3:1E:68:ED:B8
12-17 17:38:11.950  1418  1431 D BluetoothDevice: mAddress: CC:D3:1E:68:ED:B8
12-17 17:38:11.954  1418  1431 I chatty  : uid=1002(bluetooth) Binder:1418_3 identical 8 lines
12-17 17:38:11.954  1418  1431 D BluetoothDevice: mAddress: CC:D3:1E:68:ED:B8
12-17 17:38:11.963   894   894 I ConfigStore: android::hardware::configstore::V1_0::ISurfaceFlingerConfigs::hasHDRDisplay retrieved: 0
12-17 17:38:11.964   894   894 I chatty  : uid=1000(system) /system/bin/surfaceflinger identical 3 lines
12-17 17:38:11.964   894   894 I ConfigStore: android::hardware::configstore::V1_0::ISurfaceFlingerConfigs::hasHDRDisplay retrieved: 0
12-17 17:38:11.978   670  2270 I vendor.qti.bluetooth@1.0-ibs_handler: ProcessIbsCmd: Received IBS_SLEEP_IND: 0xFE
12-17 17:38:11.979   894   894 I ConfigStore: android::hardware::configstore::V1_0::ISurfaceFlingerConfigs::hasHDRDisplay retrieved: 0
12-17 17:38:12.081   894   894 I chatty  : uid=1000(system) /system/bin/surfaceflinger identical 34 lines
12-17 17:38:12.096   894   894 I ConfigStore: android::hardware::configstore::V1_0::ISurfaceFlingerConfigs::hasHDRDisplay retrieved: 0
12-17 17:38:12.096   670  2270 I vendor.qti.bluetooth@1.0-ibs_handler: ProcessIbsCmd: Received IBS_WAKE_IND: 0xFD
12-17 17:38:12.096   670  2270 I vendor.qti.bluetooth@1.0-ibs_handler: ProcessIbsCmd: Writing IBS_WAKE_ACK
12-17 17:38:12.097   894   894 I ConfigStore: android::hardware::configstore::V1_0::ISurfaceFlingerConfigs::hasHDRDisplay retrieved: 0
12-17 17:38:12.097  1418  1529 D BtGatt.GattService: onScanResult() - eventType=0x1b, addressType=0, address=CC:D3:1E:68:ED:B8, primaryPhy=1, secondaryPhy=0, advertisingSid=0xff, txPower=127, rssi=-63, periodicAdvInt=0x0
12-17 17:38:12.097   894   894 I ConfigStore: android::hardware::configstore::V1_0::ISurfaceFlingerConfigs::hasHDRDisplay retrieved: 0
12-17 17:38:12.098   894   894 I chatty  : uid=1000(system) /system/bin/surfaceflinger identical 2 lines
12-17 17:38:12.113   894   894 I ConfigStore: android::hardware::configstore::V1_0::ISurfaceFlingerConfigs::hasHDRDisplay retrieved: 0
12-17 17:38:12.113  1418  1431 D BluetoothDevice: mAddress: CC:D3:1E:68:ED:B8
12-17 17:38:12.113  1418  1431 D BluetoothDevice: mAddress: CC:D3:1E:68:ED:B8
12-17 17:38:12.114   894   894 I ConfigStore: android::hardware::configstore::V1_0::ISurfaceFlingerConfigs::hasHDRDisplay retrieved: 0
12-17 17:38:12.114  1418  1431 D BluetoothDevice: mAddress: CC:D3:1E:68:ED:B8
12-17 17:38:12.114   894   894 I ConfigStore: android::hardware::configstore::V1_0::ISurfaceFlingerConfigs::hasHDRDisplay retrieved: 0
12-17 17:38:12.114  1418  1431 D BluetoothDevice: mAddress: CC:D3:1E:68:ED:B8
12-17 17:38:12.114   894   894 I ConfigStore: android::hardware::configstore::V1_0::ISurfaceFlingerConfigs::hasHDRDisplay retrieved: 0
12-17 17:38:12.114   894   894 I ConfigStore: android::hardware::configstore::V1_0::ISurfaceFlingerConfigs::hasHDRDisplay retrieved: 0
12-17 17:38:12.115  1418  1431 D BluetoothDevice: mAddress: CC:D3:1E:68:ED:B8
12-17 17:38:12.120  1418  1431 I chatty  : uid=1002(bluetooth) Binder:1418_3 identical 12 lines
12-17 17:38:12.120  1418  1431 D BluetoothDevice: mAddress: CC:D3:1E:68:ED:B8
12-17 17:38:12.129   894   894 I ConfigStore: android::hardware::configstore::V1_0::ISurfaceFlingerConfigs::hasHDRDisplay retrieved: 0
12-17 17:38:12.131   894   894 I chatty  : uid=1000(system) /system/bin/surfaceflinger identical 3 lines
12-17 17:38:12.131   894   894 I ConfigStore: android::hardware::configstore::V1_0::ISurfaceFlingerConfigs::hasHDRDisplay retrieved: 0
12-17 17:38:12.137   670  2270 I vendor.qti.bluetooth@1.0-ibs_handler: ProcessIbsCmd: Received IBS_SLEEP_IND: 0xFE
12-17 17:38:12.146   894   894 I ConfigStore: android::hardware::configstore::V1_0::ISurfaceFlingerConfigs::hasHDRDisplay retrieved: 0
12-17 17:38:12.331   894   894 I chatty  : uid=1000(system) /system/bin/surfaceflinger identical 59 lines
12-17 17:38:12.346   894   894 I ConfigStore: android::hardware::configstore::V1_0::ISurfaceFlingerConfigs::hasHDRDisplay retrieved: 0
12-17 17:38:12.346  2315  3594 I RestResponse: REST response with code 200 received
12-17 17:38:12.346  2315  3594 I RestResponse: request-id: req_1ru80dvjhrLL8V
12-17 17:38:12.347   894   894 I ConfigStore: android::hardware::configstore::V1_0::ISurfaceFlingerConfigs::hasHDRDisplay retrieved: 0
12-17 17:38:12.348   894   894 I chatty  : uid=1000(system) /system/bin/surfaceflinger identical 2 lines
12-17 17:38:12.348   894   894 I ConfigStore: android::hardware::configstore::V1_0::ISurfaceFlingerConfigs::hasHDRDisplay retrieved: 0
12-17 17:38:12.348  2315  3594 I StripeTerminal: class=RestClient message="url=https://api.stripe.com//v1/terminal/readers/discover status=OK headers={access-control-allow-credentials=true, access-control-allow-methods=GET, POST, HEAD, OPTIONS, DELETE, access-control-allow-origin=*, access-control-expose-headers=Request-Id, Stripe-Manage-Version, X-Stripe-External-Auth-Required, X-Stripe-Privileged-Session-Required, access-control-max-age=300, cache-control=no-cache, no-store, content-length=517, content-type=application/json, date=Fri, 17 Dec 2021 22:38:01 GMT, idempotency-key=1639780691849unknowniBYsZ2bn, original-request=req_1ru80dvjhrLL8V, request-id=req_1ru80dvjhrLL8V, server=nginx, strict-transport-security=max-age=31556926; includeSubDomains; preload, stripe-should-retry=false, stripe-version=2020-08-27} response={"readers":[{"location":{"address":{"city":"Rockville","country":"US","line1":"255 N Washington St","line2":"","postalCode":"20850","state":"MD"},"displayName":"The Spot-Momo Mochi","id":"tml_EW3XOA6udK9iiN","livemode":true},"serialNumbers":["STRM26138002626"]}]}"
12-17 17:38:12.350  1418  1431 D BluetoothDevice: mAddress: CC:D3:1E:68:ED:B8
12-17 17:38:12.352  1418  1431 I chatty  : uid=1002(bluetooth) Binder:1418_3 identical 4 lines
12-17 17:38:12.352  1418  1431 D BluetoothDevice: mAddress: CC:D3:1E:68:ED:B8
12-17 17:38:12.352  2315  3594 I StripeTerminal: class=ProxyDiscoveryListener message=onUpdateDiscoveredReaders([STRM26138002626])
12-17 17:38:12.363   894   894 I ConfigStore: android::hardware::configstore::V1_0::ISurfaceFlingerConfigs::hasHDRDisplay retrieved: 0
12-17 17:38:12.363  2315  3594 D StripeTerminal: class=Terminal message=connectBluetoothReader serial_number=STRM26138002626
12-17 17:38:12.364   894   894 I ConfigStore: android::hardware::configstore::V1_0::ISurfaceFlingerConfigs::hasHDRDisplay retrieved: 0
12-17 17:38:12.364  2315  3594 I StripeTerminal: class=TransactionManager message=endTransaction
12-17 17:38:12.364  2315  3594 I ConnectionManager: endOperation
12-17 17:38:12.364  2315  3594 I UpdateManager: endOperation
12-17 17:38:12.364   894   894 I ConfigStore: android::hardware::configstore::V1_0::ISurfaceFlingerConfigs::hasHDRDisplay retrieved: 0
12-17 17:38:12.364  2315  3594 I StripeTerminal: class=TransactionStateMachine message="onStateChanged: DISCOVER -> CANCELLED: null"
12-17 17:38:12.364   894   894 I ConfigStore: android::hardware::configstore::V1_0::ISurfaceFlingerConfigs::hasHDRDisplay retrieved: 0
12-17 17:38:12.364  2315  3594 I BBBTDiscoveryController: stopDiscoverReaders
12-17 17:38:12.364   894   894 I ConfigStore: android::hardware::configstore::V1_0::ISurfaceFlingerConfigs::hasHDRDisplay retrieved: 0
12-17 17:38:12.366  2315  3594 D BluetoothAdapter: isLeEnabled(): ON
12-17 17:38:12.367  1418  1841 I BtGatt.ScanManager: msg.what = 1
12-17 17:38:12.368  2315  3594 I StripeTerminal: class=TransactionStateMachine message="onStateChanged: CANCELLED -> EMPTY: Transaction cancelled"
12-17 17:38:12.368   670  2270 I vendor.qti.bluetooth@1.0-ibs_handler: ProcessIbsCmd: Received IBS_WAKE_IND: 0xFD
12-17 17:38:12.368   670  2270 I vendor.qti.bluetooth@1.0-ibs_handler: ProcessIbsCmd: Writing IBS_WAKE_ACK
12-17 17:38:12.372  2315  3595 D StripeTerminal: class=BbposAdapter message=connectReader
12-17 17:38:12.372  2315  3595 D StripeTerminal: class=ProxyTerminalListener message=onConnectionStatusChange(CONNECTING)
12-17 17:38:12.377  1418  1431 D BluetoothDevice: mAddress: CC:D3:1E:68:ED:B8
12-17 17:38:12.379  1418  1431 I chatty  : uid=1002(bluetooth) Binder:1418_3 identical 4 lines
12-17 17:38:12.379  1418  1431 D BluetoothDevice: mAddress: CC:D3:1E:68:ED:B8
12-17 17:38:12.380   894   894 I ConfigStore: android::hardware::configstore::V1_0::ISurfaceFlingerConfigs::hasHDRDisplay retrieved: 0
12-17 17:38:12.380  1418  1431 D BluetoothDevice: mAddress: CC:D3:1E:68:ED:B8
12-17 17:38:12.380  1418  1431 D BluetoothDevice: mAddress: CC:D3:1E:68:ED:B8
12-17 17:38:12.380  2315  3595 I ConnectionManager: startConnect
12-17 17:38:12.380  2315  3595 I StripeTerminal: class=TransactionStateMachine message="onStateChanged: EMPTY -> CONNECT: Connect requested"
12-17 17:38:12.381  2315  3595 I BBPOSReaderConnectionController: connectBluetooth
12-17 17:38:12.381   894   894 I ConfigStore: android::hardware::configstore::V1_0::ISurfaceFlingerConfigs::hasHDRDisplay retrieved: 0
12-17 17:38:12.381  2315  3595 D StripeTerminal: class=BBPOSDeviceControllerImpl message=connectBT
12-17 17:38:12.381   894   894 I ConfigStore: android::hardware::configstore::V1_0::ISurfaceFlingerConfigs::hasHDRDisplay retrieved: 0
12-17 17:38:12.381   894   894 I chatty  : uid=1000(system) /system/bin/surfaceflinger identical 1 line
12-17 17:38:12.381   894   894 I ConfigStore: android::hardware::configstore::V1_0::ISurfaceFlingerConfigs::hasHDRDisplay retrieved: 0
12-17 17:38:12.382  1418  1431 D BluetoothDevice: mAddress: CC:D3:1E:68:ED:B8
12-17 17:38:12.382  1418  1431 D BluetoothDevice: mAddress: CC:D3:1E:68:ED:B8
12-17 17:38:12.382  2315  3595 D BluetoothDevice: mAddress: CC:D3:1E:68:ED:B8
12-17 17:38:12.383  1418  1431 D BluetoothDevice: mAddress: CC:D3:1E:68:ED:B8
12-17 17:38:12.385  1418  1431 I chatty  : uid=1002(bluetooth) Binder:1418_3 identical 1 line
12-17 17:38:12.385  1418  1431 D BluetoothDevice: mAddress: CC:D3:1E:68:ED:B8
12-17 17:38:12.386  1418  1431 I AdapterProperties: getBondedDevices: length=2
12-17 17:38:12.386  2315  3595 D BluetoothDevice: mAddress: 00:11:22:33:44:55
12-17 17:38:12.386  2315  3595 D BluetoothDevice: mAddress: CC:D3:1E:68:ED:B8
12-17 17:38:12.387  1418  1431 D BluetoothDevice: mAddress: CC:D3:1E:68:ED:B8
12-17 17:38:12.387  1418  1431 D BluetoothDevice: mAddress: CC:D3:1E:68:ED:B8
12-17 17:38:12.387  2315  3595 D BluetoothDevice: mAddress: CC:D3:1E:68:ED:B8
12-17 17:38:12.387  2315  3595 D BluetoothDevice: mAddress: CC:D3:1E:68:ED:B8
12-17 17:38:12.388  1418  1431 D BluetoothDevice: mAddress: CC:D3:1E:68:ED:B8
12-17 17:38:12.390  2315  3595 D BluetoothDevice: mAddress: CC:D3:1E:68:ED:B8
12-17 17:38:12.390  2315  3595 D BluetoothGatt: connect() - device: CC:D3:1E:68:ED:B8, auto: false
12-17 17:38:12.390  2315  3595 D BluetoothGatt: registerApp()
12-17 17:38:12.390  2315  3595 D BluetoothGatt: registerApp() - UUID=52cc1f3f-ca96-42b2-8c07-57d6f43985b6
12-17 17:38:12.391  1418  2277 I bt_stack: [INFO:gatt_api.cc(949)] GATT_Registerb89f107d-40bc-74b1-4751-727c15a214e7
12-17 17:38:12.391  1418  2277 I bt_stack: [INFO:gatt_api.cc(969)] allocated gatt_if=5
12-17 17:38:12.391  2315  2354 D BluetoothGatt: onClientRegistered() - status=0 clientIf=5
12-17 17:38:12.391  2315  2354 D BluetoothDevice: mAddress: CC:D3:1E:68:ED:B8
12-17 17:38:12.392  1418  1529 D bt_btif_config: btif_get_address_type: Device [cc:d3:1e:68:ed:b8] address type 0
12-17 17:38:12.392  1418  1529 D bt_btif_config: btif_get_device_type: Device [cc:d3:1e:68:ed:b8] type 2
12-17 17:38:12.392  1418  2277 I bt_stack: [INFO:gatt_api.cc(1122)] GATT_Connectgatt_if=5 cc:d3:1e:68:ed:b8
12-17 17:38:12.396   894   894 I ConfigStore: android::hardware::configstore::V1_0::ISurfaceFlingerConfigs::hasHDRDisplay retrieved: 0
12-17 17:38:12.430   894   894 I chatty  : uid=1000(system) /system/bin/surfaceflinger identical 13 lines
12-17 17:38:12.431   894   894 I ConfigStore: android::hardware::configstore::V1_0::ISurfaceFlingerConfigs::hasHDRDisplay retrieved: 0
12-17 17:38:12.433   670  2270 I vendor.qti.bluetooth@1.0-ibs_handler: ProcessIbsCmd: Received IBS_SLEEP_IND: 0xFE
12-17 17:38:12.446   894   894 I ConfigStore: android::hardware::configstore::V1_0::ISurfaceFlingerConfigs::hasHDRDisplay retrieved: 0
12-17 17:38:12.502  1280  1310 W WindowManager: Unable to start animation, surface is null or no children.
12-17 17:38:13.197   894   894 I chatty  : uid=1000(system) /system/bin/surfaceflinger identical 228 lines
12-17 17:38:13.197   894   894 I ConfigStore: android::hardware::configstore::V1_0::ISurfaceFlingerConfigs::hasHDRDisplay retrieved: 0
12-17 17:38:13.204   670  2270 I vendor.qti.bluetooth@1.0-ibs_handler: ProcessIbsCmd: Received IBS_WAKE_IND: 0xFD
12-17 17:38:13.204   670  2270 I vendor.qti.bluetooth@1.0-ibs_handler: ProcessIbsCmd: Writing IBS_WAKE_ACK
12-17 17:38:13.205  1418  2277 W bt_btm  : btm_acl_created hci_handle=3 link_role=0  transport=2
12-17 17:38:13.212   894   894 I ConfigStore: android::hardware::configstore::V1_0::ISurfaceFlingerConfigs::hasHDRDisplay retrieved: 0
12-17 17:38:13.230   894   894 I chatty  : uid=1000(system) /system/bin/surfaceflinger identical 9 lines
12-17 17:38:13.246   894   894 I ConfigStore: android::hardware::configstore::V1_0::ISurfaceFlingerConfigs::hasHDRDisplay retrieved: 0
12-17 17:38:13.246   670  2270 I vendor.qti.bluetooth@1.0-ibs_handler: ProcessIbsCmd: Received IBS_SLEEP_IND: 0xFE
12-17 17:38:13.246   894   894 I ConfigStore: android::hardware::configstore::V1_0::ISurfaceFlingerConfigs::hasHDRDisplay retrieved: 0
12-17 17:38:13.263   894   894 I chatty  : uid=1000(system) /system/bin/surfaceflinger identical 7 lines
12-17 17:38:13.264   894   894 I ConfigStore: android::hardware::configstore::V1_0::ISurfaceFlingerConfigs::hasHDRDisplay retrieved: 0
12-17 17:38:13.277   670  2270 I vendor.qti.bluetooth@1.0-ibs_handler: ProcessIbsCmd: Received IBS_WAKE_IND: 0xFD
12-17 17:38:13.277   670  2270 I vendor.qti.bluetooth@1.0-ibs_handler: ProcessIbsCmd: Writing IBS_WAKE_ACK
12-17 17:38:13.279   894   894 I ConfigStore: android::hardware::configstore::V1_0::ISurfaceFlingerConfigs::hasHDRDisplay retrieved: 0
12-17 17:38:13.314   894   894 I chatty  : uid=1000(system) /system/bin/surfaceflinger identical 13 lines
12-17 17:38:13.314   894   894 I ConfigStore: android::hardware::configstore::V1_0::ISurfaceFlingerConfigs::hasHDRDisplay retrieved: 0
12-17 17:38:13.318   670  2270 I vendor.qti.bluetooth@1.0-ibs_handler: ProcessIbsCmd: Received IBS_SLEEP_IND: 0xFE
12-17 17:38:13.329   894   894 I ConfigStore: android::hardware::configstore::V1_0::ISurfaceFlingerConfigs::hasHDRDisplay retrieved: 0
12-17 17:38:13.364   894   894 I chatty  : uid=1000(system) /system/bin/surfaceflinger identical 13 lines
12-17 17:38:13.364   894   894 I ConfigStore: android::hardware::configstore::V1_0::ISurfaceFlingerConfigs::hasHDRDisplay retrieved: 0
12-17 17:38:13.367   670  2270 I vendor.qti.bluetooth@1.0-ibs_handler: ProcessIbsCmd: Received IBS_WAKE_IND: 0xFD
12-17 17:38:13.367   670  2270 I vendor.qti.bluetooth@1.0-ibs_handler: ProcessIbsCmd: Writing IBS_WAKE_ACK
12-17 17:38:13.367  1418  2277 W bt_smp  : smp_br_connect_callback is called on unexpected transport 2
12-17 17:38:13.367  1418  2277 W bt_btm  : btm_read_remote_version_complete lmp_version 8 manufacturer 1294 lmp_subversion 4
12-17 17:38:13.367  1418  2277 E bt_btif : bta_dm_acl_change new acl connetion:count = 1
12-17 17:38:13.367  1418  2277 W bt_btif : bta_dm_acl_change info: 0x0
12-17 17:38:13.367  1418  2277 W bt_l2cap: L2CA_SetDesireRole() new:x1, disallow_switch:0
12-17 17:38:13.367  1418  1529 D bt_btif_dm: remote version info [cc:d3:1e:68:ed:b8]: 0, 0, 0
12-17 17:38:13.367  1418  2277 E bt_btif : bta_gattc_rebuild_cache: bta_gattc_rebuild_cache
12-17 17:38:13.369  2315  2354 D BluetoothGatt: onClientConnectionState() - status=0 clientIf=5 device=CC:D3:1E:68:ED:B8
12-17 17:38:13.369  2315  2354 D BluetoothDevice: mAddress: CC:D3:1E:68:ED:B8
12-17 17:38:13.369  2315  2354 D BluetoothDevice: mAddress: CC:D3:1E:68:ED:B8
12-17 17:38:13.369  2315  2354 D BluetoothGatt: discoverServices() - device: CC:D3:1E:68:ED:B8
12-17 17:38:13.369  2315  2354 D BluetoothDevice: mAddress: CC:D3:1E:68:ED:B8
12-17 17:38:13.369  1418  1529 E bt_btif_gattc: btif_gattc_upstreams_evt: Unhandled event (7)!
12-17 17:38:13.369  1418  1529 I chatty  : uid=1002(bluetooth) BT Service Call identical 4 lines
12-17 17:38:13.369  1418  1529 E bt_btif_gattc: btif_gattc_upstreams_evt: Unhandled event (7)!
12-17 17:38:13.370  1418  1529 D bt_bta_gattc: bta_gattc_get_gatt_db
12-17 17:38:13.371  2315  2354 D BluetoothGatt: onSearchComplete() = Device=CC:D3:1E:68:ED:B8 Status=0
12-17 17:38:13.371  2315  2354 D BluetoothDevice: mAddress: CC:D3:1E:68:ED:B8
12-17 17:38:13.371  2315  2354 I chatty  : uid=10107(io.ubt.alaeat.pos.t2.thespot) Binder:2315_4 identical 5 lines
12-17 17:38:13.371  2315  2354 D BluetoothDevice: mAddress: CC:D3:1E:68:ED:B8
12-17 17:38:13.371  2315  2354 D BluetoothGatt: setCharacteristicNotification() - uuid: 0000ffa1-0000-1000-8000-00805f9b34fb enable: true
12-17 17:38:13.371  2315  2354 D BluetoothDevice: mAddress: CC:D3:1E:68:ED:B8
12-17 17:38:13.372  2315  2354 D BluetoothDevice: mAddress: CC:D3:1E:68:ED:B8
12-17 17:38:13.373  1418  1431 D BtGatt.GattService: writeDescriptor() - address=CC:D3:1E:68:ED:B8
12-17 17:38:13.379   894   894 I ConfigStore: android::hardware::configstore::V1_0::ISurfaceFlingerConfigs::hasHDRDisplay retrieved: 0
12-17 17:38:13.397   894   894 I chatty  : uid=1000(system) /system/bin/surfaceflinger identical 8 lines
12-17 17:38:13.397   894   894 I ConfigStore: android::hardware::configstore::V1_0::ISurfaceFlingerConfigs::hasHDRDisplay retrieved: 0
12-17 17:38:13.409   670  2270 I vendor.qti.bluetooth@1.0-ibs_handler: ProcessIbsCmd: Received IBS_SLEEP_IND: 0xFE
12-17 17:38:13.412   894   894 I ConfigStore: android::hardware::configstore::V1_0::ISurfaceFlingerConfigs::hasHDRDisplay retrieved: 0
12-17 17:38:13.580   894   894 I chatty  : uid=1000(system) /system/bin/surfaceflinger identical 53 lines
12-17 17:38:13.580   894   894 I ConfigStore: android::hardware::configstore::V1_0::ISurfaceFlingerConfigs::hasHDRDisplay retrieved: 0
12-17 17:38:13.592   670  2270 I vendor.qti.bluetooth@1.0-ibs_handler: ProcessIbsCmd: Received IBS_WAKE_IND: 0xFD
12-17 17:38:13.592   670  2270 I vendor.qti.bluetooth@1.0-ibs_handler: ProcessIbsCmd: Writing IBS_WAKE_ACK
12-17 17:38:13.596   894   894 I ConfigStore: android::hardware::configstore::V1_0::ISurfaceFlingerConfigs::hasHDRDisplay retrieved: 0
12-17 17:38:13.630   894   894 I chatty  : uid=1000(system) /system/bin/surfaceflinger identical 13 lines
12-17 17:38:13.631   894   894 I ConfigStore: android::hardware::configstore::V1_0::ISurfaceFlingerConfigs::hasHDRDisplay retrieved: 0
12-17 17:38:13.632   670  2270 I vendor.qti.bluetooth@1.0-ibs_handler: ProcessIbsCmd: Received IBS_SLEEP_IND: 0xFE
12-17 17:38:13.636   670  2270 I vendor.qti.bluetooth@1.0-ibs_handler: ProcessIbsCmd: Received IBS_WAKE_IND: 0xFD
12-17 17:38:13.637   670  2270 I vendor.qti.bluetooth@1.0-ibs_handler: ProcessIbsCmd: Writing IBS_WAKE_ACK
12-17 17:38:13.646   894   894 I ConfigStore: android::hardware::configstore::V1_0::ISurfaceFlingerConfigs::hasHDRDisplay retrieved: 0
12-17 17:38:13.663   894   894 I chatty  : uid=1000(system) /system/bin/surfaceflinger identical 8 lines
12-17 17:38:13.663   894   894 I ConfigStore: android::hardware::configstore::V1_0::ISurfaceFlingerConfigs::hasHDRDisplay retrieved: 0
12-17 17:38:13.677   670  2270 I vendor.qti.bluetooth@1.0-ibs_handler: ProcessIbsCmd: Received IBS_SLEEP_IND: 0xFE
12-17 17:38:13.679   894   894 I ConfigStore: android::hardware::configstore::V1_0::ISurfaceFlingerConfigs::hasHDRDisplay retrieved: 0
12-17 17:38:13.680   894   894 I chatty  : uid=1000(system) /system/bin/surfaceflinger identical 3 lines
12-17 17:38:13.681   894   894 I ConfigStore: android::hardware::configstore::V1_0::ISurfaceFlingerConfigs::hasHDRDisplay retrieved: 0
12-17 17:38:13.682   670  2270 I vendor.qti.bluetooth@1.0-ibs_handler: ProcessIbsCmd: Received IBS_WAKE_IND: 0xFD
12-17 17:38:13.682   670  2270 I vendor.qti.bluetooth@1.0-ibs_handler: ProcessIbsCmd: Writing IBS_WAKE_ACK
12-17 17:38:13.682  1418  1529 D BtGatt.GattService: onWriteDescriptor() - address=CC:D3:1E:68:ED:B8, status=0
12-17 17:38:13.682  2315  2354 D BluetoothDevice: mAddress: CC:D3:1E:68:ED:B8
12-17 17:38:13.696   894   894 I ConfigStore: android::hardware::configstore::V1_0::ISurfaceFlingerConfigs::hasHDRDisplay retrieved: 0
12-17 17:38:13.714   894   894 I chatty  : uid=1000(system) /system/bin/surfaceflinger identical 8 lines
12-17 17:38:13.714   894   894 I ConfigStore: android::hardware::configstore::V1_0::ISurfaceFlingerConfigs::hasHDRDisplay retrieved: 0
12-17 17:38:13.722   670  2270 I vendor.qti.bluetooth@1.0-ibs_handler: ProcessIbsCmd: Received IBS_SLEEP_IND: 0xFE
12-17 17:38:13.729   894   894 I ConfigStore: android::hardware::configstore::V1_0::ISurfaceFlingerConfigs::hasHDRDisplay retrieved: 0
12-17 17:38:13.880   894   894 I chatty  : uid=1000(system) /system/bin/surfaceflinger identical 48 lines
12-17 17:38:13.881   894   894 I ConfigStore: android::hardware::configstore::V1_0::ISurfaceFlingerConfigs::hasHDRDisplay retrieved: 0
12-17 17:38:13.884  2315 10497 D BluetoothGatt: requestConnectionPriority() - params: 1
12-17 17:38:13.884  2315 10497 D BluetoothDevice: mAddress: CC:D3:1E:68:ED:B8
12-17 17:38:13.885  2315 10497 D BluetoothDevice: mAddress: CC:D3:1E:68:ED:B8
12-17 17:38:13.885  1418  1431 D BtGatt.GattService: writeCharacteristic() - address=CC:D3:1E:68:ED:B8
12-17 17:38:13.885   670  2270 I vendor.qti.bluetooth@1.0-ibs_handler: ProcessIbsCmd: Received IBS_WAKE_IND: 0xFD
12-17 17:38:13.885   670  2270 I vendor.qti.bluetooth@1.0-ibs_handler: ProcessIbsCmd: Writing IBS_WAKE_ACK
12-17 17:38:13.896   894   894 I ConfigStore: android::hardware::configstore::V1_0::ISurfaceFlingerConfigs::hasHDRDisplay retrieved: 0
12-17 17:38:13.947   894   894 I chatty  : uid=1000(system) /system/bin/surfaceflinger identical 18 lines
12-17 17:38:13.947   894   894 I ConfigStore: android::hardware::configstore::V1_0::ISurfaceFlingerConfigs::hasHDRDisplay retrieved: 0
12-17 17:38:13.947   670  2270 I vendor.qti.bluetooth@1.0-ibs_handler: ProcessIbsCmd: Received IBS_SLEEP_IND: 0xFE
12-17 17:38:13.951   670  2270 I vendor.qti.bluetooth@1.0-ibs_handler: ProcessIbsCmd: Received IBS_WAKE_IND: 0xFD
12-17 17:38:13.951   670  2270 I vendor.qti.bluetooth@1.0-ibs_handler: ProcessIbsCmd: Writing IBS_WAKE_ACK
12-17 17:38:13.952  1418  1529 D BtGatt.GattService: onWriteCharacteristic() - address=CC:D3:1E:68:ED:B8, status=0
12-17 17:38:13.952  2315  2354 D BluetoothDevice: mAddress: CC:D3:1E:68:ED:B8
12-17 17:38:13.952  1418  2277 E bt_btif : bta_gattc_process_indicate, ignore HID ind/notificiation
12-17 17:38:13.952  1418  1529 D BtGatt.GattService: onNotify() - address=CC:D3:1E:68:ED:B8, handle=42, length=10
12-17 17:38:13.953  2315  2354 D BluetoothDevice: mAddress: CC:D3:1E:68:ED:B8
12-17 17:38:13.954  2315 10496 D BluetoothDevice: mAddress: CC:D3:1E:68:ED:B8
12-17 17:38:13.954  1418  1431 D BtGatt.GattService: writeCharacteristic() - address=CC:D3:1E:68:ED:B8
12-17 17:38:13.962   894   894 I ConfigStore: android::hardware::configstore::V1_0::ISurfaceFlingerConfigs::hasHDRDisplay retrieved: 0
12-17 17:38:13.980   894   894 I chatty  : uid=1000(system) /system/bin/surfaceflinger identical 8 lines
12-17 17:38:13.980   894   894 I ConfigStore: android::hardware::configstore::V1_0::ISurfaceFlingerConfigs::hasHDRDisplay retrieved: 0
12-17 17:38:13.992   670  2270 I vendor.qti.bluetooth@1.0-ibs_handler: ProcessIbsCmd: Received IBS_SLEEP_IND: 0xFE
12-17 17:38:13.996   894   894 I ConfigStore: android::hardware::configstore::V1_0::ISurfaceFlingerConfigs::hasHDRDisplay retrieved: 0
12-17 17:38:13.997   670  2270 I vendor.qti.bluetooth@1.0-ibs_handler: ProcessIbsCmd: Received IBS_WAKE_IND: 0xFD
12-17 17:38:13.997   670  2270 I vendor.qti.bluetooth@1.0-ibs_handler: ProcessIbsCmd: Writing IBS_WAKE_ACK
12-17 17:38:13.997   894   894 I ConfigStore: android::hardware::configstore::V1_0::ISurfaceFlingerConfigs::hasHDRDisplay retrieved: 0
12-17 17:38:14.030   894   894 I chatty  : uid=1000(system) /system/bin/surfaceflinger identical 12 lines
12-17 17:38:14.031   894   894 I ConfigStore: android::hardware::configstore::V1_0::ISurfaceFlingerConfigs::hasHDRDisplay retrieved: 0
12-17 17:38:14.037   670  2270 I vendor.qti.bluetooth@1.0-ibs_handler: ProcessIbsCmd: Received IBS_SLEEP_IND: 0xFE
12-17 17:38:14.041   670  2270 I vendor.qti.bluetooth@1.0-ibs_handler: ProcessIbsCmd: Received IBS_WAKE_IND: 0xFD
12-17 17:38:14.041   670  2270 I vendor.qti.bluetooth@1.0-ibs_handler: ProcessIbsCmd: Writing IBS_WAKE_ACK
12-17 17:38:14.042  1418  1529 D BtGatt.GattService: onWriteCharacteristic() - address=CC:D3:1E:68:ED:B8, status=0
12-17 17:38:14.042  2315  2354 D BluetoothDevice: mAddress: CC:D3:1E:68:ED:B8
12-17 17:38:14.042  1418  2277 E bt_btif : bta_gattc_process_indicate, ignore HID ind/notificiation
12-17 17:38:14.042  1418  1529 D BtGatt.GattService: onNotify() - address=CC:D3:1E:68:ED:B8, handle=42, length=20
12-17 17:38:14.043  2315  2354 D BluetoothDevice: mAddress: CC:D3:1E:68:ED:B8
12-17 17:38:14.043  1418  2277 E bt_btif : bta_gattc_process_indicate, ignore HID ind/notificiation
12-17 17:38:14.043  1418  1529 D BtGatt.GattService: onNotify() - address=CC:D3:1E:68:ED:B8, handle=42, length=20
12-17 17:38:14.043  2315  2354 D BluetoothDevice: mAddress: CC:D3:1E:68:ED:B8
12-17 17:38:14.044  1418  2277 E bt_btif : bta_gattc_process_indicate, ignore HID ind/notificiation
12-17 17:38:14.044  1418  1529 D BtGatt.GattService: onNotify() - address=CC:D3:1E:68:ED:B8, handle=42, length=20
12-17 17:38:14.044  2315  2354 D BluetoothDevice: mAddress: CC:D3:1E:68:ED:B8
12-17 17:38:14.044  1418  2277 E bt_btif : bta_gattc_process_indicate, ignore HID ind/notificiation
12-17 17:38:14.044  1418  1529 D BtGatt.GattService: onNotify() - address=CC:D3:1E:68:ED:B8, handle=42, length=3
12-17 17:38:14.045  2315  2354 D BluetoothDevice: mAddress: CC:D3:1E:68:ED:B8
12-17 17:38:14.046   894   894 I ConfigStore: android::hardware::configstore::V1_0::ISurfaceFlingerConfigs::hasHDRDisplay retrieved: 0
12-17 17:38:14.047   894   894 I chatty  : uid=1000(system) /system/bin/surfaceflinger identical 3 lines
12-17 17:38:14.047   894   894 I ConfigStore: android::hardware::configstore::V1_0::ISurfaceFlingerConfigs::hasHDRDisplay retrieved: 0
12-17 17:38:14.048  1457  1569 I vol.Events: writeEvent mute_changed STREAM_MUSIC true
12-17 17:38:14.062   894   894 I ConfigStore: android::hardware::configstore::V1_0::ISurfaceFlingerConfigs::hasHDRDisplay retrieved: 0
12-17 17:38:14.064   894   894 I chatty  : uid=1000(system) /system/bin/surfaceflinger identical 3 lines
12-17 17:38:14.064   894   894 I ConfigStore: android::hardware::configstore::V1_0::ISurfaceFlingerConfigs::hasHDRDisplay retrieved: 0
12-17 17:38:14.066  2315 10504 D BluetoothDevice: mAddress: CC:D3:1E:68:ED:B8
12-17 17:38:14.067  1418  1431 D BtGatt.GattService: writeCharacteristic() - address=CC:D3:1E:68:ED:B8
12-17 17:38:14.079   894   894 I ConfigStore: android::hardware::configstore::V1_0::ISurfaceFlingerConfigs::hasHDRDisplay retrieved: 0
12-17 17:38:14.081   894   894 I chatty  : uid=1000(system) /system/bin/surfaceflinger identical 3 lines
12-17 17:38:14.081   894   894 I ConfigStore: android::hardware::configstore::V1_0::ISurfaceFlingerConfigs::hasHDRDisplay retrieved: 0
12-17 17:38:14.084   670  2270 I vendor.qti.bluetooth@1.0-ibs_handler: ProcessIbsCmd: Received IBS_SLEEP_IND: 0xFE
12-17 17:38:14.087   670  2270 I vendor.qti.bluetooth@1.0-ibs_handler: ProcessIbsCmd: Received IBS_WAKE_IND: 0xFD
12-17 17:38:14.087   670  2270 I vendor.qti.bluetooth@1.0-ibs_handler: ProcessIbsCmd: Writing IBS_WAKE_ACK
12-17 17:38:14.096   894   894 I ConfigStore: android::hardware::configstore::V1_0::ISurfaceFlingerConfigs::hasHDRDisplay retrieved: 0
12-17 17:38:14.114   894   894 I chatty  : uid=1000(system) /system/bin/surfaceflinger identical 8 lines
12-17 17:38:14.114   894   894 I ConfigStore: android::hardware::configstore::V1_0::ISurfaceFlingerConfigs::hasHDRDisplay retrieved: 0
12-17 17:38:14.127   670  2270 I vendor.qti.bluetooth@1.0-ibs_handler: ProcessIbsCmd: Received IBS_SLEEP_IND: 0xFE
12-17 17:38:14.129   894   894 I ConfigStore: android::hardware::configstore::V1_0::ISurfaceFlingerConfigs::hasHDRDisplay retrieved: 0
12-17 17:38:14.130   894   894 I chatty  : uid=1000(system) /system/bin/surfaceflinger identical 3 lines
12-17 17:38:14.131   894   894 I ConfigStore: android::hardware::configstore::V1_0::ISurfaceFlingerConfigs::hasHDRDisplay retrieved: 0
12-17 17:38:14.131   670  2270 I vendor.qti.bluetooth@1.0-ibs_handler: ProcessIbsCmd: Received IBS_WAKE_IND: 0xFD
12-17 17:38:14.131   670  2270 I vendor.qti.bluetooth@1.0-ibs_handler: ProcessIbsCmd: Writing IBS_WAKE_ACK
12-17 17:38:14.132  1418  1529 D BtGatt.GattService: onWriteCharacteristic() - address=CC:D3:1E:68:ED:B8, status=0
12-17 17:38:14.132  1418  2277 E bt_btif : bta_gattc_process_indicate, ignore HID ind/notificiation
12-17 17:38:14.132  2315  2354 D BluetoothDevice: mAddress: CC:D3:1E:68:ED:B8
12-17 17:38:14.132  1418  1529 D BtGatt.GattService: onNotify() - address=CC:D3:1E:68:ED:B8, handle=42, length=20
12-17 17:38:14.133  2315  2354 D BluetoothDevice: mAddress: CC:D3:1E:68:ED:B8
12-17 17:38:14.133  1418  2277 E bt_btif : bta_gattc_process_indicate, ignore HID ind/notificiation
12-17 17:38:14.133  1418  1529 D BtGatt.GattService: onNotify() - address=CC:D3:1E:68:ED:B8, handle=42, length=20
12-17 17:38:14.133  2315  2354 D BluetoothDevice: mAddress: CC:D3:1E:68:ED:B8
12-17 17:38:14.134  1418  2277 E bt_btif : bta_gattc_process_indicate, ignore HID ind/notificiation
12-17 17:38:14.134  1418  1529 D BtGatt.GattService: onNotify() - address=CC:D3:1E:68:ED:B8, handle=42, length=20
12-17 17:38:14.134  2315  2354 D BluetoothDevice: mAddress: CC:D3:1E:68:ED:B8
12-17 17:38:14.134  1418  2277 E bt_btif : bta_gattc_process_indicate, ignore HID ind/notificiation
12-17 17:38:14.135  1418  1529 D BtGatt.GattService: onNotify() - address=CC:D3:1E:68:ED:B8, handle=42, length=3
12-17 17:38:14.135  2315  2354 D BluetoothDevice: mAddress: CC:D3:1E:68:ED:B8
12-17 17:38:14.138  2315 10502 D BluetoothDevice: mAddress: CC:D3:1E:68:ED:B8
12-17 17:38:14.138  2315 10502 D BluetoothGatt: configureMTU() - device: CC:D3:1E:68:ED:B8 mtu: 128
12-17 17:38:14.138  2315 10502 D BluetoothDevice: mAddress: CC:D3:1E:68:ED:B8
12-17 17:38:14.146   894   894 I ConfigStore: android::hardware::configstore::V1_0::ISurfaceFlingerConfigs::hasHDRDisplay retrieved: 0
12-17 17:38:14.163   894   894 I chatty  : uid=1000(system) /system/bin/surfaceflinger identical 8 lines
12-17 17:38:14.163   894   894 I ConfigStore: android::hardware::configstore::V1_0::ISurfaceFlingerConfigs::hasHDRDisplay retrieved: 0
12-17 17:38:14.174   670  2270 I vendor.qti.bluetooth@1.0-ibs_handler: ProcessIbsCmd: Received IBS_SLEEP_IND: 0xFE
12-17 17:38:14.176   670  2270 I vendor.qti.bluetooth@1.0-ibs_handler: ProcessIbsCmd: Received IBS_WAKE_IND: 0xFD
12-17 17:38:14.177   670  2270 I vendor.qti.bluetooth@1.0-ibs_handler: ProcessIbsCmd: Writing IBS_WAKE_ACK
12-17 17:38:14.179   894   894 I ConfigStore: android::hardware::configstore::V1_0::ISurfaceFlingerConfigs::hasHDRDisplay retrieved: 0
12-17 17:38:14.214   894   894 I chatty  : uid=1000(system) /system/bin/surfaceflinger identical 13 lines
12-17 17:38:14.214   894   894 I ConfigStore: android::hardware::configstore::V1_0::ISurfaceFlingerConfigs::hasHDRDisplay retrieved: 0
12-17 17:38:14.217   670  2270 I vendor.qti.bluetooth@1.0-ibs_handler: ProcessIbsCmd: Received IBS_SLEEP_IND: 0xFE
12-17 17:38:14.221   670  2270 I vendor.qti.bluetooth@1.0-ibs_handler: ProcessIbsCmd: Received IBS_WAKE_IND: 0xFD
12-17 17:38:14.221   670  2270 I vendor.qti.bluetooth@1.0-ibs_handler: ProcessIbsCmd: Writing IBS_WAKE_ACK
12-17 17:38:14.222  1418  2277 E bt_btm  : BTM_SetBleDataLength failed, peer does not support request
12-17 17:38:14.222  2315  2354 D BluetoothGatt: onConfigureMTU() - Device=CC:D3:1E:68:ED:B8 mtu=128 status=0
12-17 17:38:14.222  2315  2354 D BluetoothDevice: mAddress: CC:D3:1E:68:ED:B8
12-17 17:38:14.229   894   894 I ConfigStore: android::hardware::configstore::V1_0::ISurfaceFlingerConfigs::hasHDRDisplay retrieved: 0
12-17 17:38:14.247   894   894 I chatty  : uid=1000(system) /system/bin/surfaceflinger identical 8 lines
12-17 17:38:14.247   894   894 I ConfigStore: android::hardware::configstore::V1_0::ISurfaceFlingerConfigs::hasHDRDisplay retrieved: 0
12-17 17:38:14.262   670  2270 I vendor.qti.bluetooth@1.0-ibs_handler: ProcessIbsCmd: Received IBS_SLEEP_IND: 0xFE
12-17 17:38:14.262   894   894 I ConfigStore: android::hardware::configstore::V1_0::ISurfaceFlingerConfigs::hasHDRDisplay retrieved: 0
12-17 17:38:14.297   894   894 I chatty  : uid=1000(system) /system/bin/surfaceflinger identical 13 lines
12-17 17:38:14.297   894   894 I ConfigStore: android::hardware::configstore::V1_0::ISurfaceFlingerConfigs::hasHDRDisplay retrieved: 0
12-17 17:38:14.312   670  2270 I vendor.qti.bluetooth@1.0-ibs_handler: ProcessIbsCmd: Received IBS_WAKE_IND: 0xFD
12-17 17:38:14.312   670  2270 I vendor.qti.bluetooth@1.0-ibs_handler: ProcessIbsCmd: Writing IBS_WAKE_ACK
12-17 17:38:14.312   894   894 I ConfigStore: android::hardware::configstore::V1_0::ISurfaceFlingerConfigs::hasHDRDisplay retrieved: 0
12-17 17:38:14.313  2315  2354 D BluetoothGatt: onConnectionUpdated() - Device=CC:D3:1E:68:ED:B8 interval=12 latency=0 timeout=2000 status=0
12-17 17:38:14.313  2315  2354 D BluetoothDevice: mAddress: CC:D3:1E:68:ED:B8
12-17 17:38:14.313   894   894 I ConfigStore: android::hardware::configstore::V1_0::ISurfaceFlingerConfigs::hasHDRDisplay retrieved: 0
12-17 17:38:14.347   894   894 I chatty  : uid=1000(system) /system/bin/surfaceflinger identical 12 lines
12-17 17:38:14.347   894   894 I ConfigStore: android::hardware::configstore::V1_0::ISurfaceFlingerConfigs::hasHDRDisplay retrieved: 0
12-17 17:38:14.352   670  2270 I vendor.qti.bluetooth@1.0-ibs_handler: ProcessIbsCmd: Received IBS_SLEEP_IND: 0xFE
12-17 17:38:14.362   894   894 I ConfigStore: android::hardware::configstore::V1_0::ISurfaceFlingerConfigs::hasHDRDisplay retrieved: 0
12-17 17:38:14.480   894   894 I chatty  : uid=1000(system) /system/bin/surfaceflinger identical 38 lines
12-17 17:38:14.480   894   894 I ConfigStore: android::hardware::configstore::V1_0::ISurfaceFlingerConfigs::hasHDRDisplay retrieved: 0
12-17 17:38:14.491   667  3570 D audio_hw_primary: out_standby: enter: stream (0xec1fb800) usecase(0: deep-buffer-playback)
12-17 17:38:14.496   894   894 I ConfigStore: android::hardware::configstore::V1_0::ISurfaceFlingerConfigs::hasHDRDisplay retrieved: 0
12-17 17:38:14.697   894   894 I chatty  : uid=1000(system) /system/bin/surfaceflinger identical 63 lines
12-17 17:38:14.697   894   894 I ConfigStore: android::hardware::configstore::V1_0::ISurfaceFlingerConfigs::hasHDRDisplay retrieved: 0
12-17 17:38:14.704   667  3570 D audio_hw_primary: disable_audio_route: reset and update mixer path: deep-buffer-playback
12-17 17:38:14.705   667  3570 D soundtrigger: audio_extn_sound_trigger_update_stream_status: uc_info->id 0 of type 0 for Event 2, with Raise=1
12-17 17:38:14.705   667  3570 I sound_trigger_platform: platform_stdev_check_and_update_concurrency: Received STREAM event, event type 2, usecase type 0
12-17 17:38:14.705   667  3570 D sound_trigger_platform: platform_stdev_check_and_update_concurrency: dedicated path 0, reset backend 1, tx 0, rx 0,concurrency session allowed
